<?xml version="1.0" encoding="ISO-8859-1" ?>
<link_info>
   <banner>TMS320C2000 Linker PC v18.12.3.LTS</banner>
   <copyright>Copyright (c) 1996-2018 Texas Instruments Incorporated</copyright>
   <link_time>0x5f516c50</link_time>
   <link_errors>0x1</link_errors>
   <output_file>Fresh_Start 2.out</output_file>
   <entry_point>
      <name>code_start</name>
      <address>0x0</address>
   </entry_point>
   <input_file_list>
      <input_file id="fl-2">
         <path>.\</path>
         <kind>object</kind>
         <file>F2837xD_CodeStartBranch.obj</file>
         <name>F2837xD_CodeStartBranch.obj</name>
      </input_file>
      <input_file id="fl-3">
         <path>.\</path>
         <kind>object</kind>
         <file>F2837xD_DefaultISR.obj</file>
         <name>F2837xD_DefaultISR.obj</name>
      </input_file>
      <input_file id="fl-4">
         <path>.\</path>
         <kind>object</kind>
         <file>F2837xD_GlobalVariableDefs.obj</file>
         <name>F2837xD_GlobalVariableDefs.obj</name>
      </input_file>
      <input_file id="fl-5">
         <path>.\</path>
         <kind>object</kind>
         <file>F2837xD_Gpio.obj</file>
         <name>F2837xD_Gpio.obj</name>
      </input_file>
      <input_file id="fl-6">
         <path>.\</path>
         <kind>object</kind>
         <file>F2837xD_Ipc.obj</file>
         <name>F2837xD_Ipc.obj</name>
      </input_file>
      <input_file id="fl-7">
         <path>.\</path>
         <kind>object</kind>
         <file>F2837xD_PieCtrl.obj</file>
         <name>F2837xD_PieCtrl.obj</name>
      </input_file>
      <input_file id="fl-8">
         <path>.\</path>
         <kind>object</kind>
         <file>F2837xD_PieVect.obj</file>
         <name>F2837xD_PieVect.obj</name>
      </input_file>
      <input_file id="fl-9">
         <path>.\</path>
         <kind>object</kind>
         <file>F2837xD_SysCtrl.obj</file>
         <name>F2837xD_SysCtrl.obj</name>
      </input_file>
      <input_file id="fl-a">
         <path>.\</path>
         <kind>object</kind>
         <file>F2837xD_usDelay.obj</file>
         <name>F2837xD_usDelay.obj</name>
      </input_file>
      <input_file id="fl-b">
         <path>.\</path>
         <kind>object</kind>
         <file>main.obj</file>
         <name>main.obj</name>
      </input_file>
      <input_file id="fl-c">
         <path>.\Functions\</path>
         <kind>object</kind>
         <file>Analog In.obj</file>
         <name>Analog In.obj</name>
      </input_file>
      <input_file id="fl-d">
         <path>.\Functions\</path>
         <kind>object</kind>
         <file>Analog Out.obj</file>
         <name>Analog Out.obj</name>
      </input_file>
      <input_file id="fl-e">
         <path>.\Functions\</path>
         <kind>object</kind>
         <file>Assorted Macros.obj</file>
         <name>Assorted Macros.obj</name>
      </input_file>
      <input_file id="fl-f">
         <path>.\Functions\</path>
         <kind>object</kind>
         <file>AutoPlusMinus.obj</file>
         <name>AutoPlusMinus.obj</name>
      </input_file>
      <input_file id="fl-10">
         <path>.\Functions\</path>
         <kind>object</kind>
         <file>BabySteps.obj</file>
         <name>BabySteps.obj</name>
      </input_file>
      <input_file id="fl-11">
         <path>.\Functions\</path>
         <kind>object</kind>
         <file>DAC.obj</file>
         <name>DAC.obj</name>
      </input_file>
      <input_file id="fl-12">
         <path>.\Functions\</path>
         <kind>object</kind>
         <file>DebugGet.obj</file>
         <name>DebugGet.obj</name>
      </input_file>
      <input_file id="fl-13">
         <path>.\Functions\</path>
         <kind>object</kind>
         <file>DebugSet.obj</file>
         <name>DebugSet.obj</name>
      </input_file>
      <input_file id="fl-14">
         <path>.\Functions\</path>
         <kind>object</kind>
         <file>Deposition.obj</file>
         <name>Deposition.obj</name>
      </input_file>
      <input_file id="fl-15">
         <path>.\Functions\</path>
         <kind>object</kind>
         <file>GiantStep.obj</file>
         <name>GiantStep.obj</name>
      </input_file>
      <input_file id="fl-16">
         <path>.\Functions\</path>
         <kind>object</kind>
         <file>HighResOut.obj</file>
         <name>HighResOut.obj</name>
      </input_file>
      <input_file id="fl-17">
         <path>.\Functions\</path>
         <kind>object</kind>
         <file>Hop.obj</file>
         <name>Hop.obj</name>
      </input_file>
      <input_file id="fl-18">
         <path>.\Functions\</path>
         <kind>object</kind>
         <file>Parabola.obj</file>
         <name>Parabola.obj</name>
      </input_file>
      <input_file id="fl-19">
         <path>.\Functions\</path>
         <kind>object</kind>
         <file>PinInit.obj</file>
         <name>PinInit.obj</name>
      </input_file>
      <input_file id="fl-1a">
         <path>.\Functions\</path>
         <kind>object</kind>
         <file>Ramp.obj</file>
         <name>Ramp.obj</name>
      </input_file>
      <input_file id="fl-1b">
         <path>.\Functions\</path>
         <kind>object</kind>
         <file>RampDiag.obj</file>
         <name>RampDiag.obj</name>
      </input_file>
      <input_file id="fl-1c">
         <path>.\Functions\</path>
         <kind>object</kind>
         <file>ReadSeq.obj</file>
         <name>ReadSeq.obj</name>
      </input_file>
      <input_file id="fl-1d">
         <path>.\Functions\</path>
         <kind>object</kind>
         <file>ScanLine.obj</file>
         <name>ScanLine.obj</name>
      </input_file>
      <input_file id="fl-1e">
         <path>.\Functions\</path>
         <kind>object</kind>
         <file>Serial In.obj</file>
         <name>Serial In.obj</name>
      </input_file>
      <input_file id="fl-1f">
         <path>.\Functions\</path>
         <kind>object</kind>
         <file>Serial Out.obj</file>
         <name>Serial Out.obj</name>
      </input_file>
      <input_file id="fl-20">
         <path>.\Functions\</path>
         <kind>object</kind>
         <file>Spec.obj</file>
         <name>Spec.obj</name>
      </input_file>
      <input_file id="fl-21">
         <path>.\Functions\</path>
         <kind>object</kind>
         <file>Square.obj</file>
         <name>Square.obj</name>
      </input_file>
      <input_file id="fl-22">
         <path>.\Functions\</path>
         <kind>object</kind>
         <file>TipApproach.obj</file>
         <name>TipApproach.obj</name>
      </input_file>
      <input_file id="fl-23">
         <path>.\Functions\</path>
         <kind>object</kind>
         <file>Track.obj</file>
         <name>Track.obj</name>
      </input_file>
      <input_file id="fl-24">
         <path>.\Functions\</path>
         <kind>object</kind>
         <file>UserDelay.obj</file>
         <name>UserDelay.obj</name>
      </input_file>
      <input_file id="fl-25">
         <path>.\Functions\</path>
         <kind>object</kind>
         <file>UserDelayLong.obj</file>
         <name>UserDelayLong.obj</name>
      </input_file>
      <input_file id="fl-26">
         <path>.\Functions\</path>
         <kind>object</kind>
         <file>Version.obj</file>
         <name>Version.obj</name>
      </input_file>
      <input_file id="fl-2c">
         <kind>object</kind>
         <file>&lt;internal&gt;</file>
         <name>&lt;internal&gt;</name>
      </input_file>
      <input_file id="fl-2d">
         <path>C:\ti\ccs920\ccs\tools\compiler\ti-cgt-c2000_18.12.3.LTS\lib\</path>
         <kind>archive</kind>
         <file>rts2800_fpu32.lib</file>
         <name>boot28.asm.obj</name>
      </input_file>
      <input_file id="fl-2e">
         <path>C:\ti\ccs920\ccs\tools\compiler\ti-cgt-c2000_18.12.3.LTS\lib\</path>
         <kind>archive</kind>
         <file>rts2800_fpu32.lib</file>
         <name>fd_mpy28.asm.obj</name>
      </input_file>
      <input_file id="fl-2f">
         <path>C:\ti\ccs920\ccs\tools\compiler\ti-cgt-c2000_18.12.3.LTS\lib\</path>
         <kind>archive</kind>
         <file>rts2800_fpu32.lib</file>
         <name>fd_sub28.asm.obj</name>
      </input_file>
      <input_file id="fl-30">
         <path>C:\ti\ccs920\ccs\tools\compiler\ti-cgt-c2000_18.12.3.LTS\lib\</path>
         <kind>archive</kind>
         <file>rts2800_fpu32.lib</file>
         <name>fd_tol28.asm.obj</name>
      </input_file>
      <input_file id="fl-31">
         <path>C:\ti\ccs920\ccs\tools\compiler\ti-cgt-c2000_18.12.3.LTS\lib\</path>
         <kind>archive</kind>
         <file>rts2800_fpu32.lib</file>
         <name>fs_div28.asm.obj</name>
      </input_file>
      <input_file id="fl-32">
         <path>C:\ti\ccs920\ccs\tools\compiler\ti-cgt-c2000_18.12.3.LTS\lib\</path>
         <kind>archive</kind>
         <file>rts2800_fpu32.lib</file>
         <name>ll_aox28.asm.obj</name>
      </input_file>
      <input_file id="fl-33">
         <path>C:\ti\ccs920\ccs\tools\compiler\ti-cgt-c2000_18.12.3.LTS\lib\</path>
         <kind>archive</kind>
         <file>rts2800_fpu32.lib</file>
         <name>u_tofd28.asm.obj</name>
      </input_file>
      <input_file id="fl-34">
         <path>C:\ti\ccs920\ccs\tools\compiler\ti-cgt-c2000_18.12.3.LTS\lib\</path>
         <kind>archive</kind>
         <file>rts2800_fpu32.lib</file>
         <name>ul_tofd28.asm.obj</name>
      </input_file>
      <input_file id="fl-35">
         <path>C:\ti\ccs920\ccs\tools\compiler\ti-cgt-c2000_18.12.3.LTS\lib\</path>
         <kind>archive</kind>
         <file>rts2800_fpu32.lib</file>
         <name>fd_div28.asm.obj</name>
      </input_file>
      <input_file id="fl-36">
         <path>C:\ti\ccs920\ccs\tools\compiler\ti-cgt-c2000_18.12.3.LTS\lib\</path>
         <kind>archive</kind>
         <file>rts2800_fpu32.lib</file>
         <name>cpy_tbl.c.obj</name>
      </input_file>
      <input_file id="fl-37">
         <path>C:\ti\ccs920\ccs\tools\compiler\ti-cgt-c2000_18.12.3.LTS\lib\</path>
         <kind>archive</kind>
         <file>rts2800_fpu32.lib</file>
         <name>memcpy.c.obj</name>
      </input_file>
      <input_file id="fl-38">
         <path>C:\ti\ccs920\ccs\tools\compiler\ti-cgt-c2000_18.12.3.LTS\lib\</path>
         <kind>archive</kind>
         <file>rts2800_fpu32.lib</file>
         <name>pre_init.c.obj</name>
      </input_file>
      <input_file id="fl-39">
         <path>C:\ti\ccs920\ccs\tools\compiler\ti-cgt-c2000_18.12.3.LTS\lib\</path>
         <kind>archive</kind>
         <file>rts2800_fpu32.lib</file>
         <name>startup.c.obj</name>
      </input_file>
      <input_file id="fl-3a">
         <path>C:\ti\ccs920\ccs\tools\compiler\ti-cgt-c2000_18.12.3.LTS\lib\</path>
         <kind>archive</kind>
         <file>rts2800_fpu32.lib</file>
         <name>exit.c.obj</name>
      </input_file>
      <input_file id="fl-3b">
         <path>C:\ti\ccs920\ccs\tools\compiler\ti-cgt-c2000_18.12.3.LTS\lib\</path>
         <kind>archive</kind>
         <file>rts2800_fpu32.lib</file>
         <name>_lock.c.obj</name>
      </input_file>
      <input_file id="fl-3c">
         <path>C:\ti\ccs920\ccs\tools\compiler\ti-cgt-c2000_18.12.3.LTS\lib\</path>
         <kind>archive</kind>
         <file>rts2800_fpu32.lib</file>
         <name>args_main.c.obj</name>
      </input_file>
      <input_file id="fl-3d">
         <path>C:\ti\ccs920\ccs\tools\compiler\ti-cgt-c2000_18.12.3.LTS\lib\</path>
         <kind>archive</kind>
         <file>rts2800_fpu32.lib</file>
         <name>memory.c.obj</name>
      </input_file>
      <input_file id="fl-3e">
         <path>C:\ti\ccs920\ccs\tools\compiler\ti-cgt-c2000_18.12.3.LTS\lib\</path>
         <kind>archive</kind>
         <file>rts2800_fpu32.lib</file>
         <name>memset.c.obj</name>
      </input_file>
      <input_file id="fl-3f">
         <path>C:\ti\ccs920\ccs\tools\compiler\ti-cgt-c2000_18.12.3.LTS\lib\</path>
         <kind>archive</kind>
         <file>rts2800_fpu32.lib</file>
         <name>clock.c.obj</name>
      </input_file>
      <input_file id="fl-40">
         <path>C:\ti\ccs920\ccs\tools\compiler\ti-cgt-c2000_18.12.3.LTS\lib\</path>
         <kind>archive</kind>
         <file>rts2800_fpu32.lib</file>
         <name>fd_add28.asm.obj</name>
      </input_file>
      <input_file id="fl-41">
         <path>C:\ti\ccs920\ccs\tools\compiler\ti-cgt-c2000_18.12.3.LTS\lib\</path>
         <kind>archive</kind>
         <file>rts2800_fpu32.lib</file>
         <name>hostclock.c.obj</name>
      </input_file>
      <input_file id="fl-42">
         <path>C:\ti\ccs920\ccs\tools\compiler\ti-cgt-c2000_18.12.3.LTS\lib\</path>
         <kind>archive</kind>
         <file>rts2800_fpu32.lib</file>
         <name>hostopen.c.obj</name>
      </input_file>
      <input_file id="fl-43">
         <path>C:\ti\ccs920\ccs\tools\compiler\ti-cgt-c2000_18.12.3.LTS\lib\</path>
         <kind>archive</kind>
         <file>rts2800_fpu32.lib</file>
         <name>trgmsg.c.obj</name>
      </input_file>
      <input_file id="fl-44">
         <path>C:\ti\ccs920\ccs\tools\compiler\ti-cgt-c2000_18.12.3.LTS\lib\</path>
         <kind>archive</kind>
         <file>rts2800_fpu32.lib</file>
         <name>strlen.c.obj</name>
      </input_file>
   </input_file_list>
   <object_component_list>
      <object_component id="oc-84">
         <name>codestart</name>
         <load_address>0x0</load_address>
         <run_address>0x0</run_address>
         <size>0x2</size>
         <input_file_ref idref="fl-2"/>
      </object_component>
      <object_component id="oc-243">
         <name>.text</name>
         <load_address>0x8000</load_address>
         <run_address>0x8000</run_address>
         <size>0x48f</size>
         <input_file_ref idref="fl-9"/>
      </object_component>
      <object_component id="oc-240">
         <name>.text</name>
         <load_address>0x848f</load_address>
         <run_address>0x848f</run_address>
         <size>0x2f8</size>
         <input_file_ref idref="fl-b"/>
      </object_component>
      <object_component id="oc-263">
         <name>.text</name>
         <load_address>0x8787</load_address>
         <run_address>0x8787</run_address>
         <size>0x75</size>
         <input_file_ref idref="fl-1f"/>
      </object_component>
      <object_component id="oc-23c">
         <name>.text</name>
         <load_address>0x87fc</load_address>
         <run_address>0x87fc</run_address>
         <size>0x1</size>
         <input_file_ref idref="fl-39"/>
      </object_component>
      <object_component id="oc-25b">
         <name>.text</name>
         <load_address>0x8800</load_address>
         <run_address>0x8800</run_address>
         <size>0x25f</size>
         <input_file_ref idref="fl-14"/>
      </object_component>
      <object_component id="oc-244">
         <name>.text</name>
         <load_address>0x8a5f</load_address>
         <run_address>0x8a5f</run_address>
         <size>0x244</size>
         <input_file_ref idref="fl-5"/>
      </object_component>
      <object_component id="oc-24f">
         <name>.text</name>
         <load_address>0x8ca3</load_address>
         <run_address>0x8ca3</run_address>
         <size>0x1e4</size>
         <input_file_ref idref="fl-1a"/>
      </object_component>
      <object_component id="oc-255">
         <name>.text</name>
         <load_address>0x8e87</load_address>
         <run_address>0x8e87</run_address>
         <size>0x15a</size>
         <input_file_ref idref="fl-1d"/>
      </object_component>
      <object_component id="oc-1ca">
         <name>.text</name>
         <load_address>0x8fe1</load_address>
         <run_address>0x8fe1</run_address>
         <size>0x1f</size>
         <input_file_ref idref="fl-30"/>
      </object_component>
      <object_component id="oc-25a">
         <name>.text</name>
         <load_address>0x9000</load_address>
         <run_address>0x9000</run_address>
         <size>0x1cf</size>
         <input_file_ref idref="fl-17"/>
      </object_component>
      <object_component id="oc-252">
         <name>.text</name>
         <load_address>0x91cf</load_address>
         <run_address>0x91cf</run_address>
         <size>0x1ba</size>
         <input_file_ref idref="fl-15"/>
      </object_component>
      <object_component id="oc-259">
         <name>.text</name>
         <load_address>0x9389</load_address>
         <run_address>0x9389</run_address>
         <size>0x186</size>
         <input_file_ref idref="fl-1b"/>
      </object_component>
      <object_component id="oc-256">
         <name>.text</name>
         <load_address>0x950f</load_address>
         <run_address>0x950f</run_address>
         <size>0x183</size>
         <input_file_ref idref="fl-23"/>
      </object_component>
      <object_component id="oc-257">
         <name>.text</name>
         <load_address>0x9692</load_address>
         <run_address>0x9692</run_address>
         <size>0x151</size>
         <input_file_ref idref="fl-1c"/>
      </object_component>
      <object_component id="oc-23f">
         <name>.text</name>
         <load_address>0x97e3</load_address>
         <run_address>0x97e3</run_address>
         <size>0x1d</size>
         <input_file_ref idref="fl-37"/>
      </object_component>
      <object_component id="oc-258">
         <name>.text</name>
         <load_address>0x9800</load_address>
         <run_address>0x9800</run_address>
         <size>0x151</size>
         <input_file_ref idref="fl-20"/>
      </object_component>
      <object_component id="oc-24c">
         <name>.text</name>
         <load_address>0x9951</load_address>
         <run_address>0x9951</run_address>
         <size>0x121</size>
         <input_file_ref idref="fl-c"/>
      </object_component>
      <object_component id="oc-254">
         <name>.text</name>
         <load_address>0x9a72</load_address>
         <run_address>0x9a72</run_address>
         <size>0x10b</size>
         <input_file_ref idref="fl-16"/>
      </object_component>
      <object_component id="oc-24d">
         <name>.text</name>
         <load_address>0x9b7d</load_address>
         <run_address>0x9b7d</run_address>
         <size>0xc7</size>
         <input_file_ref idref="fl-d"/>
      </object_component>
      <object_component id="oc-251">
         <name>.text</name>
         <load_address>0x9c44</load_address>
         <run_address>0x9c44</run_address>
         <size>0xc2</size>
         <input_file_ref idref="fl-22"/>
      </object_component>
      <object_component id="oc-24b">
         <name>.text</name>
         <load_address>0x9d06</load_address>
         <run_address>0x9d06</run_address>
         <size>0xad</size>
         <input_file_ref idref="fl-24"/>
      </object_component>
      <object_component id="oc-245">
         <name>.text</name>
         <load_address>0x9db3</load_address>
         <run_address>0x9db3</run_address>
         <size>0x9f</size>
         <input_file_ref idref="fl-19"/>
      </object_component>
      <object_component id="oc-250">
         <name>.text</name>
         <load_address>0x9e52</load_address>
         <run_address>0x9e52</run_address>
         <size>0x9c</size>
         <input_file_ref idref="fl-21"/>
      </object_component>
      <object_component id="oc-220">
         <name>.text</name>
         <load_address>0x9eee</load_address>
         <run_address>0x9eee</run_address>
         <size>0x9c</size>
         <input_file_ref idref="fl-40"/>
      </object_component>
      <object_component id="oc-1b9">
         <name>.text</name>
         <load_address>0x9f8a</load_address>
         <run_address>0x9f8a</run_address>
         <size>0x56</size>
         <input_file_ref idref="fl-2d"/>
      </object_component>
      <object_component id="oc-25d">
         <name>.text</name>
         <load_address>0x9fe0</load_address>
         <run_address>0x9fe0</run_address>
         <size>0x1e</size>
         <input_file_ref idref="fl-13"/>
      </object_component>
      <object_component id="oc-253">
         <name>.text</name>
         <load_address>0xa000</load_address>
         <run_address>0xa000</run_address>
         <size>0x99</size>
         <input_file_ref idref="fl-f"/>
      </object_component>
      <object_component id="oc-26b">
         <name>.text</name>
         <load_address>0xa09a</load_address>
         <run_address>0xa09a</run_address>
         <size>0x95</size>
         <input_file_ref idref="fl-43"/>
      </object_component>
      <object_component id="oc-1e3">
         <name>.text</name>
         <load_address>0xa12f</load_address>
         <run_address>0xa12f</run_address>
         <size>0x8b</size>
         <input_file_ref idref="fl-35"/>
      </object_component>
      <object_component id="oc-1cf">
         <name>.text</name>
         <load_address>0xa1ba</load_address>
         <run_address>0xa1ba</run_address>
         <size>0x88</size>
         <input_file_ref idref="fl-31"/>
      </object_component>
      <object_component id="oc-1c0">
         <name>.text</name>
         <load_address>0xa242</load_address>
         <run_address>0xa242</run_address>
         <size>0x83</size>
         <input_file_ref idref="fl-2e"/>
      </object_component>
      <object_component id="oc-265">
         <name>.text</name>
         <load_address>0xa2c5</load_address>
         <run_address>0xa2c5</run_address>
         <size>0x7e</size>
         <input_file_ref idref="fl-10"/>
      </object_component>
      <object_component id="oc-266">
         <name>.text</name>
         <load_address>0xa343</load_address>
         <run_address>0xa343</run_address>
         <size>0x4f</size>
         <input_file_ref idref="fl-18"/>
      </object_component>
      <object_component id="oc-269">
         <name>.text</name>
         <load_address>0xa392</load_address>
         <run_address>0xa392</run_address>
         <size>0x36</size>
         <input_file_ref idref="fl-41"/>
      </object_component>
      <object_component id="oc-23e">
         <name>.text</name>
         <load_address>0xa3c8</load_address>
         <run_address>0xa3c8</run_address>
         <size>0x29</size>
         <input_file_ref idref="fl-3a"/>
      </object_component>
      <object_component id="oc-246">
         <name>.text</name>
         <load_address>0xa3f1</load_address>
         <run_address>0xa3f1</run_address>
         <size>0x28</size>
         <input_file_ref idref="fl-7"/>
      </object_component>
      <object_component id="oc-264">
         <name>.text</name>
         <load_address>0xa419</load_address>
         <run_address>0xa419</run_address>
         <size>0x27</size>
         <input_file_ref idref="fl-e"/>
      </object_component>
      <object_component id="oc-247">
         <name>.text</name>
         <load_address>0xa440</load_address>
         <run_address>0xa440</run_address>
         <size>0x26</size>
         <input_file_ref idref="fl-8"/>
      </object_component>
      <object_component id="oc-23b">
         <name>.text</name>
         <load_address>0xa466</load_address>
         <run_address>0xa466</run_address>
         <size>0x24</size>
         <input_file_ref idref="fl-36"/>
      </object_component>
      <object_component id="oc-23d">
         <name>.text</name>
         <load_address>0xa48a</load_address>
         <run_address>0xa48a</run_address>
         <size>0x19</size>
         <input_file_ref idref="fl-3c"/>
      </object_component>
      <object_component id="oc-24e">
         <name>.text</name>
         <load_address>0xa4a3</load_address>
         <run_address>0xa4a3</run_address>
         <size>0x18</size>
         <input_file_ref idref="fl-26"/>
      </object_component>
      <object_component id="oc-1d4">
         <name>.text</name>
         <load_address>0xa4bb</load_address>
         <run_address>0xa4bb</run_address>
         <size>0x18</size>
         <input_file_ref idref="fl-32"/>
      </object_component>
      <object_component id="oc-1d9">
         <name>.text</name>
         <load_address>0xa4d3</load_address>
         <run_address>0xa4d3</run_address>
         <size>0x17</size>
         <input_file_ref idref="fl-33"/>
      </object_component>
      <object_component id="oc-1de">
         <name>.text</name>
         <load_address>0xa4ea</load_address>
         <run_address>0xa4ea</run_address>
         <size>0x16</size>
         <input_file_ref idref="fl-34"/>
      </object_component>
      <object_component id="oc-1c5">
         <name>.text</name>
         <load_address>0xa500</load_address>
         <run_address>0xa500</run_address>
         <size>0xe</size>
         <input_file_ref idref="fl-2f"/>
      </object_component>
      <object_component id="oc-25e">
         <name>.text</name>
         <load_address>0xa50e</load_address>
         <run_address>0xa50e</run_address>
         <size>0x9</size>
         <input_file_ref idref="fl-3b"/>
      </object_component>
      <object_component id="oc-249">
         <name>.text</name>
         <load_address>0xa517</load_address>
         <run_address>0xa517</run_address>
         <size>0x8</size>
         <input_file_ref idref="fl-1e"/>
      </object_component>
      <object_component id="oc-262">
         <name>.text</name>
         <load_address>0xa51f</load_address>
         <run_address>0xa51f</run_address>
         <size>0x7</size>
         <input_file_ref idref="fl-3e"/>
      </object_component>
      <object_component id="oc-8a">
         <name>.text:retain</name>
         <load_address>0xb000</load_address>
         <run_address>0xb000</run_address>
         <size>0x585</size>
         <input_file_ref idref="fl-3"/>
      </object_component>
      <object_component id="oc-24a">
         <name>.text</name>
         <load_address>0xb585</load_address>
         <run_address>0xb585</run_address>
         <size>0x266</size>
         <input_file_ref idref="fl-3d"/>
      </object_component>
      <object_component id="oc-25c">
         <name>.text</name>
         <load_address>0xb7eb</load_address>
         <run_address>0xb7eb</run_address>
         <size>0x10</size>
         <input_file_ref idref="fl-12"/>
      </object_component>
      <object_component id="oc-268">
         <name>.text</name>
         <load_address>0xb7fb</load_address>
         <run_address>0xb7fb</run_address>
         <size>0x3</size>
         <input_file_ref idref="fl-3f"/>
      </object_component>
      <object_component id="oc-23a">
         <name>.text</name>
         <load_address>0xb7fe</load_address>
         <run_address>0xb7fe</run_address>
         <size>0x2</size>
         <input_file_ref idref="fl-38"/>
      </object_component>
      <object_component id="oc-19b">
         <name>.cinit</name>
         <load_address>0x122</load_address>
         <run_address>0x122</run_address>
         <size>0x1b</size>
         <input_file_ref idref="fl-22"/>
      </object_component>
      <object_component id="oc-1fd">
         <name>.cinit</name>
         <load_address>0x13d</load_address>
         <run_address>0x13d</run_address>
         <size>0xe</size>
         <input_file_ref idref="fl-3a"/>
      </object_component>
      <object_component id="oc-117">
         <name>.cinit</name>
         <load_address>0x14b</load_address>
         <run_address>0x14b</run_address>
         <size>0x8</size>
         <input_file_ref idref="fl-c"/>
      </object_component>
      <object_component id="oc-242">
         <name>.cinit:__lock</name>
         <load_address>0x153</load_address>
         <run_address>0x153</run_address>
         <size>0x5</size>
         <input_file_ref idref="fl-3b"/>
      </object_component>
      <object_component id="oc-25f">
         <name>.cinit:__unlock</name>
         <load_address>0x158</load_address>
         <run_address>0x158</run_address>
         <size>0x5</size>
         <input_file_ref idref="fl-3b"/>
      </object_component>
      <object_component id="oc-12e">
         <name>.cinit</name>
         <load_address>0x15d</load_address>
         <run_address>0x15d</run_address>
         <size>0x4</size>
         <input_file_ref idref="fl-10"/>
      </object_component>
      <object_component id="oc-15d">
         <name>.cinit</name>
         <load_address>0x161</load_address>
         <run_address>0x161</run_address>
         <size>0x4</size>
         <input_file_ref idref="fl-18"/>
      </object_component>
      <object_component id="oc-169">
         <name>.cinit</name>
         <load_address>0x165</load_address>
         <run_address>0x165</run_address>
         <size>0x4</size>
         <input_file_ref idref="fl-1a"/>
      </object_component>
      <object_component id="oc-177">
         <name>.cinit</name>
         <load_address>0x169</load_address>
         <run_address>0x169</run_address>
         <size>0x4</size>
         <input_file_ref idref="fl-1c"/>
      </object_component>
      <object_component id="oc-17e">
         <name>.cinit</name>
         <load_address>0x16d</load_address>
         <run_address>0x16d</run_address>
         <size>0x4</size>
         <input_file_ref idref="fl-1d"/>
      </object_component>
      <object_component id="oc-20e">
         <name>.cinit</name>
         <load_address>0x171</load_address>
         <run_address>0x171</run_address>
         <size>0x4</size>
         <input_file_ref idref="fl-3d"/>
      </object_component>
      <object_component id="oc-1bb">
         <name>.reset</name>
         <load_address>0x3fffc0</load_address>
         <run_address>0x3fffc0</run_address>
         <size>0x2</size>
         <input_file_ref idref="fl-2d"/>
      </object_component>
      <object_component id="oc-1ba">
         <name>.stack</name>
         <uninitialized>true</uninitialized>
         <run_address>0x400</run_address>
         <size>0x0</size>
         <input_file_ref idref="fl-2d"/>
      </object_component>
      <object_component id="oc-2f7">
         <name>.stack</name>
         <uninitialized>true</uninitialized>
         <run_address>0x400</run_address>
         <size>0x0</size>
      </object_component>
      <object_component id="oc-111">
         <name>.ebss</name>
         <uninitialized>true</uninitialized>
         <run_address>0x11d2</run_address>
         <size>0x1</size>
         <input_file_ref idref="fl-b"/>
      </object_component>
      <object_component id="oc-118">
         <name>.ebss</name>
         <uninitialized>true</uninitialized>
         <run_address>0x11be</run_address>
         <size>0x2</size>
         <input_file_ref idref="fl-c"/>
      </object_component>
      <object_component id="oc-248">
         <name>.ebss:_lastOutput</name>
         <uninitialized>true</uninitialized>
         <run_address>0x1066</run_address>
         <size>0x10</size>
         <input_file_ref idref="fl-d"/>
      </object_component>
      <object_component id="oc-128">
         <name>.ebss</name>
         <uninitialized>true</uninitialized>
         <run_address>0x11ce</run_address>
         <size>0x1</size>
         <input_file_ref idref="fl-f"/>
      </object_component>
      <object_component id="oc-12f">
         <name>.ebss</name>
         <uninitialized>true</uninitialized>
         <run_address>0x11cf</run_address>
         <size>0x1</size>
         <input_file_ref idref="fl-10"/>
      </object_component>
      <object_component id="oc-144">
         <name>.ebss</name>
         <uninitialized>true</uninitialized>
         <run_address>0x1042</run_address>
         <size>0x14</size>
         <input_file_ref idref="fl-14"/>
      </object_component>
      <object_component id="oc-151">
         <name>.ebss</name>
         <uninitialized>true</uninitialized>
         <run_address>0x11d0</run_address>
         <size>0x1</size>
         <input_file_ref idref="fl-16"/>
      </object_component>
      <object_component id="oc-157">
         <name>.ebss</name>
         <uninitialized>true</uninitialized>
         <run_address>0x1180</run_address>
         <size>0xe</size>
         <input_file_ref idref="fl-17"/>
      </object_component>
      <object_component id="oc-15e">
         <name>.ebss</name>
         <uninitialized>true</uninitialized>
         <run_address>0x11d1</run_address>
         <size>0x1</size>
         <input_file_ref idref="fl-18"/>
      </object_component>
      <object_component id="oc-16a">
         <name>.ebss</name>
         <uninitialized>true</uninitialized>
         <run_address>0x11a6</run_address>
         <size>0x8</size>
         <input_file_ref idref="fl-1a"/>
      </object_component>
      <object_component id="oc-171">
         <name>.ebss</name>
         <uninitialized>true</uninitialized>
         <run_address>0x1076</run_address>
         <size>0xa</size>
         <input_file_ref idref="fl-1b"/>
      </object_component>
      <object_component id="oc-178">
         <name>.ebss</name>
         <uninitialized>true</uninitialized>
         <run_address>0x0</run_address>
         <size>0x1042</size>
         <input_file_ref idref="fl-1c"/>
      </object_component>
      <object_component id="oc-267">
         <name>.ebss:_readSeqCommands</name>
         <uninitialized>true</uninitialized>
         <run_address>0x1080</run_address>
         <size>0x100</size>
         <input_file_ref idref="fl-1c"/>
      </object_component>
      <object_component id="oc-17f">
         <name>.ebss</name>
         <uninitialized>true</uninitialized>
         <run_address>0x1056</run_address>
         <size>0x10</size>
         <input_file_ref idref="fl-1d"/>
      </object_component>
      <object_component id="oc-18f">
         <name>.ebss</name>
         <uninitialized>true</uninitialized>
         <run_address>0x11ae</run_address>
         <size>0x8</size>
         <input_file_ref idref="fl-20"/>
      </object_component>
      <object_component id="oc-19c">
         <name>.ebss</name>
         <uninitialized>true</uninitialized>
         <run_address>0x118e</run_address>
         <size>0xe</size>
         <input_file_ref idref="fl-22"/>
      </object_component>
      <object_component id="oc-1a2">
         <name>.ebss</name>
         <uninitialized>true</uninitialized>
         <run_address>0x119c</run_address>
         <size>0xa</size>
         <input_file_ref idref="fl-23"/>
      </object_component>
      <object_component id="oc-1fe">
         <name>.ebss</name>
         <uninitialized>true</uninitialized>
         <run_address>0x11c0</run_address>
         <size>0x6</size>
         <input_file_ref idref="fl-3a"/>
      </object_component>
      <object_component id="oc-241">
         <name>.ebss:__lock</name>
         <uninitialized>true</uninitialized>
         <run_address>0x11ca</run_address>
         <size>0x2</size>
         <input_file_ref idref="fl-3b"/>
      </object_component>
      <object_component id="oc-261">
         <name>.ebss:__unlock</name>
         <uninitialized>true</uninitialized>
         <run_address>0x11cc</run_address>
         <size>0x2</size>
         <input_file_ref idref="fl-3b"/>
      </object_component>
      <object_component id="oc-20f">
         <name>.ebss</name>
         <uninitialized>true</uninitialized>
         <run_address>0x11c6</run_address>
         <size>0x4</size>
         <input_file_ref idref="fl-3d"/>
      </object_component>
      <object_component id="oc-26a">
         <name>.ebss:_parmbuf</name>
         <uninitialized>true</uninitialized>
         <run_address>0x11b6</run_address>
         <size>0x8</size>
         <input_file_ref idref="fl-42"/>
      </object_component>
      <object_component id="oc-260">
         <name>.econst:_PieVectTableInit</name>
         <load_address>0xac00</load_address>
         <run_address>0xac00</run_address>
         <size>0x1c0</size>
         <input_file_ref idref="fl-8"/>
      </object_component>
      <object_component id="oc-14b">
         <name>.econst</name>
         <load_address>0xadc0</load_address>
         <run_address>0xadc0</run_address>
         <size>0x10</size>
         <input_file_ref idref="fl-15"/>
      </object_component>
      <object_component id="oc-1b4">
         <name>.econst:.string</name>
         <load_address>0xadd0</load_address>
         <run_address>0xadd0</run_address>
         <size>0xd</size>
         <input_file_ref idref="fl-26"/>
      </object_component>
      <object_component id="oc-145">
         <name>.econst</name>
         <load_address>0xadde</load_address>
         <run_address>0xadde</run_address>
         <size>0xc</size>
         <input_file_ref idref="fl-14"/>
      </object_component>
      <object_component id="oc-16b">
         <name>.econst</name>
         <load_address>0xadea</load_address>
         <run_address>0xadea</run_address>
         <size>0xc</size>
         <input_file_ref idref="fl-1a"/>
      </object_component>
      <object_component id="oc-195">
         <name>.econst</name>
         <load_address>0xadf6</load_address>
         <run_address>0xadf6</run_address>
         <size>0xc</size>
         <input_file_ref idref="fl-21"/>
      </object_component>
      <object_component id="oc-1a8">
         <name>.econst</name>
         <load_address>0xae02</load_address>
         <run_address>0xae02</run_address>
         <size>0xc</size>
         <input_file_ref idref="fl-24"/>
      </object_component>
      <object_component id="oc-1ae">
         <name>.econst</name>
         <load_address>0xae0e</load_address>
         <run_address>0xae0e</run_address>
         <size>0xc</size>
         <input_file_ref idref="fl-25"/>
      </object_component>
      <object_component id="oc-21b">
         <name>.econst</name>
         <load_address>0xae1a</load_address>
         <run_address>0xae1a</run_address>
         <size>0x2</size>
         <input_file_ref idref="fl-3f"/>
      </object_component>
      <object_component id="oc-210">
         <name>.esysmem</name>
         <uninitialized>true</uninitialized>
         <run_address>0xa800</run_address>
         <size>0x4</size>
         <input_file_ref idref="fl-3d"/>
      </object_component>
      <object_component id="oc-2f8">
         <name>.esysmem</name>
         <uninitialized>true</uninitialized>
         <run_address>0xa800</run_address>
         <size>0x0</size>
      </object_component>
      <object_component id="oc-10b">
         <name>.TI.ramfunc</name>
         <load_address>0x177</load_address>
         <run_address>0x177</run_address>
         <size>0x4</size>
         <input_file_ref idref="fl-a"/>
      </object_component>
      <object_component id="oc-f0">
         <name>PieVectTableFile</name>
         <uninitialized>true</uninitialized>
         <run_address>0xd00</run_address>
         <size>0x1c0</size>
         <input_file_ref idref="fl-4"/>
      </object_component>
      <object_component id="oc-90">
         <name>EmuBModeVar</name>
         <uninitialized>true</uninitialized>
         <run_address>0xd00</run_address>
         <size>0x1</size>
         <input_file_ref idref="fl-4"/>
      </object_component>
      <object_component id="oc-91">
         <name>EmuBootPinsVar</name>
         <uninitialized>true</uninitialized>
         <run_address>0xd01</run_address>
         <size>0x1</size>
         <input_file_ref idref="fl-4"/>
      </object_component>
      <object_component id="oc-a7">
         <name>AdcaResultFile</name>
         <uninitialized>true</uninitialized>
         <run_address>0xb00</run_address>
         <size>0x18</size>
         <input_file_ref idref="fl-4"/>
      </object_component>
      <object_component id="oc-a8">
         <name>AdcbResultFile</name>
         <uninitialized>true</uninitialized>
         <run_address>0xb20</run_address>
         <size>0x18</size>
         <input_file_ref idref="fl-4"/>
      </object_component>
      <object_component id="oc-a9">
         <name>AdccResultFile</name>
         <uninitialized>true</uninitialized>
         <run_address>0xb40</run_address>
         <size>0x18</size>
         <input_file_ref idref="fl-4"/>
      </object_component>
      <object_component id="oc-aa">
         <name>AdcdResultFile</name>
         <uninitialized>true</uninitialized>
         <run_address>0xb60</run_address>
         <size>0x18</size>
         <input_file_ref idref="fl-4"/>
      </object_component>
      <object_component id="oc-d6">
         <name>AdcaRegsFile</name>
         <uninitialized>true</uninitialized>
         <run_address>0x7400</run_address>
         <size>0x80</size>
         <input_file_ref idref="fl-4"/>
      </object_component>
      <object_component id="oc-d7">
         <name>AdcbRegsFile</name>
         <uninitialized>true</uninitialized>
         <run_address>0x7480</run_address>
         <size>0x80</size>
         <input_file_ref idref="fl-4"/>
      </object_component>
      <object_component id="oc-d8">
         <name>AdccRegsFile</name>
         <uninitialized>true</uninitialized>
         <run_address>0x7500</run_address>
         <size>0x80</size>
         <input_file_ref idref="fl-4"/>
      </object_component>
      <object_component id="oc-d9">
         <name>AdcdRegsFile</name>
         <uninitialized>true</uninitialized>
         <run_address>0x7580</run_address>
         <size>0x80</size>
         <input_file_ref idref="fl-4"/>
      </object_component>
      <object_component id="oc-d2">
         <name>AnalogSubsysRegsFile</name>
         <uninitialized>true</uninitialized>
         <run_address>0x5d180</run_address>
         <size>0x48</size>
         <input_file_ref idref="fl-4"/>
      </object_component>
      <object_component id="oc-ec">
         <name>CanaRegsFile</name>
         <uninitialized>true</uninitialized>
         <run_address>0x48000</run_address>
         <size>0x164</size>
         <input_file_ref idref="fl-4"/>
      </object_component>
      <object_component id="oc-ed">
         <name>CanbRegsFile</name>
         <uninitialized>true</uninitialized>
         <run_address>0x4a000</run_address>
         <size>0x164</size>
         <input_file_ref idref="fl-4"/>
      </object_component>
      <object_component id="oc-cd">
         <name>Cla1RegsFile</name>
         <uninitialized>true</uninitialized>
         <run_address>0x1400</run_address>
         <size>0x3e</size>
         <input_file_ref idref="fl-4"/>
      </object_component>
      <object_component id="oc-95">
         <name>Cla1SoftIntRegsFile</name>
         <uninitialized>true</uninitialized>
         <run_address>0xce0</run_address>
         <size>0x4</size>
         <input_file_ref idref="fl-4"/>
      </object_component>
      <object_component id="oc-ad">
         <name>Cmpss1RegsFile</name>
         <uninitialized>true</uninitialized>
         <run_address>0x5c80</run_address>
         <size>0x20</size>
         <input_file_ref idref="fl-4"/>
      </object_component>
      <object_component id="oc-ae">
         <name>Cmpss2RegsFile</name>
         <uninitialized>true</uninitialized>
         <run_address>0x5ca0</run_address>
         <size>0x20</size>
         <input_file_ref idref="fl-4"/>
      </object_component>
      <object_component id="oc-af">
         <name>Cmpss3RegsFile</name>
         <uninitialized>true</uninitialized>
         <run_address>0x5cc0</run_address>
         <size>0x20</size>
         <input_file_ref idref="fl-4"/>
      </object_component>
      <object_component id="oc-b0">
         <name>Cmpss4RegsFile</name>
         <uninitialized>true</uninitialized>
         <run_address>0x5ce0</run_address>
         <size>0x20</size>
         <input_file_ref idref="fl-4"/>
      </object_component>
      <object_component id="oc-b1">
         <name>Cmpss5RegsFile</name>
         <uninitialized>true</uninitialized>
         <run_address>0x5d00</run_address>
         <size>0x20</size>
         <input_file_ref idref="fl-4"/>
      </object_component>
      <object_component id="oc-b2">
         <name>Cmpss6RegsFile</name>
         <uninitialized>true</uninitialized>
         <run_address>0x5d20</run_address>
         <size>0x20</size>
         <input_file_ref idref="fl-4"/>
      </object_component>
      <object_component id="oc-b3">
         <name>Cmpss7RegsFile</name>
         <uninitialized>true</uninitialized>
         <run_address>0x5d40</run_address>
         <size>0x20</size>
         <input_file_ref idref="fl-4"/>
      </object_component>
      <object_component id="oc-b4">
         <name>Cmpss8RegsFile</name>
         <uninitialized>true</uninitialized>
         <run_address>0x5d60</run_address>
         <size>0x20</size>
         <input_file_ref idref="fl-4"/>
      </object_component>
      <object_component id="oc-9b">
         <name>CpuTimer0RegsFile</name>
         <uninitialized>true</uninitialized>
         <run_address>0xc00</run_address>
         <size>0x8</size>
         <input_file_ref idref="fl-4"/>
      </object_component>
      <object_component id="oc-9c">
         <name>CpuTimer1RegsFile</name>
         <uninitialized>true</uninitialized>
         <run_address>0xc08</run_address>
         <size>0x8</size>
         <input_file_ref idref="fl-4"/>
      </object_component>
      <object_component id="oc-9d">
         <name>CpuTimer2RegsFile</name>
         <uninitialized>true</uninitialized>
         <run_address>0xc10</run_address>
         <size>0x8</size>
         <input_file_ref idref="fl-4"/>
      </object_component>
      <object_component id="oc-98">
         <name>DacaRegsFile</name>
         <uninitialized>true</uninitialized>
         <run_address>0x5c00</run_address>
         <size>0x8</size>
         <input_file_ref idref="fl-4"/>
      </object_component>
      <object_component id="oc-99">
         <name>DacbRegsFile</name>
         <uninitialized>true</uninitialized>
         <run_address>0x5c10</run_address>
         <size>0x8</size>
         <input_file_ref idref="fl-4"/>
      </object_component>
      <object_component id="oc-9a">
         <name>DaccRegsFile</name>
         <uninitialized>true</uninitialized>
         <run_address>0x5c20</run_address>
         <size>0x8</size>
         <input_file_ref idref="fl-4"/>
      </object_component>
      <object_component id="oc-c4">
         <name>DcsmZ1RegsFile</name>
         <uninitialized>true</uninitialized>
         <run_address>0x5f000</run_address>
         <size>0x24</size>
         <input_file_ref idref="fl-4"/>
      </object_component>
      <object_component id="oc-c5">
         <name>DcsmZ2RegsFile</name>
         <uninitialized>true</uninitialized>
         <run_address>0x5f040</run_address>
         <size>0x24</size>
         <input_file_ref idref="fl-4"/>
      </object_component>
      <object_component id="oc-9e">
         <name>DcsmCommonRegsFile</name>
         <uninitialized>true</uninitialized>
         <run_address>0x5f070</run_address>
         <size>0x8</size>
         <input_file_ref idref="fl-4"/>
      </object_component>
      <object_component id="oc-de">
         <name>DmaRegsFile</name>
         <uninitialized>true</uninitialized>
         <run_address>0x1000</run_address>
         <size>0xe0</size>
         <input_file_ref idref="fl-4"/>
      </object_component>
      <object_component id="oc-ab">
         <name>DmaClaSrcSelRegsFile</name>
         <uninitialized>true</uninitialized>
         <run_address>0x7980</run_address>
         <size>0x1a</size>
         <input_file_ref idref="fl-4"/>
      </object_component>
      <object_component id="oc-b5">
         <name>ECap1RegsFile</name>
         <uninitialized>true</uninitialized>
         <run_address>0x5000</run_address>
         <size>0x20</size>
         <input_file_ref idref="fl-4"/>
      </object_component>
      <object_component id="oc-b6">
         <name>ECap2RegsFile</name>
         <uninitialized>true</uninitialized>
         <run_address>0x5020</run_address>
         <size>0x20</size>
         <input_file_ref idref="fl-4"/>
      </object_component>
      <object_component id="oc-b7">
         <name>ECap3RegsFile</name>
         <uninitialized>true</uninitialized>
         <run_address>0x5040</run_address>
         <size>0x20</size>
         <input_file_ref idref="fl-4"/>
      </object_component>
      <object_component id="oc-b8">
         <name>ECap4RegsFile</name>
         <uninitialized>true</uninitialized>
         <run_address>0x5060</run_address>
         <size>0x20</size>
         <input_file_ref idref="fl-4"/>
      </object_component>
      <object_component id="oc-b9">
         <name>ECap5RegsFile</name>
         <uninitialized>true</uninitialized>
         <run_address>0x5080</run_address>
         <size>0x20</size>
         <input_file_ref idref="fl-4"/>
      </object_component>
      <object_component id="oc-ba">
         <name>ECap6RegsFile</name>
         <uninitialized>true</uninitialized>
         <run_address>0x50a0</run_address>
         <size>0x20</size>
         <input_file_ref idref="fl-4"/>
      </object_component>
      <object_component id="oc-d4">
         <name>Emif1RegsFile</name>
         <uninitialized>true</uninitialized>
         <run_address>0x47000</run_address>
         <size>0x70</size>
         <input_file_ref idref="fl-4"/>
      </object_component>
      <object_component id="oc-d5">
         <name>Emif2RegsFile</name>
         <uninitialized>true</uninitialized>
         <run_address>0x47800</run_address>
         <size>0x70</size>
         <input_file_ref idref="fl-4"/>
      </object_component>
      <object_component id="oc-df">
         <name>EPwm1RegsFile</name>
         <uninitialized>true</uninitialized>
         <run_address>0x4000</run_address>
         <size>0x100</size>
         <input_file_ref idref="fl-4"/>
      </object_component>
      <object_component id="oc-e0">
         <name>EPwm2RegsFile</name>
         <uninitialized>true</uninitialized>
         <run_address>0x4100</run_address>
         <size>0x100</size>
         <input_file_ref idref="fl-4"/>
      </object_component>
      <object_component id="oc-e1">
         <name>EPwm3RegsFile</name>
         <uninitialized>true</uninitialized>
         <run_address>0x4200</run_address>
         <size>0x100</size>
         <input_file_ref idref="fl-4"/>
      </object_component>
      <object_component id="oc-e2">
         <name>EPwm4RegsFile</name>
         <uninitialized>true</uninitialized>
         <run_address>0x4300</run_address>
         <size>0x100</size>
         <input_file_ref idref="fl-4"/>
      </object_component>
      <object_component id="oc-e3">
         <name>EPwm5RegsFile</name>
         <uninitialized>true</uninitialized>
         <run_address>0x4400</run_address>
         <size>0x100</size>
         <input_file_ref idref="fl-4"/>
      </object_component>
      <object_component id="oc-e4">
         <name>EPwm6RegsFile</name>
         <uninitialized>true</uninitialized>
         <run_address>0x4500</run_address>
         <size>0x100</size>
         <input_file_ref idref="fl-4"/>
      </object_component>
      <object_component id="oc-e5">
         <name>EPwm7RegsFile</name>
         <uninitialized>true</uninitialized>
         <run_address>0x4600</run_address>
         <size>0x100</size>
         <input_file_ref idref="fl-4"/>
      </object_component>
      <object_component id="oc-e6">
         <name>EPwm8RegsFile</name>
         <uninitialized>true</uninitialized>
         <run_address>0x4700</run_address>
         <size>0x100</size>
         <input_file_ref idref="fl-4"/>
      </object_component>
      <object_component id="oc-e7">
         <name>EPwm9RegsFile</name>
         <uninitialized>true</uninitialized>
         <run_address>0x4800</run_address>
         <size>0x100</size>
         <input_file_ref idref="fl-4"/>
      </object_component>
      <object_component id="oc-e8">
         <name>EPwm10RegsFile</name>
         <uninitialized>true</uninitialized>
         <run_address>0x4900</run_address>
         <size>0x100</size>
         <input_file_ref idref="fl-4"/>
      </object_component>
      <object_component id="oc-e9">
         <name>EPwm11RegsFile</name>
         <uninitialized>true</uninitialized>
         <run_address>0x4a00</run_address>
         <size>0x100</size>
         <input_file_ref idref="fl-4"/>
      </object_component>
      <object_component id="oc-ea">
         <name>EPwm12RegsFile</name>
         <uninitialized>true</uninitialized>
         <run_address>0x4b00</run_address>
         <size>0x100</size>
         <input_file_ref idref="fl-4"/>
      </object_component>
      <object_component id="oc-ce">
         <name>EPwmXbarRegsFile</name>
         <uninitialized>true</uninitialized>
         <run_address>0x7a00</run_address>
         <size>0x40</size>
         <input_file_ref idref="fl-4"/>
      </object_component>
      <object_component id="oc-bf">
         <name>EQep1RegsFile</name>
         <uninitialized>true</uninitialized>
         <run_address>0x5100</run_address>
         <size>0x22</size>
         <input_file_ref idref="fl-4"/>
      </object_component>
      <object_component id="oc-c0">
         <name>EQep2RegsFile</name>
         <uninitialized>true</uninitialized>
         <run_address>0x5140</run_address>
         <size>0x22</size>
         <input_file_ref idref="fl-4"/>
      </object_component>
      <object_component id="oc-c1">
         <name>EQep3RegsFile</name>
         <uninitialized>true</uninitialized>
         <run_address>0x5180</run_address>
         <size>0x22</size>
         <input_file_ref idref="fl-4"/>
      </object_component>
      <object_component id="oc-ef">
         <name>Flash0CtrlRegsFile</name>
         <uninitialized>true</uninitialized>
         <run_address>0x5f800</run_address>
         <size>0x182</size>
         <input_file_ref idref="fl-4"/>
      </object_component>
      <object_component id="oc-c9">
         <name>Flash0EccRegsFile</name>
         <uninitialized>true</uninitialized>
         <run_address>0x5fb00</run_address>
         <size>0x28</size>
         <input_file_ref idref="fl-4"/>
      </object_component>
      <object_component id="oc-ee">
         <name>GpioCtrlRegsFile</name>
         <uninitialized>true</uninitialized>
         <run_address>0x7c00</run_address>
         <size>0x180</size>
         <input_file_ref idref="fl-4"/>
      </object_component>
      <object_component id="oc-cb">
         <name>GpioDataRegsFile</name>
         <uninitialized>true</uninitialized>
         <run_address>0x7f00</run_address>
         <size>0x30</size>
         <input_file_ref idref="fl-4"/>
      </object_component>
      <object_component id="oc-cf">
         <name>OutputXbarRegsFile</name>
         <uninitialized>true</uninitialized>
         <run_address>0x7a80</run_address>
         <size>0x40</size>
         <input_file_ref idref="fl-4"/>
      </object_component>
      <object_component id="oc-c2">
         <name>I2caRegsFile</name>
         <uninitialized>true</uninitialized>
         <run_address>0x7300</run_address>
         <size>0x22</size>
         <input_file_ref idref="fl-4"/>
      </object_component>
      <object_component id="oc-c3">
         <name>I2cbRegsFile</name>
         <uninitialized>true</uninitialized>
         <run_address>0x7340</run_address>
         <size>0x22</size>
         <input_file_ref idref="fl-4"/>
      </object_component>
      <object_component id="oc-bb">
         <name>InputXbarRegsFile</name>
         <uninitialized>true</uninitialized>
         <run_address>0x7900</run_address>
         <size>0x20</size>
         <input_file_ref idref="fl-4"/>
      </object_component>
      <object_component id="oc-bc">
         <name>XbarRegsFile</name>
         <uninitialized>true</uninitialized>
         <run_address>0x7920</run_address>
         <size>0x20</size>
         <input_file_ref idref="fl-4"/>
      </object_component>
      <object_component id="oc-c6">
         <name>IpcRegsFile</name>
         <uninitialized>true</uninitialized>
         <run_address>0x50000</run_address>
         <size>0x24</size>
         <input_file_ref idref="fl-4"/>
      </object_component>
      <object_component id="oc-92">
         <name>FlashPumpSemaphoreRegsFile</name>
         <uninitialized>true</uninitialized>
         <run_address>0x50024</run_address>
         <size>0x2</size>
         <input_file_ref idref="fl-4"/>
      </object_component>
      <object_component id="oc-93">
         <name>RomPrefetchRegsFile</name>
         <uninitialized>true</uninitialized>
         <run_address>0x5e608</run_address>
         <size>0x2</size>
         <input_file_ref idref="fl-4"/>
      </object_component>
      <object_component id="oc-da">
         <name>MemCfgRegsFile</name>
         <uninitialized>true</uninitialized>
         <run_address>0x5f400</run_address>
         <size>0x80</size>
         <input_file_ref idref="fl-4"/>
      </object_component>
      <object_component id="oc-bd">
         <name>Emif1ConfigRegsFile</name>
         <uninitialized>true</uninitialized>
         <run_address>0x5f480</run_address>
         <size>0x20</size>
         <input_file_ref idref="fl-4"/>
      </object_component>
      <object_component id="oc-be">
         <name>Emif2ConfigRegsFile</name>
         <uninitialized>true</uninitialized>
         <run_address>0x5f4a0</run_address>
         <size>0x20</size>
         <input_file_ref idref="fl-4"/>
      </object_component>
      <object_component id="oc-d0">
         <name>AccessProtectionRegsFile</name>
         <uninitialized>true</uninitialized>
         <run_address>0x5f4c0</run_address>
         <size>0x40</size>
         <input_file_ref idref="fl-4"/>
      </object_component>
      <object_component id="oc-d1">
         <name>MemoryErrorRegsFile</name>
         <uninitialized>true</uninitialized>
         <run_address>0x5f500</run_address>
         <size>0x40</size>
         <input_file_ref idref="fl-4"/>
      </object_component>
      <object_component id="oc-94">
         <name>RomWaitStateRegsFile</name>
         <uninitialized>true</uninitialized>
         <run_address>0x5f540</run_address>
         <size>0x2</size>
         <input_file_ref idref="fl-4"/>
      </object_component>
      <object_component id="oc-c7">
         <name>McbspaRegsFile</name>
         <uninitialized>true</uninitialized>
         <run_address>0x6000</run_address>
         <size>0x24</size>
         <input_file_ref idref="fl-4"/>
      </object_component>
      <object_component id="oc-c8">
         <name>McbspbRegsFile</name>
         <uninitialized>true</uninitialized>
         <run_address>0x6040</run_address>
         <size>0x24</size>
         <input_file_ref idref="fl-4"/>
      </object_component>
      <object_component id="oc-d3">
         <name>UppRegsFile</name>
         <uninitialized>true</uninitialized>
         <run_address>0x6200</run_address>
         <size>0x48</size>
         <input_file_ref idref="fl-4"/>
      </object_component>
      <object_component id="oc-97">
         <name>NmiIntruptRegsFile</name>
         <uninitialized>true</uninitialized>
         <run_address>0x7060</run_address>
         <size>0x7</size>
         <input_file_ref idref="fl-4"/>
      </object_component>
      <object_component id="oc-ac">
         <name>PieCtrlRegsFile</name>
         <uninitialized>true</uninitialized>
         <run_address>0xce0</run_address>
         <size>0x1a</size>
         <input_file_ref idref="fl-4"/>
      </object_component>
      <object_component id="oc-a0">
         <name>SciaRegsFile</name>
         <uninitialized>true</uninitialized>
         <run_address>0x7200</run_address>
         <size>0x10</size>
         <input_file_ref idref="fl-4"/>
      </object_component>
      <object_component id="oc-a1">
         <name>ScibRegsFile</name>
         <uninitialized>true</uninitialized>
         <run_address>0x7210</run_address>
         <size>0x10</size>
         <input_file_ref idref="fl-4"/>
      </object_component>
      <object_component id="oc-a2">
         <name>ScicRegsFile</name>
         <uninitialized>true</uninitialized>
         <run_address>0x7220</run_address>
         <size>0x10</size>
         <input_file_ref idref="fl-4"/>
      </object_component>
      <object_component id="oc-a3">
         <name>ScidRegsFile</name>
         <uninitialized>true</uninitialized>
         <run_address>0x7230</run_address>
         <size>0x10</size>
         <input_file_ref idref="fl-4"/>
      </object_component>
      <object_component id="oc-db">
         <name>Sdfm1RegsFile</name>
         <uninitialized>true</uninitialized>
         <run_address>0x5e00</run_address>
         <size>0x80</size>
         <input_file_ref idref="fl-4"/>
      </object_component>
      <object_component id="oc-dc">
         <name>Sdfm2RegsFile</name>
         <uninitialized>true</uninitialized>
         <run_address>0x5e80</run_address>
         <size>0x80</size>
         <input_file_ref idref="fl-4"/>
      </object_component>
      <object_component id="oc-a4">
         <name>SpiaRegsFile</name>
         <uninitialized>true</uninitialized>
         <run_address>0x6100</run_address>
         <size>0x10</size>
         <input_file_ref idref="fl-4"/>
      </object_component>
      <object_component id="oc-a5">
         <name>SpibRegsFile</name>
         <uninitialized>true</uninitialized>
         <run_address>0x6110</run_address>
         <size>0x10</size>
         <input_file_ref idref="fl-4"/>
      </object_component>
      <object_component id="oc-a6">
         <name>SpicRegsFile</name>
         <uninitialized>true</uninitialized>
         <run_address>0x6120</run_address>
         <size>0x10</size>
         <input_file_ref idref="fl-4"/>
      </object_component>
      <object_component id="oc-eb">
         <name>DevCfgRegsFile</name>
         <uninitialized>true</uninitialized>
         <run_address>0x5d000</run_address>
         <size>0x12e</size>
         <input_file_ref idref="fl-4"/>
      </object_component>
      <object_component id="oc-cc">
         <name>ClkCfgRegsFile</name>
         <uninitialized>true</uninitialized>
         <run_address>0x5d200</run_address>
         <size>0x32</size>
         <input_file_ref idref="fl-4"/>
      </object_component>
      <object_component id="oc-dd">
         <name>CpuSysRegsFile</name>
         <uninitialized>true</uninitialized>
         <run_address>0x5d300</run_address>
         <size>0x82</size>
         <input_file_ref idref="fl-4"/>
      </object_component>
      <object_component id="oc-96">
         <name>SyncSocRegsFile</name>
         <uninitialized>true</uninitialized>
         <run_address>0x7940</run_address>
         <size>0x6</size>
         <input_file_ref idref="fl-4"/>
      </object_component>
      <object_component id="oc-ca">
         <name>WdRegsFile</name>
         <uninitialized>true</uninitialized>
         <run_address>0x7000</run_address>
         <size>0x2b</size>
         <input_file_ref idref="fl-4"/>
      </object_component>
      <object_component id="oc-9f">
         <name>XintRegsFile</name>
         <uninitialized>true</uninitialized>
         <run_address>0x7070</run_address>
         <size>0xb</size>
         <input_file_ref idref="fl-4"/>
      </object_component>
      <object_component id="oc-85">
         <name>.debug_line</name>
         <load_address>0x0</load_address>
         <run_address>0x0</run_address>
         <size>0x4d</size>
         <input_file_ref idref="fl-2"/>
      </object_component>
      <object_component id="oc-8c">
         <name>.debug_line</name>
         <load_address>0x4d</load_address>
         <run_address>0x4d</run_address>
         <size>0xcdf</size>
         <input_file_ref idref="fl-3"/>
      </object_component>
      <object_component id="oc-f4">
         <name>.debug_line</name>
         <load_address>0xd2c</load_address>
         <run_address>0xd2c</run_address>
         <size>0x264</size>
         <input_file_ref idref="fl-5"/>
      </object_component>
      <object_component id="oc-f9">
         <name>.debug_line</name>
         <load_address>0xf90</load_address>
         <run_address>0xf90</run_address>
         <size>0x31</size>
         <input_file_ref idref="fl-6"/>
      </object_component>
      <object_component id="oc-fe">
         <name>.debug_line</name>
         <load_address>0xfc1</load_address>
         <run_address>0xfc1</run_address>
         <size>0x87</size>
         <input_file_ref idref="fl-7"/>
      </object_component>
      <object_component id="oc-103">
         <name>.debug_line</name>
         <load_address>0x1048</load_address>
         <run_address>0x1048</run_address>
         <size>0x69</size>
         <input_file_ref idref="fl-8"/>
      </object_component>
      <object_component id="oc-108">
         <name>.debug_line</name>
         <load_address>0x10b1</load_address>
         <run_address>0x10b1</run_address>
         <size>0x522</size>
         <input_file_ref idref="fl-9"/>
      </object_component>
      <object_component id="oc-10c">
         <name>.debug_line</name>
         <load_address>0x15d3</load_address>
         <run_address>0x15d3</run_address>
         <size>0x4a</size>
         <input_file_ref idref="fl-a"/>
      </object_component>
      <object_component id="oc-113">
         <name>.debug_line</name>
         <load_address>0x161d</load_address>
         <run_address>0x161d</run_address>
         <size>0x266</size>
         <input_file_ref idref="fl-b"/>
      </object_component>
      <object_component id="oc-11a">
         <name>.debug_line</name>
         <load_address>0x1883</load_address>
         <run_address>0x1883</run_address>
         <size>0xeb</size>
         <input_file_ref idref="fl-c"/>
      </object_component>
      <object_component id="oc-11f">
         <name>.debug_line</name>
         <load_address>0x196e</load_address>
         <run_address>0x196e</run_address>
         <size>0xa2</size>
         <input_file_ref idref="fl-d"/>
      </object_component>
      <object_component id="oc-124">
         <name>.debug_line</name>
         <load_address>0x1a10</load_address>
         <run_address>0x1a10</run_address>
         <size>0x9e</size>
         <input_file_ref idref="fl-e"/>
      </object_component>
      <object_component id="oc-12a">
         <name>.debug_line</name>
         <load_address>0x1aae</load_address>
         <run_address>0x1aae</run_address>
         <size>0xe2</size>
         <input_file_ref idref="fl-f"/>
      </object_component>
      <object_component id="oc-131">
         <name>.debug_line</name>
         <load_address>0x1b90</load_address>
         <run_address>0x1b90</run_address>
         <size>0x7e</size>
         <input_file_ref idref="fl-10"/>
      </object_component>
      <object_component id="oc-136">
         <name>.debug_line</name>
         <load_address>0x1c0e</load_address>
         <run_address>0x1c0e</run_address>
         <size>0x33</size>
         <input_file_ref idref="fl-11"/>
      </object_component>
      <object_component id="oc-13b">
         <name>.debug_line</name>
         <load_address>0x1c41</load_address>
         <run_address>0x1c41</run_address>
         <size>0x51</size>
         <input_file_ref idref="fl-12"/>
      </object_component>
      <object_component id="oc-140">
         <name>.debug_line</name>
         <load_address>0x1c92</load_address>
         <run_address>0x1c92</run_address>
         <size>0x58</size>
         <input_file_ref idref="fl-13"/>
      </object_component>
      <object_component id="oc-147">
         <name>.debug_line</name>
         <load_address>0x1cea</load_address>
         <run_address>0x1cea</run_address>
         <size>0x14d</size>
         <input_file_ref idref="fl-14"/>
      </object_component>
      <object_component id="oc-14d">
         <name>.debug_line</name>
         <load_address>0x1e37</load_address>
         <run_address>0x1e37</run_address>
         <size>0x137</size>
         <input_file_ref idref="fl-15"/>
      </object_component>
      <object_component id="oc-153">
         <name>.debug_line</name>
         <load_address>0x1f6e</load_address>
         <run_address>0x1f6e</run_address>
         <size>0x119</size>
         <input_file_ref idref="fl-16"/>
      </object_component>
      <object_component id="oc-159">
         <name>.debug_line</name>
         <load_address>0x2087</load_address>
         <run_address>0x2087</run_address>
         <size>0x124</size>
         <input_file_ref idref="fl-17"/>
      </object_component>
      <object_component id="oc-160">
         <name>.debug_line</name>
         <load_address>0x21ab</load_address>
         <run_address>0x21ab</run_address>
         <size>0x90</size>
         <input_file_ref idref="fl-18"/>
      </object_component>
      <object_component id="oc-165">
         <name>.debug_line</name>
         <load_address>0x223b</load_address>
         <run_address>0x223b</run_address>
         <size>0xa0</size>
         <input_file_ref idref="fl-19"/>
      </object_component>
      <object_component id="oc-16d">
         <name>.debug_line</name>
         <load_address>0x22db</load_address>
         <run_address>0x22db</run_address>
         <size>0x1b3</size>
         <input_file_ref idref="fl-1a"/>
      </object_component>
      <object_component id="oc-173">
         <name>.debug_line</name>
         <load_address>0x248e</load_address>
         <run_address>0x248e</run_address>
         <size>0x1ac</size>
         <input_file_ref idref="fl-1b"/>
      </object_component>
      <object_component id="oc-17a">
         <name>.debug_line</name>
         <load_address>0x263a</load_address>
         <run_address>0x263a</run_address>
         <size>0x139</size>
         <input_file_ref idref="fl-1c"/>
      </object_component>
      <object_component id="oc-181">
         <name>.debug_line</name>
         <load_address>0x2773</load_address>
         <run_address>0x2773</run_address>
         <size>0x197</size>
         <input_file_ref idref="fl-1d"/>
      </object_component>
      <object_component id="oc-186">
         <name>.debug_line</name>
         <load_address>0x290a</load_address>
         <run_address>0x290a</run_address>
         <size>0x55</size>
         <input_file_ref idref="fl-1e"/>
      </object_component>
      <object_component id="oc-18b">
         <name>.debug_line</name>
         <load_address>0x295f</load_address>
         <run_address>0x295f</run_address>
         <size>0xe6</size>
         <input_file_ref idref="fl-1f"/>
      </object_component>
      <object_component id="oc-191">
         <name>.debug_line</name>
         <load_address>0x2a45</load_address>
         <run_address>0x2a45</run_address>
         <size>0x15c</size>
         <input_file_ref idref="fl-20"/>
      </object_component>
      <object_component id="oc-197">
         <name>.debug_line</name>
         <load_address>0x2ba1</load_address>
         <run_address>0x2ba1</run_address>
         <size>0x67</size>
         <input_file_ref idref="fl-21"/>
      </object_component>
      <object_component id="oc-19e">
         <name>.debug_line</name>
         <load_address>0x2c08</load_address>
         <run_address>0x2c08</run_address>
         <size>0xe6</size>
         <input_file_ref idref="fl-22"/>
      </object_component>
      <object_component id="oc-1a4">
         <name>.debug_line</name>
         <load_address>0x2cee</load_address>
         <run_address>0x2cee</run_address>
         <size>0x15d</size>
         <input_file_ref idref="fl-23"/>
      </object_component>
      <object_component id="oc-1aa">
         <name>.debug_line</name>
         <load_address>0x2e4b</load_address>
         <run_address>0x2e4b</run_address>
         <size>0x6e</size>
         <input_file_ref idref="fl-24"/>
      </object_component>
      <object_component id="oc-1b0">
         <name>.debug_line</name>
         <load_address>0x2eb9</load_address>
         <run_address>0x2eb9</run_address>
         <size>0x3d</size>
         <input_file_ref idref="fl-25"/>
      </object_component>
      <object_component id="oc-1b6">
         <name>.debug_line</name>
         <load_address>0x2ef6</load_address>
         <run_address>0x2ef6</run_address>
         <size>0x5f</size>
         <input_file_ref idref="fl-26"/>
      </object_component>
      <object_component id="oc-1bd">
         <name>.debug_line</name>
         <load_address>0x2f55</load_address>
         <run_address>0x2f55</run_address>
         <size>0x7e</size>
         <input_file_ref idref="fl-2d"/>
      </object_component>
      <object_component id="oc-1c2">
         <name>.debug_line</name>
         <load_address>0x2fd3</load_address>
         <run_address>0x2fd3</run_address>
         <size>0xa2</size>
         <input_file_ref idref="fl-2e"/>
      </object_component>
      <object_component id="oc-1c7">
         <name>.debug_line</name>
         <load_address>0x3075</load_address>
         <run_address>0x3075</run_address>
         <size>0x49</size>
         <input_file_ref idref="fl-2f"/>
      </object_component>
      <object_component id="oc-1cc">
         <name>.debug_line</name>
         <load_address>0x30be</load_address>
         <run_address>0x30be</run_address>
         <size>0x58</size>
         <input_file_ref idref="fl-30"/>
      </object_component>
      <object_component id="oc-1d1">
         <name>.debug_line</name>
         <load_address>0x3116</load_address>
         <run_address>0x3116</run_address>
         <size>0xad</size>
         <input_file_ref idref="fl-31"/>
      </object_component>
      <object_component id="oc-1d6">
         <name>.debug_line</name>
         <load_address>0x31c3</load_address>
         <run_address>0x31c3</run_address>
         <size>0x6c</size>
         <input_file_ref idref="fl-32"/>
      </object_component>
      <object_component id="oc-1db">
         <name>.debug_line</name>
         <load_address>0x322f</load_address>
         <run_address>0x322f</run_address>
         <size>0x52</size>
         <input_file_ref idref="fl-33"/>
      </object_component>
      <object_component id="oc-1e0">
         <name>.debug_line</name>
         <load_address>0x3281</load_address>
         <run_address>0x3281</run_address>
         <size>0x52</size>
         <input_file_ref idref="fl-34"/>
      </object_component>
      <object_component id="oc-1e5">
         <name>.debug_line</name>
         <load_address>0x32d3</load_address>
         <run_address>0x32d3</run_address>
         <size>0xb3</size>
         <input_file_ref idref="fl-35"/>
      </object_component>
      <object_component id="oc-1ea">
         <name>.debug_line</name>
         <load_address>0x3386</load_address>
         <run_address>0x3386</run_address>
         <size>0x50</size>
         <input_file_ref idref="fl-36"/>
      </object_component>
      <object_component id="oc-1ef">
         <name>.debug_line</name>
         <load_address>0x33d6</load_address>
         <run_address>0x33d6</run_address>
         <size>0x62</size>
         <input_file_ref idref="fl-37"/>
      </object_component>
      <object_component id="oc-1f4">
         <name>.debug_line</name>
         <load_address>0x3438</load_address>
         <run_address>0x3438</run_address>
         <size>0x3e</size>
         <input_file_ref idref="fl-38"/>
      </object_component>
      <object_component id="oc-1f9">
         <name>.debug_line</name>
         <load_address>0x3476</load_address>
         <run_address>0x3476</run_address>
         <size>0x3a</size>
         <input_file_ref idref="fl-39"/>
      </object_component>
      <object_component id="oc-200">
         <name>.debug_line</name>
         <load_address>0x34b0</load_address>
         <run_address>0x34b0</run_address>
         <size>0x65</size>
         <input_file_ref idref="fl-3a"/>
      </object_component>
      <object_component id="oc-205">
         <name>.debug_line</name>
         <load_address>0x3515</load_address>
         <run_address>0x3515</run_address>
         <size>0x5e</size>
         <input_file_ref idref="fl-3b"/>
      </object_component>
      <object_component id="oc-20a">
         <name>.debug_line</name>
         <load_address>0x3573</load_address>
         <run_address>0x3573</run_address>
         <size>0x55</size>
         <input_file_ref idref="fl-3c"/>
      </object_component>
      <object_component id="oc-212">
         <name>.debug_line</name>
         <load_address>0x35c8</load_address>
         <run_address>0x35c8</run_address>
         <size>0x3fc</size>
         <input_file_ref idref="fl-3d"/>
      </object_component>
      <object_component id="oc-217">
         <name>.debug_line</name>
         <load_address>0x39c4</load_address>
         <run_address>0x39c4</run_address>
         <size>0xb1</size>
         <input_file_ref idref="fl-3e"/>
      </object_component>
      <object_component id="oc-21d">
         <name>.debug_line</name>
         <load_address>0x3a75</load_address>
         <run_address>0x3a75</run_address>
         <size>0x3b</size>
         <input_file_ref idref="fl-3f"/>
      </object_component>
      <object_component id="oc-222">
         <name>.debug_line</name>
         <load_address>0x3ab0</load_address>
         <run_address>0x3ab0</run_address>
         <size>0xc4</size>
         <input_file_ref idref="fl-40"/>
      </object_component>
      <object_component id="oc-227">
         <name>.debug_line</name>
         <load_address>0x3b74</load_address>
         <run_address>0x3b74</run_address>
         <size>0x49</size>
         <input_file_ref idref="fl-41"/>
      </object_component>
      <object_component id="oc-22c">
         <name>.debug_line</name>
         <load_address>0x3bbd</load_address>
         <run_address>0x3bbd</run_address>
         <size>0x2b</size>
         <input_file_ref idref="fl-42"/>
      </object_component>
      <object_component id="oc-232">
         <name>.debug_line</name>
         <load_address>0x3be8</load_address>
         <run_address>0x3be8</run_address>
         <size>0xaa</size>
         <input_file_ref idref="fl-43"/>
      </object_component>
      <object_component id="oc-237">
         <name>.debug_line</name>
         <load_address>0x3c92</load_address>
         <run_address>0x3c92</run_address>
         <size>0x8f</size>
         <input_file_ref idref="fl-44"/>
      </object_component>
      <object_component id="oc-86">
         <name>.debug_info</name>
         <load_address>0x0</load_address>
         <run_address>0x0</run_address>
         <size>0x116</size>
         <input_file_ref idref="fl-2"/>
      </object_component>
      <object_component id="oc-89">
         <name>.debug_info</name>
         <load_address>0x116</load_address>
         <run_address>0x116</run_address>
         <size>0x34e4</size>
         <input_file_ref idref="fl-3"/>
      </object_component>
      <object_component id="oc-8f">
         <name>.debug_info</name>
         <load_address>0x35fa</load_address>
         <run_address>0x35fa</run_address>
         <size>0x50550</size>
         <input_file_ref idref="fl-4"/>
      </object_component>
      <object_component id="oc-f2">
         <name>.debug_info</name>
         <load_address>0x53b4a</load_address>
         <run_address>0x53b4a</run_address>
         <size>0x19f6b</size>
         <input_file_ref idref="fl-5"/>
      </object_component>
      <object_component id="oc-f7">
         <name>.debug_info</name>
         <load_address>0x6dab5</load_address>
         <run_address>0x6dab5</run_address>
         <size>0x1636</size>
         <input_file_ref idref="fl-6"/>
      </object_component>
      <object_component id="oc-fc">
         <name>.debug_info</name>
         <load_address>0x6f0eb</load_address>
         <run_address>0x6f0eb</run_address>
         <size>0x3555</size>
         <input_file_ref idref="fl-7"/>
      </object_component>
      <object_component id="oc-101">
         <name>.debug_info</name>
         <load_address>0x72640</load_address>
         <run_address>0x72640</run_address>
         <size>0x671b</size>
[...]
      <symbol id="sm-60f">
         <name>_rampLoop</name>
         <value>0x8dc8</value>
         <object_component_ref idref="oc-24f"/>
      </symbol>
      <symbol id="sm-610">
         <name>_ramp</name>
         <value>0x8d38</value>
         <object_component_ref idref="oc-24f"/>
      </symbol>
      <symbol id="sm-611">
         <name>_rampDir</name>
         <value>0x8db2</value>
         <object_component_ref idref="oc-24f"/>
      </symbol>
      <symbol id="sm-612">
         <name>_rampRead</name>
         <value>0x8ca3</value>
         <object_component_ref idref="oc-24f"/>
      </symbol>
      <symbol id="sm-613">
         <name>_outputChannel</name>
         <value>0x11a7</value>
         <object_component_ref idref="oc-16a"/>
      </symbol>
      <symbol id="sm-614">
         <name>_crashProtectionEnabled</name>
         <value>0x11a6</value>
         <object_component_ref idref="oc-16a"/>
      </symbol>
      <symbol id="sm-615">
         <name>_rampDone</name>
         <value>0x8e6a</value>
         <object_component_ref idref="oc-24f"/>
      </symbol>
      <symbol id="sm-616">
         <name>_currentOutputValue</name>
         <value>0x11aa</value>
         <object_component_ref idref="oc-16a"/>
      </symbol>
      <symbol id="sm-617">
         <name>_rampUp</name>
         <value>0x11a9</value>
         <object_component_ref idref="oc-16a"/>
      </symbol>
      <symbol id="sm-618">
         <name>_inputChannel</name>
         <value>0x11a8</value>
         <object_component_ref idref="oc-16a"/>
      </symbol>
      <symbol id="sm-619">
         <name>_delayCycles</name>
         <value>0x11ac</value>
         <object_component_ref idref="oc-16a"/>
      </symbol>
      <symbol id="sm-63d">
         <name>_diagShortStart</name>
         <value>0x1078</value>
         <object_component_ref idref="oc-171"/>
      </symbol>
      <symbol id="sm-63e">
         <name>_diagRatio</name>
         <value>0x107c</value>
         <object_component_ref idref="oc-171"/>
      </symbol>
      <symbol id="sm-63f">
         <name>_diagStepSize</name>
         <value>0x107a</value>
         <object_component_ref idref="oc-171"/>
      </symbol>
      <symbol id="sm-640">
         <name>_diagLongStart</name>
         <value>0x1076</value>
         <object_component_ref idref="oc-171"/>
      </symbol>
      <symbol id="sm-641">
         <name>_diagZStart</name>
         <value>0x1079</value>
         <object_component_ref idref="oc-171"/>
      </symbol>
      <symbol id="sm-642">
         <name>_rampDiag</name>
         <value>0x941a</value>
         <object_component_ref idref="oc-259"/>
      </symbol>
      <symbol id="sm-643">
         <name>_diagZRatio</name>
         <value>0x107b</value>
         <object_component_ref idref="oc-171"/>
      </symbol>
      <symbol id="sm-644">
         <name>_diagMoveDelay</name>
         <value>0x107e</value>
         <object_component_ref idref="oc-171"/>
      </symbol>
      <symbol id="sm-645">
         <name>_rampDiagSetup</name>
         <value>0x9389</value>
         <object_component_ref idref="oc-259"/>
      </symbol>
      <symbol id="sm-646">
         <name>_diagLongFinal</name>
         <value>0x1077</value>
         <object_component_ref idref="oc-171"/>
      </symbol>
      <symbol id="sm-66c">
         <name>_readSeq</name>
         <value>0x96f4</value>
         <object_component_ref idref="oc-257"/>
      </symbol>
      <symbol id="sm-66d">
         <name>_readSeqCommands</name>
         <value>0x1080</value>
         <object_component_ref idref="oc-267"/>
      </symbol>
      <symbol id="sm-66e">
         <name>_readSeqNum</name>
         <value>0x0</value>
         <object_component_ref idref="oc-178"/>
      </symbol>
      <symbol id="sm-66f">
         <name>_readData</name>
         <value>0x40</value>
         <object_component_ref idref="oc-178"/>
      </symbol>
      <symbol id="sm-670">
         <name>_readSeqSetup</name>
         <value>0x9692</value>
         <object_component_ref idref="oc-257"/>
      </symbol>
      <symbol id="sm-69c">
         <name>_thisLineMin</name>
         <value>0x105d</value>
         <object_component_ref idref="oc-17f"/>
      </symbol>
      <symbol id="sm-69d">
         <name>_scanDeltaZ</name>
         <value>0x1061</value>
         <object_component_ref idref="oc-17f"/>
      </symbol>
      <symbol id="sm-69e">
         <name>_scanLimit</name>
         <value>0x1057</value>
         <object_component_ref idref="oc-17f"/>
      </symbol>
      <symbol id="sm-69f">
         <name>_scanReadDelay</name>
         <value>0x1064</value>
         <object_component_ref idref="oc-17f"/>
      </symbol>
      <symbol id="sm-6a0">
         <name>_scanSetup</name>
         <value>0x8e87</value>
         <object_component_ref idref="oc-255"/>
      </symbol>
      <symbol id="sm-6a1">
         <name>_lastLineMin</name>
         <value>0x105f</value>
         <object_component_ref idref="oc-17f"/>
      </symbol>
      <symbol id="sm-6a2">
         <name>_scanStep</name>
         <value>0x105b</value>
         <object_component_ref idref="oc-17f"/>
      </symbol>
      <symbol id="sm-6a3">
         <name>_scanSize</name>
         <value>0x105a</value>
         <object_component_ref idref="oc-17f"/>
      </symbol>
      <symbol id="sm-6a4">
         <name>_scanInterDelay</name>
         <value>0x1062</value>
         <object_component_ref idref="oc-17f"/>
      </symbol>
      <symbol id="sm-6a5">
         <name>_lastLineMax</name>
         <value>0x105e</value>
         <object_component_ref idref="oc-17f"/>
      </symbol>
      <symbol id="sm-6a6">
         <name>_zOffset</name>
         <value>0x1058</value>
         <object_component_ref idref="oc-17f"/>
      </symbol>
      <symbol id="sm-6a7">
         <name>_scanProtection</name>
         <value>0x1056</value>
         <object_component_ref idref="oc-17f"/>
      </symbol>
      <symbol id="sm-6a8">
         <name>_zOffsetChannel</name>
         <value>0x1059</value>
         <object_component_ref idref="oc-17f"/>
      </symbol>
      <symbol id="sm-6a9">
         <name>_scanLine</name>
         <value>0x8eea</value>
         <object_component_ref idref="oc-255"/>
      </symbol>
      <symbol id="sm-6aa">
         <name>_flagZero</name>
         <value>0x1060</value>
         <object_component_ref idref="oc-17f"/>
      </symbol>
      <symbol id="sm-6ab">
         <name>_thisLineMax</name>
         <value>0x105c</value>
         <object_component_ref idref="oc-17f"/>
      </symbol>
      <symbol id="sm-6b8">
         <name>_serialIn</name>
         <value>0xa517</value>
         <object_component_ref idref="oc-249"/>
      </symbol>
      <symbol id="sm-6c9">
         <name>_serialOut_word</name>
         <value>0x87a3</value>
         <object_component_ref idref="oc-263"/>
      </symbol>
      <symbol id="sm-6ca">
         <name>_serialOut_xdso</name>
         <value>0x87bd</value>
         <object_component_ref idref="oc-263"/>
      </symbol>
      <symbol id="sm-6cb">
         <name>_serialOut_two</name>
         <value>0x8793</value>
         <object_component_ref idref="oc-263"/>
      </symbol>
      <symbol id="sm-6cc">
         <name>_serialOut_char</name>
         <value>0x8787</value>
         <object_component_ref idref="oc-263"/>
      </symbol>
      <symbol id="sm-6cd">
         <name>_serialOut_array</name>
         <value>0x87ea</value>
         <object_component_ref idref="oc-263"/>
      </symbol>
      <symbol id="sm-6fb">
         <name>_specSetup</name>
         <value>0x9800</value>
         <object_component_ref idref="oc-258"/>
      </symbol>
      <symbol id="sm-6fc">
         <name>_specHigher</name>
         <value>0x11b2</value>
         <object_component_ref idref="oc-18f"/>
      </symbol>
      <symbol id="sm-6fd">
         <name>_specStepSize</name>
         <value>0x11ae</value>
         <object_component_ref idref="oc-18f"/>
      </symbol>
      <symbol id="sm-6fe">
         <name>_specLower</name>
         <value>0x11b0</value>
         <object_component_ref idref="oc-18f"/>
      </symbol>
      <symbol id="sm-6ff">
         <name>_specMoveDelay</name>
         <value>0x11b4</value>
         <object_component_ref idref="oc-18f"/>
      </symbol>
      <symbol id="sm-700">
         <name>_spec</name>
         <value>0x9867</value>
         <object_component_ref idref="oc-258"/>
      </symbol>
      <symbol id="sm-713">
         <name>_squareWave</name>
         <value>0x9e52</value>
         <object_component_ref idref="oc-250"/>
      </symbol>
      <symbol id="sm-728">
         <name>_tipBabySize</name>
         <value>0x1192</value>
         <object_component_ref idref="oc-19c"/>
      </symbol>
      <symbol id="sm-729">
         <name>_xOuterParabZeroCycles</name>
         <value>0x1190</value>
         <object_component_ref idref="oc-19c"/>
      </symbol>
      <symbol id="sm-72a">
         <name>_tipSetup</name>
         <value>0x9c44</value>
         <object_component_ref idref="oc-251"/>
      </symbol>
      <symbol id="sm-72b">
         <name>_tipBabyMult</name>
         <value>0x119a</value>
         <object_component_ref idref="oc-19c"/>
      </symbol>
      <symbol id="sm-72c">
         <name>_tipNumGiant</name>
         <value>0x1191</value>
         <object_component_ref idref="oc-19c"/>
      </symbol>
      <symbol id="sm-72d">
         <name>_tipMinI</name>
         <value>0x1193</value>
         <object_component_ref idref="oc-19c"/>
      </symbol>
      <symbol id="sm-72e">
         <name>_zOuterParabMult</name>
         <value>0x1194</value>
         <object_component_ref idref="oc-19c"/>
      </symbol>
      <symbol id="sm-72f">
         <name>_xOuterParabMult</name>
         <value>0x1196</value>
         <object_component_ref idref="oc-19c"/>
      </symbol>
      <symbol id="sm-730">
         <name>_zOuterParabSize</name>
         <value>0x118e</value>
         <object_component_ref idref="oc-19c"/>
      </symbol>
      <symbol id="sm-731">
         <name>_xOuterParabSize</name>
         <value>0x118f</value>
         <object_component_ref idref="oc-19c"/>
      </symbol>
      <symbol id="sm-732">
         <name>_tipApproach</name>
         <value>0x9ca9</value>
         <object_component_ref idref="oc-251"/>
      </symbol>
      <symbol id="sm-733">
         <name>_tipApproachDelay</name>
         <value>0x1198</value>
         <object_component_ref idref="oc-19c"/>
      </symbol>
      <symbol id="sm-752">
         <name>_trackMin</name>
         <value>0x119d</value>
         <object_component_ref idref="oc-1a2"/>
      </symbol>
      <symbol id="sm-753">
         <name>_trackDelay</name>
         <value>0x11a0</value>
         <object_component_ref idref="oc-1a2"/>
      </symbol>
      <symbol id="sm-754">
         <name>_track</name>
         <value>0x9560</value>
         <object_component_ref idref="oc-256"/>
      </symbol>
      <symbol id="sm-755">
         <name>_trackSampleEvery</name>
         <value>0x119e</value>
         <object_component_ref idref="oc-1a2"/>
      </symbol>
      <symbol id="sm-756">
         <name>_moveReadComp</name>
         <value>0x9643</value>
         <object_component_ref idref="oc-256"/>
      </symbol>
      <symbol id="sm-757">
         <name>_trackPlaneA</name>
         <value>0x11a2</value>
         <object_component_ref idref="oc-1a2"/>
      </symbol>
      <symbol id="sm-758">
         <name>_trackPlaneB</name>
         <value>0x11a4</value>
         <object_component_ref idref="oc-1a2"/>
      </symbol>
      <symbol id="sm-759">
         <name>_trackAverage</name>
         <value>0x119c</value>
         <object_component_ref idref="oc-1a2"/>
      </symbol>
      <symbol id="sm-75a">
         <name>_trackSetup</name>
         <value>0x950f</value>
         <object_component_ref idref="oc-256"/>
      </symbol>
      <symbol id="sm-76d">
         <name>_delay</name>
         <value>0x9d06</value>
         <object_component_ref idref="oc-24b"/>
      </symbol>
      <symbol id="sm-78c">
         <name>_version</name>
         <value>0xa4a3</value>
         <object_component_ref idref="oc-24e"/>
      </symbol>
      <symbol id="sm-7a7">
         <name>_c_int00</name>
         <value>0x9f8a</value>
         <object_component_ref idref="oc-1b9"/>
      </symbol>
      <symbol id="sm-7a8">
         <name>__stack</name>
         <value>0x400</value>
         <object_component_ref idref="oc-1ba"/>
      </symbol>
      <symbol id="sm-7ba">
         <name>FD$$MPY</name>
         <value>0xa242</value>
         <object_component_ref idref="oc-1c0"/>
      </symbol>
      <symbol id="sm-7c6">
         <name>FD$$SUB</name>
         <value>0xa500</value>
         <object_component_ref idref="oc-1c5"/>
      </symbol>
      <symbol id="sm-7d5">
         <name>FD$$TOL</name>
         <value>0x8fe1</value>
         <object_component_ref idref="oc-1ca"/>
      </symbol>
      <symbol id="sm-7e6">
         <name>FS$$DIV</name>
         <value>0xa1ba</value>
         <object_component_ref idref="oc-1cf"/>
      </symbol>
      <symbol id="sm-7f2">
         <name>LL$$AND</name>
         <value>0xa4bb</value>
         <object_component_ref idref="oc-1d4"/>
      </symbol>
      <symbol id="sm-7f3">
         <name>LL$$OR</name>
         <value>0xa4c3</value>
         <object_component_ref idref="oc-1d4"/>
      </symbol>
      <symbol id="sm-7f4">
         <name>LL$$XOR</name>
         <value>0xa4cb</value>
         <object_component_ref idref="oc-1d4"/>
      </symbol>
      <symbol id="sm-805">
         <name>U$$TOFD</name>
         <value>0xa4d3</value>
         <object_component_ref idref="oc-1d9"/>
      </symbol>
      <symbol id="sm-816">
         <name>UL$$TOFD</name>
         <value>0xa4ea</value>
         <object_component_ref idref="oc-1de"/>
      </symbol>
      <symbol id="sm-82d">
         <name>FD$$DIV</name>
         <value>0xa12f</value>
         <object_component_ref idref="oc-1e3"/>
      </symbol>
      <symbol id="sm-83c">
         <name>_copy_in</name>
         <value>0xa466</value>
         <object_component_ref idref="oc-23b"/>
      </symbol>
      <symbol id="sm-84d">
         <name>_memcpy</name>
         <value>0x97e3</value>
         <object_component_ref idref="oc-23f"/>
      </symbol>
      <symbol id="sm-859">
         <name>__system_pre_init</name>
         <value>0xb7fe</value>
         <object_component_ref idref="oc-23a"/>
      </symbol>
      <symbol id="sm-866">
         <name>__system_post_cinit</name>
         <value>0x87fc</value>
         <object_component_ref idref="oc-23c"/>
      </symbol>
      <symbol id="sm-87a">
         <name>C$$EXIT</name>
         <value>0xa3c8</value>
         <object_component_ref idref="oc-23e"/>
      </symbol>
      <symbol id="sm-87b">
         <name>_exit</name>
         <value>0xa3ca</value>
         <object_component_ref idref="oc-23e"/>
      </symbol>
      <symbol id="sm-87c">
         <name>___TI_cleanup_ptr</name>
         <value>0x11c2</value>
         <object_component_ref idref="oc-1fe"/>
      </symbol>
      <symbol id="sm-87d">
         <name>___TI_enable_exit_profile_output</name>
         <value>0x11c0</value>
         <object_component_ref idref="oc-1fe"/>
      </symbol>
      <symbol id="sm-87e">
         <name>_abort</name>
         <value>0xa3c8</value>
         <object_component_ref idref="oc-23e"/>
      </symbol>
      <symbol id="sm-87f">
         <name>___TI_dtors_ptr</name>
         <value>0x11c4</value>
         <object_component_ref idref="oc-1fe"/>
      </symbol>
      <symbol id="sm-893">
         <name>__unlock</name>
         <value>0x11cc</value>
         <object_component_ref idref="oc-261"/>
      </symbol>
      <symbol id="sm-894">
         <name>__lock</name>
         <value>0x11ca</value>
         <object_component_ref idref="oc-241"/>
      </symbol>
      <symbol id="sm-895">
         <name>__register_lock</name>
         <value>0xa512</value>
         <object_component_ref idref="oc-25e"/>
      </symbol>
      <symbol id="sm-896">
         <name>__nop</name>
         <value>0xa516</value>
         <object_component_ref idref="oc-25e"/>
      </symbol>
      <symbol id="sm-897">
         <name>__register_unlock</name>
         <value>0xa50e</value>
         <object_component_ref idref="oc-25e"/>
      </symbol>
      <symbol id="sm-8a6">
         <name>__args_main</name>
         <value>0xa48a</value>
         <object_component_ref idref="oc-23d"/>
      </symbol>
      <symbol id="sm-8f7">
         <name>__sys_memory</name>
         <value>0xa800</value>
         <object_component_ref idref="oc-210"/>
      </symbol>
      <symbol id="sm-8f8">
         <name>___TI_heap_total_available</name>
         <value>0xb7af</value>
         <object_component_ref idref="oc-24a"/>
      </symbol>
      <symbol id="sm-8f9">
         <name>_realloc</name>
         <value>0xb677</value>
         <object_component_ref idref="oc-24a"/>
      </symbol>
      <symbol id="sm-8fa">
         <name>___TI_heap_check</name>
         <value>0xb7e9</value>
         <object_component_ref idref="oc-24a"/>
      </symbol>
      <symbol id="sm-8fb">
         <name>_free</name>
         <value>0xb5b0</value>
         <object_component_ref idref="oc-24a"/>
      </symbol>
      <symbol id="sm-8fc">
         <name>_memalign</name>
         <value>0xb71a</value>
         <object_component_ref idref="oc-24a"/>
      </symbol>
      <symbol id="sm-8fd">
         <name>_calloc</name>
         <value>0xb6f3</value>
         <object_component_ref idref="oc-24a"/>
      </symbol>
      <symbol id="sm-8fe">
         <name>_malloc</name>
         <value>0xb585</value>
         <object_component_ref idref="oc-24a"/>
      </symbol>
      <symbol id="sm-8ff">
         <name>_aligned_alloc</name>
         <value>0xb71a</value>
         <object_component_ref idref="oc-24a"/>
      </symbol>
      <symbol id="sm-900">
         <name>_minit</name>
         <value>0xb6ef</value>
         <object_component_ref idref="oc-24a"/>
      </symbol>
      <symbol id="sm-901">
         <name>___TI_heap_largest_available</name>
         <value>0xb7cc</value>
         <object_component_ref idref="oc-24a"/>
      </symbol>
      <symbol id="sm-90f">
         <name>_memset</name>
         <value>0xa51f</value>
         <object_component_ref idref="oc-262"/>
      </symbol>
      <symbol id="sm-91d">
         <name>_clock</name>
         <value>0xb7fb</value>
         <object_component_ref idref="oc-268"/>
      </symbol>
      <symbol id="sm-91e">
         <name>___c28xabi_CLOCKS_PER_SEC</name>
         <value>0xae1a</value>
         <object_component_ref idref="oc-21b"/>
      </symbol>
      <symbol id="sm-939">
         <name>FD$$ADD</name>
         <value>0x9eee</value>
         <object_component_ref idref="oc-220"/>
      </symbol>
      <symbol id="sm-945">
         <name>_HOSTclock</name>
         <value>0xa392</value>
         <object_component_ref idref="oc-269"/>
      </symbol>
      <symbol id="sm-951">
         <name>_parmbuf</name>
         <value>0x11b6</value>
         <object_component_ref idref="oc-26a"/>
      </symbol>
      <symbol id="sm-96a">
         <name>___TI_readmsg</name>
         <value>0xa0f2</value>
         <object_component_ref idref="oc-26b"/>
      </symbol>
      <symbol id="sm-96b">
         <name>C$$IO$$</name>
         <value>0xa0ed</value>
         <object_component_ref idref="oc-26b"/>
      </symbol>
      <symbol id="sm-96c">
         <name>__CIOBUF_</name>
         <value>0x500</value>
         <object_component_ref idref="oc-230"/>
      </symbol>
      <symbol id="sm-96d">
         <name>___TI_writemsg</name>
         <value>0xa09a</value>
         <object_component_ref idref="oc-26b"/>
      </symbol>
   </symbol_table>
   <title>Link errors: red sections failed placement,available memory ranges in purple</title>
</link_info>
