<?xml version="1.0" encoding="ISO-8859-1" ?>
<link_info>
   <banner>TMS320C2000 Linker PC v18.12.3.LTS</banner>
   <copyright>Copyright (c) 1996-2018 Texas Instruments Incorporated</copyright>
   <link_time>0x5fc55129</link_time>
   <link_errors>0x0</link_errors>
   <output_file>STM_0_1.out</output_file>
   <entry_point>
      <name>code_start</name>
      <address>0x0</address>
   </entry_point>
   <input_file_list>
      <input_file id="fl-2">
         <path>.\</path>
         <kind>object</kind>
         <file>F2837xD_CodeStartBranch.obj</file>
         <name>F2837xD_CodeStartBranch.obj</name>
      </input_file>
      <input_file id="fl-3">
         <path>.\</path>
         <kind>object</kind>
         <file>F2837xD_DefaultISR.obj</file>
         <name>F2837xD_DefaultISR.obj</name>
      </input_file>
      <input_file id="fl-4">
         <path>.\</path>
         <kind>object</kind>
         <file>F2837xD_GlobalVariableDefs.obj</file>
         <name>F2837xD_GlobalVariableDefs.obj</name>
      </input_file>
      <input_file id="fl-5">
         <path>.\</path>
         <kind>object</kind>
         <file>F2837xD_Gpio.obj</file>
         <name>F2837xD_Gpio.obj</name>
      </input_file>
      <input_file id="fl-6">
         <path>.\</path>
         <kind>object</kind>
         <file>F2837xD_Ipc.obj</file>
         <name>F2837xD_Ipc.obj</name>
      </input_file>
      <input_file id="fl-7">
         <path>.\</path>
         <kind>object</kind>
         <file>F2837xD_PieCtrl.obj</file>
         <name>F2837xD_PieCtrl.obj</name>
      </input_file>
      <input_file id="fl-8">
         <path>.\</path>
         <kind>object</kind>
         <file>F2837xD_PieVect.obj</file>
         <name>F2837xD_PieVect.obj</name>
      </input_file>
      <input_file id="fl-9">
         <path>.\</path>
         <kind>object</kind>
         <file>F2837xD_SysCtrl.obj</file>
         <name>F2837xD_SysCtrl.obj</name>
      </input_file>
      <input_file id="fl-a">
         <path>.\</path>
         <kind>object</kind>
         <file>F2837xD_usDelay.obj</file>
         <name>F2837xD_usDelay.obj</name>
      </input_file>
      <input_file id="fl-b">
         <path>.\</path>
         <kind>object</kind>
         <file>main.obj</file>
         <name>main.obj</name>
      </input_file>
      <input_file id="fl-c">
         <path>.\Functions\</path>
         <kind>object</kind>
         <file>20bitDAC.obj</file>
         <name>20bitDAC.obj</name>
      </input_file>
      <input_file id="fl-d">
         <path>.\Functions\</path>
         <kind>object</kind>
         <file>ADC.obj</file>
         <name>ADC.obj</name>
      </input_file>
      <input_file id="fl-e">
         <path>.\Functions\</path>
         <kind>object</kind>
         <file>Aout.obj</file>
         <name>Aout.obj</name>
      </input_file>
      <input_file id="fl-f">
         <path>.\Functions\</path>
         <kind>object</kind>
         <file>Auto.obj</file>
         <name>Auto.obj</name>
      </input_file>
      <input_file id="fl-10">
         <path>.\Functions\</path>
         <kind>object</kind>
         <file>DAC.obj</file>
         <name>DAC.obj</name>
      </input_file>
      <input_file id="fl-11">
         <path>.\Functions\</path>
         <kind>object</kind>
         <file>Digital.obj</file>
         <name>Digital.obj</name>
      </input_file>
      <input_file id="fl-12">
         <path>.\Functions\</path>
         <kind>object</kind>
         <file>Fundamental.obj</file>
         <name>Fundamental.obj</name>
      </input_file>
      <input_file id="fl-13">
         <path>.\Functions\</path>
         <kind>object</kind>
         <file>Oscilloscope.obj</file>
         <name>Oscilloscope.obj</name>
      </input_file>
      <input_file id="fl-14">
         <path>.\Functions\</path>
         <kind>object</kind>
         <file>PinInit.obj</file>
         <name>PinInit.obj</name>
      </input_file>
      <input_file id="fl-15">
         <path>.\Functions\</path>
         <kind>object</kind>
         <file>Protection.obj</file>
         <name>Protection.obj</name>
      </input_file>
      <input_file id="fl-16">
         <path>.\Functions\</path>
         <kind>object</kind>
         <file>Ramp.obj</file>
         <name>Ramp.obj</name>
      </input_file>
      <input_file id="fl-17">
         <path>.\Functions\</path>
         <kind>object</kind>
         <file>RampDiag.obj</file>
         <name>RampDiag.obj</name>
      </input_file>
      <input_file id="fl-18">
         <path>.\Functions\</path>
         <kind>object</kind>
         <file>SPI.obj</file>
         <name>SPI.obj</name>
      </input_file>
      <input_file id="fl-19">
         <path>.\Functions\</path>
         <kind>object</kind>
         <file>Sequence.obj</file>
         <name>Sequence.obj</name>
      </input_file>
      <input_file id="fl-1a">
         <path>.\Functions\</path>
         <kind>object</kind>
         <file>Serial.obj</file>
         <name>Serial.obj</name>
      </input_file>
      <input_file id="fl-1b">
         <path>.\Functions\</path>
         <kind>object</kind>
         <file>Status.obj</file>
         <name>Status.obj</name>
      </input_file>
      <input_file id="fl-1c">
         <path>.\Functions\</path>
         <kind>object</kind>
         <file>TipApproach.obj</file>
         <name>TipApproach.obj</name>
      </input_file>
      <input_file id="fl-22">
         <kind>object</kind>
         <file>&lt;internal&gt;</file>
         <name>&lt;internal&gt;</name>
      </input_file>
      <input_file id="fl-23">
         <path>C:\ti\ccs920\ccs\tools\compiler\ti-cgt-c2000_18.12.3.LTS\lib\</path>
         <kind>archive</kind>
         <file>rts2800_fpu32.lib</file>
         <name>boot28.asm.obj</name>
      </input_file>
      <input_file id="fl-24">
         <path>C:\ti\ccs920\ccs\tools\compiler\ti-cgt-c2000_18.12.3.LTS\lib\</path>
         <kind>archive</kind>
         <file>rts2800_fpu32.lib</file>
         <name>fd_mpy28.asm.obj</name>
      </input_file>
      <input_file id="fl-25">
         <path>C:\ti\ccs920\ccs\tools\compiler\ti-cgt-c2000_18.12.3.LTS\lib\</path>
         <kind>archive</kind>
         <file>rts2800_fpu32.lib</file>
         <name>fd_sub28.asm.obj</name>
      </input_file>
      <input_file id="fl-26">
         <path>C:\ti\ccs920\ccs\tools\compiler\ti-cgt-c2000_18.12.3.LTS\lib\</path>
         <kind>archive</kind>
         <file>rts2800_fpu32.lib</file>
         <name>fd_tol28.asm.obj</name>
      </input_file>
      <input_file id="fl-27">
         <path>C:\ti\ccs920\ccs\tools\compiler\ti-cgt-c2000_18.12.3.LTS\lib\</path>
         <kind>archive</kind>
         <file>rts2800_fpu32.lib</file>
         <name>fs_div28.asm.obj</name>
      </input_file>
      <input_file id="fl-28">
         <path>C:\ti\ccs920\ccs\tools\compiler\ti-cgt-c2000_18.12.3.LTS\lib\</path>
         <kind>archive</kind>
         <file>rts2800_fpu32.lib</file>
         <name>ll_aox28.asm.obj</name>
      </input_file>
      <input_file id="fl-29">
         <path>C:\ti\ccs920\ccs\tools\compiler\ti-cgt-c2000_18.12.3.LTS\lib\</path>
         <kind>archive</kind>
         <file>rts2800_fpu32.lib</file>
         <name>u_tofd28.asm.obj</name>
      </input_file>
      <input_file id="fl-2a">
         <path>C:\ti\ccs920\ccs\tools\compiler\ti-cgt-c2000_18.12.3.LTS\lib\</path>
         <kind>archive</kind>
         <file>rts2800_fpu32.lib</file>
         <name>ul_tofd28.asm.obj</name>
      </input_file>
      <input_file id="fl-2b">
         <path>C:\ti\ccs920\ccs\tools\compiler\ti-cgt-c2000_18.12.3.LTS\lib\</path>
         <kind>archive</kind>
         <file>rts2800_fpu32.lib</file>
         <name>fd_div28.asm.obj</name>
      </input_file>
      <input_file id="fl-2c">
         <path>C:\ti\ccs920\ccs\tools\compiler\ti-cgt-c2000_18.12.3.LTS\lib\</path>
         <kind>archive</kind>
         <file>rts2800_fpu32.lib</file>
         <name>cpy_tbl.c.obj</name>
      </input_file>
      <input_file id="fl-2d">
         <path>C:\ti\ccs920\ccs\tools\compiler\ti-cgt-c2000_18.12.3.LTS\lib\</path>
         <kind>archive</kind>
         <file>rts2800_fpu32.lib</file>
         <name>memcpy.c.obj</name>
      </input_file>
      <input_file id="fl-2e">
         <path>C:\ti\ccs920\ccs\tools\compiler\ti-cgt-c2000_18.12.3.LTS\lib\</path>
         <kind>archive</kind>
         <file>rts2800_fpu32.lib</file>
         <name>pre_init.c.obj</name>
      </input_file>
      <input_file id="fl-2f">
         <path>C:\ti\ccs920\ccs\tools\compiler\ti-cgt-c2000_18.12.3.LTS\lib\</path>
         <kind>archive</kind>
         <file>rts2800_fpu32.lib</file>
         <name>startup.c.obj</name>
      </input_file>
      <input_file id="fl-30">
         <path>C:\ti\ccs920\ccs\tools\compiler\ti-cgt-c2000_18.12.3.LTS\lib\</path>
         <kind>archive</kind>
         <file>rts2800_fpu32.lib</file>
         <name>exit.c.obj</name>
      </input_file>
      <input_file id="fl-31">
         <path>C:\ti\ccs920\ccs\tools\compiler\ti-cgt-c2000_18.12.3.LTS\lib\</path>
         <kind>archive</kind>
         <file>rts2800_fpu32.lib</file>
         <name>_lock.c.obj</name>
      </input_file>
      <input_file id="fl-32">
         <path>C:\ti\ccs920\ccs\tools\compiler\ti-cgt-c2000_18.12.3.LTS\lib\</path>
         <kind>archive</kind>
         <file>rts2800_fpu32.lib</file>
         <name>args_main.c.obj</name>
      </input_file>
      <input_file id="fl-33">
         <path>C:\ti\ccs920\ccs\tools\compiler\ti-cgt-c2000_18.12.3.LTS\lib\</path>
         <kind>archive</kind>
         <file>rts2800_fpu32.lib</file>
         <name>memset.c.obj</name>
      </input_file>
      <input_file id="fl-34">
         <path>C:\ti\ccs920\ccs\tools\compiler\ti-cgt-c2000_18.12.3.LTS\lib\</path>
         <kind>archive</kind>
         <file>rts2800_fpu32.lib</file>
         <name>fd_add28.asm.obj</name>
      </input_file>
   </input_file_list>
   <object_component_list>
      <object_component id="oc-84">
         <name>codestart</name>
         <load_address>0x0</load_address>
         <run_address>0x0</run_address>
         <size>0x2</size>
         <input_file_ref idref="fl-2"/>
      </object_component>
      <object_component id="oc-1da">
         <name>.text</name>
         <load_address>0x8000</load_address>
         <run_address>0x8000</run_address>
         <size>0x48f</size>
         <input_file_ref idref="fl-9"/>
      </object_component>
      <object_component id="oc-1db">
         <name>.text</name>
         <load_address>0x848f</load_address>
         <run_address>0x848f</run_address>
         <size>0x244</size>
         <input_file_ref idref="fl-5"/>
      </object_component>
      <object_component id="oc-1ed">
         <name>.text</name>
         <load_address>0x86d3</load_address>
         <run_address>0x86d3</run_address>
         <size>0x126</size>
         <input_file_ref idref="fl-e"/>
      </object_component>
      <object_component id="oc-1e7">
         <name>.text</name>
         <load_address>0x8800</load_address>
         <run_address>0x8800</run_address>
         <size>0x3af</size>
         <input_file_ref idref="fl-16"/>
      </object_component>
      <object_component id="oc-1ec">
         <name>.text</name>
         <load_address>0x8baf</load_address>
         <run_address>0x8baf</run_address>
         <size>0x381</size>
         <input_file_ref idref="fl-1c"/>
      </object_component>
      <object_component id="oc-1df">
         <name>.text</name>
         <load_address>0x8f30</load_address>
         <run_address>0x8f30</run_address>
         <size>0xd0</size>
         <input_file_ref idref="fl-18"/>
      </object_component>
      <object_component id="oc-1e8">
         <name>.text</name>
         <load_address>0x9000</load_address>
         <run_address>0x9000</run_address>
         <size>0x22b</size>
         <input_file_ref idref="fl-17"/>
      </object_component>
      <object_component id="oc-1d7">
         <name>.text</name>
         <load_address>0x922b</load_address>
         <run_address>0x922b</run_address>
         <size>0x1a9</size>
         <input_file_ref idref="fl-b"/>
      </object_component>
      <object_component id="oc-1e6">
         <name>.text</name>
         <load_address>0x93d4</load_address>
         <run_address>0x93d4</run_address>
         <size>0x17a</size>
         <input_file_ref idref="fl-12"/>
      </object_component>
      <object_component id="oc-1ee">
         <name>.text</name>
         <load_address>0x954e</load_address>
         <run_address>0x954e</run_address>
         <size>0x152</size>
         <input_file_ref idref="fl-f"/>
      </object_component>
      <object_component id="oc-1e2">
         <name>.text</name>
         <load_address>0x96a0</load_address>
         <run_address>0x96a0</run_address>
         <size>0x13c</size>
         <input_file_ref idref="fl-10"/>
      </object_component>
      <object_component id="oc-1d2">
         <name>.text</name>
         <load_address>0x97dc</load_address>
         <run_address>0x97dc</run_address>
         <size>0x24</size>
         <input_file_ref idref="fl-2c"/>
      </object_component>
      <object_component id="oc-1f0">
         <name>.text</name>
         <load_address>0x9800</load_address>
         <run_address>0x9800</run_address>
         <size>0x10a</size>
         <input_file_ref idref="fl-11"/>
      </object_component>
      <object_component id="oc-1e4">
         <name>.text</name>
         <load_address>0x990a</load_address>
         <run_address>0x990a</run_address>
         <size>0xfe</size>
         <input_file_ref idref="fl-1b"/>
      </object_component>
      <object_component id="oc-1e3">
         <name>.text</name>
         <load_address>0x9a08</load_address>
         <run_address>0x9a08</run_address>
         <size>0xe5</size>
         <input_file_ref idref="fl-d"/>
      </object_component>
      <object_component id="oc-1e0">
         <name>.text</name>
         <load_address>0x9aed</load_address>
         <run_address>0x9aed</run_address>
         <size>0xdc</size>
         <input_file_ref idref="fl-1a"/>
      </object_component>
      <object_component id="oc-1ef">
         <name>.text</name>
         <load_address>0x9bc9</load_address>
         <run_address>0x9bc9</run_address>
         <size>0xc3</size>
         <input_file_ref idref="fl-13"/>
      </object_component>
      <object_component id="oc-1dc">
         <name>.text</name>
         <load_address>0x9c8c</load_address>
         <run_address>0x9c8c</run_address>
         <size>0xbb</size>
         <input_file_ref idref="fl-14"/>
      </object_component>
      <object_component id="oc-1e1">
         <name>.text</name>
         <load_address>0x9d47</load_address>
         <run_address>0x9d47</run_address>
         <size>0xac</size>
         <input_file_ref idref="fl-c"/>
      </object_component>
      <object_component id="oc-1f5">
         <name>.text</name>
         <load_address>0x9df3</load_address>
         <run_address>0x9df3</run_address>
         <size>0xa6</size>
         <input_file_ref idref="fl-15"/>
      </object_component>
      <object_component id="oc-1cc">
         <name>.text</name>
         <load_address>0x9e99</load_address>
         <run_address>0x9e99</run_address>
         <size>0x9c</size>
         <input_file_ref idref="fl-34"/>
      </object_component>
      <object_component id="oc-19d">
         <name>.text</name>
         <load_address>0x9f35</load_address>
         <run_address>0x9f35</run_address>
         <size>0x8b</size>
         <input_file_ref idref="fl-2b"/>
      </object_component>
      <object_component id="oc-1dd">
         <name>.text</name>
         <load_address>0x9fc0</load_address>
         <run_address>0x9fc0</run_address>
         <size>0x28</size>
         <input_file_ref idref="fl-7"/>
      </object_component>
      <object_component id="oc-18e">
         <name>.text</name>
         <load_address>0x9fe8</load_address>
         <run_address>0x9fe8</run_address>
         <size>0x18</size>
         <input_file_ref idref="fl-28"/>
      </object_component>
      <object_component id="oc-189">
         <name>.text</name>
         <load_address>0xa000</load_address>
         <run_address>0xa000</run_address>
         <size>0x88</size>
         <input_file_ref idref="fl-27"/>
      </object_component>
      <object_component id="oc-17a">
         <name>.text</name>
         <load_address>0xa088</load_address>
         <run_address>0xa088</run_address>
         <size>0x83</size>
         <input_file_ref idref="fl-24"/>
      </object_component>
      <object_component id="oc-173">
         <name>.text</name>
         <load_address>0xa10b</load_address>
         <run_address>0xa10b</run_address>
         <size>0x56</size>
         <input_file_ref idref="fl-23"/>
      </object_component>
      <object_component id="oc-1de">
         <name>.text</name>
         <load_address>0xa161</load_address>
         <run_address>0xa161</run_address>
         <size>0x26</size>
         <input_file_ref idref="fl-8"/>
      </object_component>
      <object_component id="oc-184">
         <name>.text</name>
         <load_address>0xa187</load_address>
         <run_address>0xa187</run_address>
         <size>0x1f</size>
         <input_file_ref idref="fl-26"/>
      </object_component>
      <object_component id="oc-1d6">
         <name>.text</name>
         <load_address>0xa1a6</load_address>
         <run_address>0xa1a6</run_address>
         <size>0x1d</size>
         <input_file_ref idref="fl-2d"/>
      </object_component>
      <object_component id="oc-1d4">
         <name>.text</name>
         <load_address>0xa1c3</load_address>
         <run_address>0xa1c3</run_address>
         <size>0x19</size>
         <input_file_ref idref="fl-32"/>
      </object_component>
      <object_component id="oc-193">
         <name>.text</name>
         <load_address>0xa1dc</load_address>
         <run_address>0xa1dc</run_address>
         <size>0x17</size>
         <input_file_ref idref="fl-29"/>
      </object_component>
      <object_component id="oc-198">
         <name>.text</name>
         <load_address>0xa1f3</load_address>
         <run_address>0xa1f3</run_address>
         <size>0x16</size>
         <input_file_ref idref="fl-2a"/>
      </object_component>
      <object_component id="oc-17f">
         <name>.text</name>
         <load_address>0xa209</load_address>
         <run_address>0xa209</run_address>
         <size>0xe</size>
         <input_file_ref idref="fl-25"/>
      </object_component>
      <object_component id="oc-1f1">
         <name>.text</name>
         <load_address>0xa217</load_address>
         <run_address>0xa217</run_address>
         <size>0x9</size>
         <input_file_ref idref="fl-31"/>
      </object_component>
      <object_component id="oc-8a">
         <name>.text:retain</name>
         <load_address>0xb000</load_address>
         <run_address>0xb000</run_address>
         <size>0x585</size>
         <input_file_ref idref="fl-3"/>
      </object_component>
      <object_component id="oc-1f6">
         <name>.text</name>
         <load_address>0xb585</load_address>
         <run_address>0xb585</run_address>
         <size>0x24a</size>
         <input_file_ref idref="fl-19"/>
      </object_component>
      <object_component id="oc-1d5">
         <name>.text</name>
         <load_address>0xb7cf</load_address>
         <run_address>0xb7cf</run_address>
         <size>0x29</size>
         <input_file_ref idref="fl-30"/>
      </object_component>
      <object_component id="oc-1d1">
         <name>.text</name>
         <load_address>0xb7f8</load_address>
         <run_address>0xb7f8</run_address>
         <size>0x2</size>
         <input_file_ref idref="fl-2e"/>
      </object_component>
      <object_component id="oc-1d3">
         <name>.text</name>
         <load_address>0xb7fa</load_address>
         <run_address>0xb7fa</run_address>
         <size>0x1</size>
         <input_file_ref idref="fl-2f"/>
      </object_component>
      <object_component id="oc-1b7">
         <name>.cinit</name>
         <load_address>0x122</load_address>
         <run_address>0x122</run_address>
         <size>0xe</size>
         <input_file_ref idref="fl-30"/>
      </object_component>
      <object_component id="oc-1d9">
         <name>.cinit:__lock</name>
         <load_address>0x130</load_address>
         <run_address>0x130</run_address>
         <size>0x5</size>
         <input_file_ref idref="fl-31"/>
      </object_component>
      <object_component id="oc-1f2">
         <name>.cinit:__unlock</name>
         <load_address>0x135</load_address>
         <run_address>0x135</run_address>
         <size>0x5</size>
         <input_file_ref idref="fl-31"/>
      </object_component>
      <object_component id="oc-175">
         <name>.reset</name>
         <load_address>0x3fffc0</load_address>
         <run_address>0x3fffc0</run_address>
         <size>0x2</size>
         <input_file_ref idref="fl-23"/>
      </object_component>
      <object_component id="oc-174">
         <name>.stack</name>
         <uninitialized>true</uninitialized>
         <run_address>0x400</run_address>
         <size>0x0</size>
         <input_file_ref idref="fl-23"/>
      </object_component>
      <object_component id="oc-281">
         <name>.stack</name>
         <uninitialized>true</uninitialized>
         <run_address>0x400</run_address>
         <size>0x0</size>
      </object_component>
      <object_component id="oc-111">
         <name>.ebss</name>
         <uninitialized>true</uninitialized>
         <run_address>0xaa4f</run_address>
         <size>0x1</size>
         <input_file_ref idref="fl-b"/>
      </object_component>
      <object_component id="oc-136">
         <name>.ebss</name>
         <uninitialized>true</uninitialized>
         <run_address>0xaa46</run_address>
         <size>0x5</size>
         <input_file_ref idref="fl-12"/>
      </object_component>
      <object_component id="oc-167">
         <name>.ebss</name>
         <uninitialized>true</uninitialized>
         <run_address>0xaa50</run_address>
         <size>0x2</size>
         <input_file_ref idref="fl-1b"/>
      </object_component>
      <object_component id="oc-1ea">
         <name>.ebss:_dacrange</name>
         <uninitialized>true</uninitialized>
         <run_address>0xaa4b</run_address>
         <size>0x4</size>
         <input_file_ref idref="fl-1b"/>
      </object_component>
      <object_component id="oc-1eb">
         <name>.ebss:_adcrange</name>
         <uninitialized>true</uninitialized>
         <run_address>0xaa38</run_address>
         <size>0x8</size>
         <input_file_ref idref="fl-1b"/>
      </object_component>
      <object_component id="oc-1f4">
         <name>.ebss:_lastdigital</name>
         <uninitialized>true</uninitialized>
         <run_address>0xaa2a</run_address>
         <size>0xe</size>
         <input_file_ref idref="fl-1b"/>
      </object_component>
      <object_component id="oc-1e9">
         <name>.ebss:_lastdac</name>
         <uninitialized>true</uninitialized>
         <run_address>0xaa0a</run_address>
         <size>0x10</size>
         <input_file_ref idref="fl-1b"/>
      </object_component>
      <object_component id="oc-1e5">
         <name>.ebss:_offset</name>
         <uninitialized>true</uninitialized>
         <run_address>0xaa1a</run_address>
         <size>0x10</size>
         <input_file_ref idref="fl-1b"/>
      </object_component>
      <object_component id="oc-1b8">
         <name>.ebss</name>
         <uninitialized>true</uninitialized>
         <run_address>0xaa40</run_address>
         <size>0x6</size>
         <input_file_ref idref="fl-30"/>
      </object_component>
      <object_component id="oc-1d8">
         <name>.ebss:__lock</name>
         <uninitialized>true</uninitialized>
         <run_address>0xaa52</run_address>
         <size>0x2</size>
         <input_file_ref idref="fl-31"/>
      </object_component>
      <object_component id="oc-1f7">
         <name>.ebss:__unlock</name>
         <uninitialized>true</uninitialized>
         <run_address>0xaa54</run_address>
         <size>0x2</size>
         <input_file_ref idref="fl-31"/>
      </object_component>
      <object_component id="oc-1f3">
         <name>.econst:_PieVectTableInit</name>
         <load_address>0xa800</load_address>
         <run_address>0xa800</run_address>
         <size>0x1c0</size>
         <input_file_ref idref="fl-8"/>
      </object_component>
      <object_component id="oc-168">
         <name>.econst:.string</name>
         <load_address>0xa9c0</load_address>
         <run_address>0xa9c0</run_address>
         <size>0xd</size>
         <input_file_ref idref="fl-1b"/>
      </object_component>
      <object_component id="oc-121">
         <name>.econst</name>
         <load_address>0xa9ce</load_address>
         <run_address>0xa9ce</run_address>
         <size>0xc</size>
         <input_file_ref idref="fl-e"/>
      </object_component>
      <object_component id="oc-14b">
         <name>.econst</name>
         <load_address>0xa9da</load_address>
         <run_address>0xa9da</run_address>
         <size>0xc</size>
         <input_file_ref idref="fl-16"/>
      </object_component>
      <object_component id="oc-151">
         <name>.econst</name>
         <load_address>0xa9e6</load_address>
         <run_address>0xa9e6</run_address>
         <size>0xc</size>
         <input_file_ref idref="fl-17"/>
      </object_component>
      <object_component id="oc-15c">
         <name>.econst</name>
         <load_address>0xa9f2</load_address>
         <run_address>0xa9f2</run_address>
         <size>0xc</size>
         <input_file_ref idref="fl-19"/>
      </object_component>
      <object_component id="oc-16e">
         <name>.econst</name>
         <load_address>0xa9fe</load_address>
         <run_address>0xa9fe</run_address>
         <size>0xc</size>
         <input_file_ref idref="fl-1c"/>
      </object_component>
      <object_component id="oc-10b">
         <name>.TI.ramfunc</name>
         <load_address>0x13c</load_address>
         <run_address>0x13c</run_address>
         <size>0x4</size>
         <input_file_ref idref="fl-a"/>
      </object_component>
      <object_component id="oc-f0">
         <name>PieVectTableFile</name>
         <uninitialized>true</uninitialized>
         <run_address>0xd00</run_address>
         <size>0x1c0</size>
         <input_file_ref idref="fl-4"/>
      </object_component>
      <object_component id="oc-90">
         <name>EmuBModeVar</name>
         <uninitialized>true</uninitialized>
         <run_address>0xd00</run_address>
         <size>0x1</size>
         <input_file_ref idref="fl-4"/>
      </object_component>
      <object_component id="oc-91">
         <name>EmuBootPinsVar</name>
         <uninitialized>true</uninitialized>
         <run_address>0xd01</run_address>
         <size>0x1</size>
         <input_file_ref idref="fl-4"/>
      </object_component>
      <object_component id="oc-a7">
         <name>AdcaResultFile</name>
         <uninitialized>true</uninitialized>
         <run_address>0xb00</run_address>
         <size>0x18</size>
         <input_file_ref idref="fl-4"/>
      </object_component>
      <object_component id="oc-a8">
         <name>AdcbResultFile</name>
         <uninitialized>true</uninitialized>
         <run_address>0xb20</run_address>
         <size>0x18</size>
         <input_file_ref idref="fl-4"/>
      </object_component>
      <object_component id="oc-a9">
         <name>AdccResultFile</name>
         <uninitialized>true</uninitialized>
         <run_address>0xb40</run_address>
         <size>0x18</size>
         <input_file_ref idref="fl-4"/>
      </object_component>
      <object_component id="oc-aa">
         <name>AdcdResultFile</name>
         <uninitialized>true</uninitialized>
         <run_address>0xb60</run_address>
         <size>0x18</size>
         <input_file_ref idref="fl-4"/>
      </object_component>
      <object_component id="oc-d6">
         <name>AdcaRegsFile</name>
         <uninitialized>true</uninitialized>
         <run_address>0x7400</run_address>
         <size>0x80</size>
         <input_file_ref idref="fl-4"/>
      </object_component>
      <object_component id="oc-d7">
         <name>AdcbRegsFile</name>
         <uninitialized>true</uninitialized>
         <run_address>0x7480</run_address>
         <size>0x80</size>
         <input_file_ref idref="fl-4"/>
      </object_component>
      <object_component id="oc-d8">
         <name>AdccRegsFile</name>
         <uninitialized>true</uninitialized>
         <run_address>0x7500</run_address>
         <size>0x80</size>
         <input_file_ref idref="fl-4"/>
      </object_component>
      <object_component id="oc-d9">
         <name>AdcdRegsFile</name>
         <uninitialized>true</uninitialized>
         <run_address>0x7580</run_address>
         <size>0x80</size>
         <input_file_ref idref="fl-4"/>
      </object_component>
      <object_component id="oc-d2">
         <name>AnalogSubsysRegsFile</name>
         <uninitialized>true</uninitialized>
         <run_address>0x5d180</run_address>
         <size>0x48</size>
         <input_file_ref idref="fl-4"/>
      </object_component>
      <object_component id="oc-ec">
         <name>CanaRegsFile</name>
         <uninitialized>true</uninitialized>
         <run_address>0x48000</run_address>
         <size>0x164</size>
         <input_file_ref idref="fl-4"/>
      </object_component>
      <object_component id="oc-ed">
         <name>CanbRegsFile</name>
         <uninitialized>true</uninitialized>
         <run_address>0x4a000</run_address>
         <size>0x164</size>
         <input_file_ref idref="fl-4"/>
      </object_component>
      <object_component id="oc-cd">
         <name>Cla1RegsFile</name>
         <uninitialized>true</uninitialized>
         <run_address>0x1400</run_address>
         <size>0x3e</size>
         <input_file_ref idref="fl-4"/>
      </object_component>
      <object_component id="oc-95">
         <name>Cla1SoftIntRegsFile</name>
         <uninitialized>true</uninitialized>
         <run_address>0xce0</run_address>
         <size>0x4</size>
         <input_file_ref idref="fl-4"/>
      </object_component>
      <object_component id="oc-ad">
         <name>Cmpss1RegsFile</name>
         <uninitialized>true</uninitialized>
         <run_address>0x5c80</run_address>
         <size>0x20</size>
         <input_file_ref idref="fl-4"/>
      </object_component>
      <object_component id="oc-ae">
         <name>Cmpss2RegsFile</name>
         <uninitialized>true</uninitialized>
         <run_address>0x5ca0</run_address>
         <size>0x20</size>
         <input_file_ref idref="fl-4"/>
      </object_component>
      <object_component id="oc-af">
         <name>Cmpss3RegsFile</name>
         <uninitialized>true</uninitialized>
         <run_address>0x5cc0</run_address>
         <size>0x20</size>
         <input_file_ref idref="fl-4"/>
      </object_component>
      <object_component id="oc-b0">
         <name>Cmpss4RegsFile</name>
         <uninitialized>true</uninitialized>
         <run_address>0x5ce0</run_address>
         <size>0x20</size>
         <input_file_ref idref="fl-4"/>
      </object_component>
      <object_component id="oc-b1">
         <name>Cmpss5RegsFile</name>
         <uninitialized>true</uninitialized>
         <run_address>0x5d00</run_address>
         <size>0x20</size>
         <input_file_ref idref="fl-4"/>
      </object_component>
      <object_component id="oc-b2">
         <name>Cmpss6RegsFile</name>
         <uninitialized>true</uninitialized>
         <run_address>0x5d20</run_address>
         <size>0x20</size>
         <input_file_ref idref="fl-4"/>
      </object_component>
      <object_component id="oc-b3">
         <name>Cmpss7RegsFile</name>
         <uninitialized>true</uninitialized>
         <run_address>0x5d40</run_address>
         <size>0x20</size>
         <input_file_ref idref="fl-4"/>
      </object_component>
      <object_component id="oc-b4">
         <name>Cmpss8RegsFile</name>
         <uninitialized>true</uninitialized>
         <run_address>0x5d60</run_address>
         <size>0x20</size>
         <input_file_ref idref="fl-4"/>
      </object_component>
      <object_component id="oc-9b">
         <name>CpuTimer0RegsFile</name>
         <uninitialized>true</uninitialized>
         <run_address>0xc00</run_address>
         <size>0x8</size>
         <input_file_ref idref="fl-4"/>
      </object_component>
      <object_component id="oc-9c">
         <name>CpuTimer1RegsFile</name>
         <uninitialized>true</uninitialized>
         <run_address>0xc08</run_address>
         <size>0x8</size>
         <input_file_ref idref="fl-4"/>
      </object_component>
      <object_component id="oc-9d">
         <name>CpuTimer2RegsFile</name>
         <uninitialized>true</uninitialized>
         <run_address>0xc10</run_address>
         <size>0x8</size>
         <input_file_ref idref="fl-4"/>
      </object_component>
      <object_component id="oc-98">
         <name>DacaRegsFile</name>
         <uninitialized>true</uninitialized>
         <run_address>0x5c00</run_address>
         <size>0x8</size>
         <input_file_ref idref="fl-4"/>
      </object_component>
      <object_component id="oc-99">
         <name>DacbRegsFile</name>
         <uninitialized>true</uninitialized>
         <run_address>0x5c10</run_address>
         <size>0x8</size>
         <input_file_ref idref="fl-4"/>
      </object_component>
      <object_component id="oc-9a">
         <name>DaccRegsFile</name>
         <uninitialized>true</uninitialized>
         <run_address>0x5c20</run_address>
         <size>0x8</size>
         <input_file_ref idref="fl-4"/>
      </object_component>
      <object_component id="oc-c4">
         <name>DcsmZ1RegsFile</name>
         <uninitialized>true</uninitialized>
         <run_address>0x5f000</run_address>
         <size>0x24</size>
         <input_file_ref idref="fl-4"/>
      </object_component>
      <object_component id="oc-c5">
         <name>DcsmZ2RegsFile</name>
         <uninitialized>true</uninitialized>
         <run_address>0x5f040</run_address>
         <size>0x24</size>
         <input_file_ref idref="fl-4"/>
      </object_component>
      <object_component id="oc-9e">
         <name>DcsmCommonRegsFile</name>
         <uninitialized>true</uninitialized>
         <run_address>0x5f070</run_address>
         <size>0x8</size>
         <input_file_ref idref="fl-4"/>
      </object_component>
      <object_component id="oc-de">
         <name>DmaRegsFile</name>
         <uninitialized>true</uninitialized>
         <run_address>0x1000</run_address>
         <size>0xe0</size>
         <input_file_ref idref="fl-4"/>
      </object_component>
      <object_component id="oc-ab">
         <name>DmaClaSrcSelRegsFile</name>
         <uninitialized>true</uninitialized>
         <run_address>0x7980</run_address>
         <size>0x1a</size>
         <input_file_ref idref="fl-4"/>
      </object_component>
      <object_component id="oc-b5">
         <name>ECap1RegsFile</name>
         <uninitialized>true</uninitialized>
         <run_address>0x5000</run_address>
         <size>0x20</size>
         <input_file_ref idref="fl-4"/>
      </object_component>
      <object_component id="oc-b6">
         <name>ECap2RegsFile</name>
         <uninitialized>true</uninitialized>
         <run_address>0x5020</run_address>
         <size>0x20</size>
         <input_file_ref idref="fl-4"/>
      </object_component>
      <object_component id="oc-b7">
         <name>ECap3RegsFile</name>
         <uninitialized>true</uninitialized>
         <run_address>0x5040</run_address>
         <size>0x20</size>
         <input_file_ref idref="fl-4"/>
      </object_component>
      <object_component id="oc-b8">
         <name>ECap4RegsFile</name>
         <uninitialized>true</uninitialized>
         <run_address>0x5060</run_address>
         <size>0x20</size>
         <input_file_ref idref="fl-4"/>
      </object_component>
      <object_component id="oc-b9">
         <name>ECap5RegsFile</name>
         <uninitialized>true</uninitialized>
         <run_address>0x5080</run_address>
         <size>0x20</size>
         <input_file_ref idref="fl-4"/>
      </object_component>
      <object_component id="oc-ba">
         <name>ECap6RegsFile</name>
         <uninitialized>true</uninitialized>
         <run_address>0x50a0</run_address>
         <size>0x20</size>
         <input_file_ref idref="fl-4"/>
      </object_component>
      <object_component id="oc-d4">
         <name>Emif1RegsFile</name>
         <uninitialized>true</uninitialized>
         <run_address>0x47000</run_address>
         <size>0x70</size>
         <input_file_ref idref="fl-4"/>
      </object_component>
      <object_component id="oc-d5">
         <name>Emif2RegsFile</name>
         <uninitialized>true</uninitialized>
         <run_address>0x47800</run_address>
         <size>0x70</size>
         <input_file_ref idref="fl-4"/>
      </object_component>
      <object_component id="oc-df">
         <name>EPwm1RegsFile</name>
         <uninitialized>true</uninitialized>
         <run_address>0x4000</run_address>
         <size>0x100</size>
         <input_file_ref idref="fl-4"/>
      </object_component>
      <object_component id="oc-e0">
         <name>EPwm2RegsFile</name>
         <uninitialized>true</uninitialized>
         <run_address>0x4100</run_address>
         <size>0x100</size>
         <input_file_ref idref="fl-4"/>
      </object_component>
      <object_component id="oc-e1">
         <name>EPwm3RegsFile</name>
         <uninitialized>true</uninitialized>
         <run_address>0x4200</run_address>
         <size>0x100</size>
         <input_file_ref idref="fl-4"/>
      </object_component>
      <object_component id="oc-e2">
         <name>EPwm4RegsFile</name>
         <uninitialized>true</uninitialized>
         <run_address>0x4300</run_address>
         <size>0x100</size>
         <input_file_ref idref="fl-4"/>
      </object_component>
      <object_component id="oc-e3">
         <name>EPwm5RegsFile</name>
         <uninitialized>true</uninitialized>
         <run_address>0x4400</run_address>
         <size>0x100</size>
         <input_file_ref idref="fl-4"/>
      </object_component>
      <object_component id="oc-e4">
         <name>EPwm6RegsFile</name>
         <uninitialized>true</uninitialized>
         <run_address>0x4500</run_address>
         <size>0x100</size>
         <input_file_ref idref="fl-4"/>
      </object_component>
      <object_component id="oc-e5">
         <name>EPwm7RegsFile</name>
         <uninitialized>true</uninitialized>
         <run_address>0x4600</run_address>
         <size>0x100</size>
         <input_file_ref idref="fl-4"/>
      </object_component>
      <object_component id="oc-e6">
         <name>EPwm8RegsFile</name>
         <uninitialized>true</uninitialized>
         <run_address>0x4700</run_address>
         <size>0x100</size>
         <input_file_ref idref="fl-4"/>
      </object_component>
      <object_component id="oc-e7">
         <name>EPwm9RegsFile</name>
         <uninitialized>true</uninitialized>
         <run_address>0x4800</run_address>
         <size>0x100</size>
         <input_file_ref idref="fl-4"/>
      </object_component>
      <object_component id="oc-e8">
         <name>EPwm10RegsFile</name>
         <uninitialized>true</uninitialized>
         <run_address>0x4900</run_address>
         <size>0x100</size>
         <input_file_ref idref="fl-4"/>
      </object_component>
      <object_component id="oc-e9">
         <name>EPwm11RegsFile</name>
         <uninitialized>true</uninitialized>
         <run_address>0x4a00</run_address>
         <size>0x100</size>
         <input_file_ref idref="fl-4"/>
      </object_component>
      <object_component id="oc-ea">
         <name>EPwm12RegsFile</name>
         <uninitialized>true</uninitialized>
         <run_address>0x4b00</run_address>
         <size>0x100</size>
         <input_file_ref idref="fl-4"/>
      </object_component>
      <object_component id="oc-ce">
         <name>EPwmXbarRegsFile</name>
         <uninitialized>true</uninitialized>
         <run_address>0x7a00</run_address>
         <size>0x40</size>
         <input_file_ref idref="fl-4"/>
      </object_component>
      <object_component id="oc-bf">
         <name>EQep1RegsFile</name>
         <uninitialized>true</uninitialized>
         <run_address>0x5100</run_address>
         <size>0x22</size>
         <input_file_ref idref="fl-4"/>
      </object_component>
      <object_component id="oc-c0">
         <name>EQep2RegsFile</name>
         <uninitialized>true</uninitialized>
         <run_address>0x5140</run_address>
         <size>0x22</size>
         <input_file_ref idref="fl-4"/>
      </object_component>
      <object_component id="oc-c1">
         <name>EQep3RegsFile</name>
         <uninitialized>true</uninitialized>
         <run_address>0x5180</run_address>
         <size>0x22</size>
         <input_file_ref idref="fl-4"/>
      </object_component>
      <object_component id="oc-ef">
         <name>Flash0CtrlRegsFile</name>
         <uninitialized>true</uninitialized>
         <run_address>0x5f800</run_address>
         <size>0x182</size>
         <input_file_ref idref="fl-4"/>
      </object_component>
      <object_component id="oc-c9">
         <name>Flash0EccRegsFile</name>
         <uninitialized>true</uninitialized>
         <run_address>0x5fb00</run_address>
         <size>0x28</size>
         <input_file_ref idref="fl-4"/>
      </object_component>
      <object_component id="oc-ee">
         <name>GpioCtrlRegsFile</name>
         <uninitialized>true</uninitialized>
         <run_address>0x7c00</run_address>
         <size>0x180</size>
         <input_file_ref idref="fl-4"/>
      </object_component>
      <object_component id="oc-cb">
         <name>GpioDataRegsFile</name>
         <uninitialized>true</uninitialized>
         <run_address>0x7f00</run_address>
         <size>0x30</size>
         <input_file_ref idref="fl-4"/>
      </object_component>
      <object_component id="oc-cf">
         <name>OutputXbarRegsFile</name>
         <uninitialized>true</uninitialized>
         <run_address>0x7a80</run_address>
         <size>0x40</size>
         <input_file_ref idref="fl-4"/>
      </object_component>
      <object_component id="oc-c2">
         <name>I2caRegsFile</name>
         <uninitialized>true</uninitialized>
         <run_address>0x7300</run_address>
         <size>0x22</size>
         <input_file_ref idref="fl-4"/>
      </object_component>
      <object_component id="oc-c3">
         <name>I2cbRegsFile</name>
         <uninitialized>true</uninitialized>
         <run_address>0x7340</run_address>
         <size>0x22</size>
         <input_file_ref idref="fl-4"/>
      </object_component>
      <object_component id="oc-bb">
         <name>InputXbarRegsFile</name>
         <uninitialized>true</uninitialized>
         <run_address>0x7900</run_address>
         <size>0x20</size>
         <input_file_ref idref="fl-4"/>
      </object_component>
      <object_component id="oc-bc">
         <name>XbarRegsFile</name>
         <uninitialized>true</uninitialized>
         <run_address>0x7920</run_address>
         <size>0x20</size>
         <input_file_ref idref="fl-4"/>
      </object_component>
      <object_component id="oc-c6">
         <name>IpcRegsFile</name>
         <uninitialized>true</uninitialized>
         <run_address>0x50000</run_address>
         <size>0x24</size>
         <input_file_ref idref="fl-4"/>
      </object_component>
      <object_component id="oc-92">
         <name>FlashPumpSemaphoreRegsFile</name>
         <uninitialized>true</uninitialized>
         <run_address>0x50024</run_address>
         <size>0x2</size>
         <input_file_ref idref="fl-4"/>
      </object_component>
      <object_component id="oc-93">
         <name>RomPrefetchRegsFile</name>
         <uninitialized>true</uninitialized>
         <run_address>0x5e608</run_address>
         <size>0x2</size>
         <input_file_ref idref="fl-4"/>
      </object_component>
      <object_component id="oc-da">
         <name>MemCfgRegsFile</name>
         <uninitialized>true</uninitialized>
         <run_address>0x5f400</run_address>
         <size>0x80</size>
         <input_file_ref idref="fl-4"/>
      </object_component>
      <object_component id="oc-bd">
         <name>Emif1ConfigRegsFile</name>
         <uninitialized>true</uninitialized>
         <run_address>0x5f480</run_address>
         <size>0x20</size>
         <input_file_ref idref="fl-4"/>
      </object_component>
      <object_component id="oc-be">
         <name>Emif2ConfigRegsFile</name>
         <uninitialized>true</uninitialized>
         <run_address>0x5f4a0</run_address>
         <size>0x20</size>
         <input_file_ref idref="fl-4"/>
      </object_component>
      <object_component id="oc-d0">
         <name>AccessProtectionRegsFile</name>
         <uninitialized>true</uninitialized>
         <run_address>0x5f4c0</run_address>
         <size>0x40</size>
         <input_file_ref idref="fl-4"/>
      </object_component>
      <object_component id="oc-d1">
         <name>MemoryErrorRegsFile</name>
         <uninitialized>true</uninitialized>
         <run_address>0x5f500</run_address>
         <size>0x40</size>
         <input_file_ref idref="fl-4"/>
      </object_component>
      <object_component id="oc-94">
         <name>RomWaitStateRegsFile</name>
         <uninitialized>true</uninitialized>
         <run_address>0x5f540</run_address>
         <size>0x2</size>
         <input_file_ref idref="fl-4"/>
      </object_component>
      <object_component id="oc-c7">
         <name>McbspaRegsFile</name>
         <uninitialized>true</uninitialized>
         <run_address>0x6000</run_address>
         <size>0x24</size>
         <input_file_ref idref="fl-4"/>
      </object_component>
      <object_component id="oc-c8">
         <name>McbspbRegsFile</name>
         <uninitialized>true</uninitialized>
         <run_address>0x6040</run_address>
         <size>0x24</size>
         <input_file_ref idref="fl-4"/>
      </object_component>
      <object_component id="oc-d3">
         <name>UppRegsFile</name>
         <uninitialized>true</uninitialized>
         <run_address>0x6200</run_address>
         <size>0x48</size>
         <input_file_ref idref="fl-4"/>
      </object_component>
      <object_component id="oc-97">
         <name>NmiIntruptRegsFile</name>
         <uninitialized>true</uninitialized>
         <run_address>0x7060</run_address>
         <size>0x7</size>
         <input_file_ref idref="fl-4"/>
      </object_component>
      <object_component id="oc-ac">
         <name>PieCtrlRegsFile</name>
         <uninitialized>true</uninitialized>
         <run_address>0xce0</run_address>
         <size>0x1a</size>
         <input_file_ref idref="fl-4"/>
      </object_component>
      <object_component id="oc-a0">
         <name>SciaRegsFile</name>
         <uninitialized>true</uninitialized>
         <run_address>0x7200</run_address>
         <size>0x10</size>
         <input_file_ref idref="fl-4"/>
      </object_component>
      <object_component id="oc-a1">
         <name>ScibRegsFile</name>
         <uninitialized>true</uninitialized>
         <run_address>0x7210</run_address>
         <size>0x10</size>
         <input_file_ref idref="fl-4"/>
      </object_component>
      <object_component id="oc-a2">
         <name>ScicRegsFile</name>
         <uninitialized>true</uninitialized>
         <run_address>0x7220</run_address>
         <size>0x10</size>
         <input_file_ref idref="fl-4"/>
      </object_component>
      <object_component id="oc-a3">
         <name>ScidRegsFile</name>
         <uninitialized>true</uninitialized>
         <run_address>0x7230</run_address>
         <size>0x10</size>
         <input_file_ref idref="fl-4"/>
      </object_component>
      <object_component id="oc-db">
         <name>Sdfm1RegsFile</name>
         <uninitialized>true</uninitialized>
         <run_address>0x5e00</run_address>
         <size>0x80</size>
         <input_file_ref idref="fl-4"/>
      </object_component>
      <object_component id="oc-dc">
         <name>Sdfm2RegsFile</name>
         <uninitialized>true</uninitialized>
         <run_address>0x5e80</run_address>
         <size>0x80</size>
         <input_file_ref idref="fl-4"/>
      </object_component>
      <object_component id="oc-a4">
         <name>SpiaRegsFile</name>
         <uninitialized>true</uninitialized>
         <run_address>0x6100</run_address>
         <size>0x10</size>
         <input_file_ref idref="fl-4"/>
      </object_component>
      <object_component id="oc-a5">
         <name>SpibRegsFile</name>
         <uninitialized>true</uninitialized>
         <run_address>0x6110</run_address>
         <size>0x10</size>
         <input_file_ref idref="fl-4"/>
      </object_component>
      <object_component id="oc-a6">
         <name>SpicRegsFile</name>
         <uninitialized>true</uninitialized>
         <run_address>0x6120</run_address>
         <size>0x10</size>
         <input_file_ref idref="fl-4"/>
      </object_component>
      <object_component id="oc-eb">
         <name>DevCfgRegsFile</name>
         <uninitialized>true</uninitialized>
         <run_address>0x5d000</run_address>
         <size>0x12e</size>
         <input_file_ref idref="fl-4"/>
      </object_component>
      <object_component id="oc-cc">
         <name>ClkCfgRegsFile</name>
         <uninitialized>true</uninitialized>
         <run_address>0x5d200</run_address>
         <size>0x32</size>
         <input_file_ref idref="fl-4"/>
      </object_component>
      <object_component id="oc-dd">
         <name>CpuSysRegsFile</name>
         <uninitialized>true</uninitialized>
         <run_address>0x5d300</run_address>
         <size>0x82</size>
         <input_file_ref idref="fl-4"/>
      </object_component>
      <object_component id="oc-96">
         <name>SyncSocRegsFile</name>
         <uninitialized>true</uninitialized>
         <run_address>0x7940</run_address>
         <size>0x6</size>
         <input_file_ref idref="fl-4"/>
      </object_component>
      <object_component id="oc-ca">
         <name>WdRegsFile</name>
         <uninitialized>true</uninitialized>
         <run_address>0x7000</run_address>
         <size>0x2b</size>
         <input_file_ref idref="fl-4"/>
      </object_component>
      <object_component id="oc-9f">
         <name>XintRegsFile</name>
         <uninitialized>true</uninitialized>
         <run_address>0x7070</run_address>
         <size>0xb</size>
         <input_file_ref idref="fl-4"/>
      </object_component>
      <object_component id="oc-85">
         <name>.debug_line</name>
         <load_address>0x0</load_address>
         <run_address>0x0</run_address>
         <size>0x4d</size>
         <input_file_ref idref="fl-2"/>
      </object_component>
      <object_component id="oc-8c">
         <name>.debug_line</name>
         <load_address>0x4d</load_address>
         <run_address>0x4d</run_address>
         <size>0xcdf</size>
         <input_file_ref idref="fl-3"/>
      </object_component>
      <object_component id="oc-f4">
         <name>.debug_line</name>
         <load_address>0xd2c</load_address>
         <run_address>0xd2c</run_address>
         <size>0x264</size>
         <input_file_ref idref="fl-5"/>
      </object_component>
      <object_component id="oc-f9">
         <name>.debug_line</name>
         <load_address>0xf90</load_address>
         <run_address>0xf90</run_address>
         <size>0x31</size>
         <input_file_ref idref="fl-6"/>
      </object_component>
      <object_component id="oc-fe">
         <name>.debug_line</name>
         <load_address>0xfc1</load_address>
         <run_address>0xfc1</run_address>
         <size>0x87</size>
         <input_file_ref idref="fl-7"/>
      </object_component>
      <object_component id="oc-103">
         <name>.debug_line</name>
         <load_address>0x1048</load_address>
         <run_address>0x1048</run_address>
         <size>0x69</size>
         <input_file_ref idref="fl-8"/>
      </object_component>
      <object_component id="oc-108">
         <name>.debug_line</name>
         <load_address>0x10b1</load_address>
         <run_address>0x10b1</run_address>
         <size>0x522</size>
         <input_file_ref idref="fl-9"/>
      </object_component>
      <object_component id="oc-10c">
         <name>.debug_line</name>
         <load_address>0x15d3</load_address>
         <run_address>0x15d3</run_address>
         <size>0x4a</size>
         <input_file_ref idref="fl-a"/>
      </object_component>
      <object_component id="oc-113">
         <name>.debug_line</name>
         <load_address>0x161d</load_address>
         <run_address>0x161d</run_address>
         <size>0x125</size>
         <input_file_ref idref="fl-b"/>
      </object_component>
      <object_component id="oc-118">
         <name>.debug_line</name>
         <load_address>0x1742</load_address>
         <run_address>0x1742</run_address>
         <size>0xe9</size>
         <input_file_ref idref="fl-c"/>
      </object_component>
      <object_component id="oc-11d">
         <name>.debug_line</name>
         <load_address>0x182b</load_address>
         <run_address>0x182b</run_address>
         <size>0x140</size>
         <input_file_ref idref="fl-d"/>
      </object_component>
      <object_component id="oc-123">
         <name>.debug_line</name>
         <load_address>0x196b</load_address>
         <run_address>0x196b</run_address>
         <size>0xcf</size>
         <input_file_ref idref="fl-e"/>
      </object_component>
      <object_component id="oc-128">
         <name>.debug_line</name>
         <load_address>0x1a3a</load_address>
         <run_address>0x1a3a</run_address>
         <size>0x12c</size>
         <input_file_ref idref="fl-f"/>
      </object_component>
      <object_component id="oc-12d">
         <name>.debug_line</name>
         <load_address>0x1b66</load_address>
         <run_address>0x1b66</run_address>
         <size>0x12e</size>
         <input_file_ref idref="fl-10"/>
      </object_component>
      <object_component id="oc-132">
         <name>.debug_line</name>
         <load_address>0x1c94</load_address>
         <run_address>0x1c94</run_address>
         <size>0xf7</size>
         <input_file_ref idref="fl-11"/>
      </object_component>
      <object_component id="oc-138">
         <name>.debug_line</name>
         <load_address>0x1d8b</load_address>
         <run_address>0x1d8b</run_address>
         <size>0x1dc</size>
         <input_file_ref idref="fl-12"/>
      </object_component>
      <object_component id="oc-13d">
         <name>.debug_line</name>
         <load_address>0x1f67</load_address>
         <run_address>0x1f67</run_address>
         <size>0xa9</size>
         <input_file_ref idref="fl-13"/>
      </object_component>
      <object_component id="oc-142">
         <name>.debug_line</name>
         <load_address>0x2010</load_address>
         <run_address>0x2010</run_address>
         <size>0x8d</size>
         <input_file_ref idref="fl-14"/>
      </object_component>
      <object_component id="oc-147">
         <name>.debug_line</name>
         <load_address>0x209d</load_address>
         <run_address>0x209d</run_address>
         <size>0xbf</size>
         <input_file_ref idref="fl-15"/>
      </object_component>
      <object_component id="oc-14d">
         <name>.debug_line</name>
         <load_address>0x215c</load_address>
         <run_address>0x215c</run_address>
         <size>0x1be</size>
         <input_file_ref idref="fl-16"/>
      </object_component>
      <object_component id="oc-153">
         <name>.debug_line</name>
         <load_address>0x231a</load_address>
         <run_address>0x231a</run_address>
         <size>0x115</size>
         <input_file_ref idref="fl-17"/>
      </object_component>
      <object_component id="oc-158">
         <name>.debug_line</name>
         <load_address>0x242f</load_address>
         <run_address>0x242f</run_address>
         <size>0x11b</size>
         <input_file_ref idref="fl-18"/>
      </object_component>
      <object_component id="oc-15e">
         <name>.debug_line</name>
         <load_address>0x254a</load_address>
         <run_address>0x254a</run_address>
         <size>0xe6</size>
         <input_file_ref idref="fl-19"/>
      </object_component>
      <object_component id="oc-163">
         <name>.debug_line</name>
         <load_address>0x2630</load_address>
         <run_address>0x2630</run_address>
         <size>0x163</size>
         <input_file_ref idref="fl-1a"/>
      </object_component>
      <object_component id="oc-16a">
         <name>.debug_line</name>
         <load_address>0x2793</load_address>
         <run_address>0x2793</run_address>
         <size>0x148</size>
         <input_file_ref idref="fl-1b"/>
      </object_component>
      <object_component id="oc-170">
         <name>.debug_line</name>
         <load_address>0x28db</load_address>
         <run_address>0x28db</run_address>
         <size>0x1ae</size>
         <input_file_ref idref="fl-1c"/>
      </object_component>
      <object_component id="oc-177">
         <name>.debug_line</name>
         <load_address>0x2a89</load_address>
         <run_address>0x2a89</run_address>
         <size>0x7e</size>
         <input_file_ref idref="fl-23"/>
      </object_component>
      <object_component id="oc-17c">
         <name>.debug_line</name>
         <load_address>0x2b07</load_address>
         <run_address>0x2b07</run_address>
         <size>0xa2</size>
         <input_file_ref idref="fl-24"/>
      </object_component>
      <object_component id="oc-181">
         <name>.debug_line</name>
         <load_address>0x2ba9</load_address>
         <run_address>0x2ba9</run_address>
         <size>0x49</size>
         <input_file_ref idref="fl-25"/>
      </object_component>
      <object_component id="oc-186">
         <name>.debug_line</name>
         <load_address>0x2bf2</load_address>
         <run_address>0x2bf2</run_address>
         <size>0x58</size>
         <input_file_ref idref="fl-26"/>
      </object_component>
      <object_component id="oc-18b">
         <name>.debug_line</name>
         <load_address>0x2c4a</load_address>
         <run_address>0x2c4a</run_address>
         <size>0xad</size>
         <input_file_ref idref="fl-27"/>
      </object_component>
      <object_component id="oc-190">
         <name>.debug_line</name>
         <load_address>0x2cf7</load_address>
         <run_address>0x2cf7</run_address>
         <size>0x6c</size>
         <input_file_ref idref="fl-28"/>
      </object_component>
      <object_component id="oc-195">
         <name>.debug_line</name>
         <load_address>0x2d63</load_address>
         <run_address>0x2d63</run_address>
         <size>0x52</size>
         <input_file_ref idref="fl-29"/>
      </object_component>
      <object_component id="oc-19a">
         <name>.debug_line</name>
         <load_address>0x2db5</load_address>
         <run_address>0x2db5</run_address>
         <size>0x52</size>
         <input_file_ref idref="fl-2a"/>
      </object_component>
      <object_component id="oc-19f">
         <name>.debug_line</name>
         <load_address>0x2e07</load_address>
         <run_address>0x2e07</run_address>
         <size>0xb3</size>
         <input_file_ref idref="fl-2b"/>
      </object_component>
      <object_component id="oc-1a4">
         <name>.debug_line</name>
         <load_address>0x2eba</load_address>
         <run_address>0x2eba</run_address>
         <size>0x50</size>
         <input_file_ref idref="fl-2c"/>
      </object_component>
      <object_component id="oc-1a9">
         <name>.debug_line</name>
         <load_address>0x2f0a</load_address>
         <run_address>0x2f0a</run_address>
         <size>0x62</size>
         <input_file_ref idref="fl-2d"/>
      </object_component>
      <object_component id="oc-1ae">
         <name>.debug_line</name>
         <load_address>0x2f6c</load_address>
         <run_address>0x2f6c</run_address>
         <size>0x3e</size>
         <input_file_ref idref="fl-2e"/>
      </object_component>
      <object_component id="oc-1b3">
         <name>.debug_line</name>
         <load_address>0x2faa</load_address>
         <run_address>0x2faa</run_address>
         <size>0x3a</size>
         <input_file_ref idref="fl-2f"/>
      </object_component>
      <object_component id="oc-1ba">
         <name>.debug_line</name>
         <load_address>0x2fe4</load_address>
         <run_address>0x2fe4</run_address>
         <size>0x65</size>
         <input_file_ref idref="fl-30"/>
      </object_component>
      <object_component id="oc-1bf">
         <name>.debug_line</name>
         <load_address>0x3049</load_address>
         <run_address>0x3049</run_address>
         <size>0x5e</size>
         <input_file_ref idref="fl-31"/>
      </object_component>
      <object_component id="oc-1c4">
         <name>.debug_line</name>
         <load_address>0x30a7</load_address>
         <run_address>0x30a7</run_address>
         <size>0x55</size>
         <input_file_ref idref="fl-32"/>
      </object_component>
      <object_component id="oc-1c9">
         <name>.debug_line</name>
         <load_address>0x30fc</load_address>
         <run_address>0x30fc</run_address>
         <size>0x8f</size>
         <input_file_ref idref="fl-33"/>
      </object_component>
      <object_component id="oc-1ce">
         <name>.debug_line</name>
         <load_address>0x318b</load_address>
         <run_address>0x318b</run_address>
         <size>0xc4</size>
         <input_file_ref idref="fl-34"/>
      </object_component>
      <object_component id="oc-86">
         <name>.debug_info</name>
         <load_address>0x0</load_address>
         <run_address>0x0</run_address>
         <size>0x110</size>
         <input_file_ref idref="fl-2"/>
      </object_component>
      <object_component id="oc-89">
         <name>.debug_info</name>
         <load_address>0x110</load_address>
         <run_address>0x110</run_address>
         <size>0x34de</size>
         <input_file_ref idref="fl-3"/>
      </object_component>
      <object_component id="oc-8f">
         <name>.debug_info</name>
         <load_address>0x35ee</load_address>
         <run_address>0x35ee</run_address>
         <size>0x5054a</size>
         <input_file_ref idref="fl-4"/>
      </object_component>
      <object_component id="oc-f2">
         <name>.debug_info</name>
         <load_address>0x53b38</load_address>
         <run_address>0x53b38</run_address>
         <size>0x19f65</size>
         <input_file_ref idref="fl-5"/>
      </object_component>
      <object_component id="oc-f7">
         <name>.debug_info</name>
         <load_address>0x6da9d</load_address>
         <run_address>0x6da9d</run_address>
         <size>0x1630</size>
         <input_file_ref idref="fl-6"/>
      </object_component>
      <object_component id="oc-fc">
         <name>.debug_info</name>
         <load_address>0x6f0cd</load_address>
         <run_address>0x6f0cd</run_address>
         <size>0x354f</size>
         <input_file_ref idref="fl-7"/>
      </object_component>
      <object_component id="oc-101">
         <name>.debug_info</name>
         <load_address>0x7261c</load_address>
         <run_address>0x7261c</run_address>
         <size>0x6715</size>
         <input_file_ref idref="fl-8"/>
      </object_component>
      <object_component id="oc-106">
         <name>.debug_info</name>
         <load_address>0x78d31</load_address>
         <run_address>0x78d31</run_address>
         <size>0xcaff</size>
         <input_file_ref idref="fl-9"/>
      </object_component>
      <object_component id="oc-10d">
         <name>.debug_info</name>
         <load_address>0x85830</load_address>
         <run_address>0x85830</run_address>
         <size>0x10b</size>
         <input_file_ref idref="fl-a"/>
      </object_component>
      <object_component id="oc-110">
         <name>.debug_info</name>
         <load_address>0x8593b</load_address>
         <run_address>0x8593b</run_address>
         <size>0x21f5</size>
         <input_file_ref idref="fl-b"/>
      </object_component>
      <object_component id="oc-116">
         <name>.debug_info</name>
         <load_address>0x87b30</load_address>
         <run_address>0x87b30</run_address>
         <size>0x996</size>
         <input_file_ref idref="fl-c"/>
      </object_component>
      <object_component id="oc-11b">
         <name>.debug_info</name>
         <load_address>0x884c6</load_address>
         <run_address>0x884c6</run_address>
         <size>0xbda</size>
         <input_file_ref idref="fl-d"/>
      </object_component>
      <object_component id="oc-120">
         <name>.debug_info</name>
         <load_address>0x890a0</load_address>
         <run_address>0x890a0</run_address>
         <size>0xafb</size>
         <input_file_ref idref="fl-e"/>
      </object_component>
      <object_component id="oc-126">
         <name>.debug_info</name>
         <load_address>0x89b9b</load_address>
         <run_address>0x89b9b</run_address>
         <size>0xb7c</size>
         <input_file_ref idref="fl-f"/>
      </object_component>
      <object_component id="oc-12b">
         <name>.debug_info</name>
         <load_address>0x8a717</load_address>
         <run_address>0x8a717</run_address>
         <size>0xae6</size>
         <input_file_ref idref="fl-10"/>
      </object_component>
      <object_component id="oc-130">
         <name>.debug_info</name>
         <load_address>0x8b1fd</load_address>
         <run_address>0x8b1fd</run_address>
         <size>0x968</size>
         <input_file_ref idref="fl-11"/>
      </object_component>
      <object_component id="oc-135">
         <name>.debug_info</name>
         <load_address>0x8bb65</load_address>
         <run_address>0x8bb65</run_address>
         <size>0xcb1</size>
         <input_file_ref idref="fl-12"/>
      </object_component>
      <object_component id="oc-13b">
         <name>.debug_info</name>
         <load_address>0x8c816</load_address>
         <run_address>0x8c816</run_address>
         <size>0x7c2</size>
         <input_file_ref idref="fl-13"/>
      </object_component>
      <object_component id="oc-140">
         <name>.debug_info</name>
         <load_address>0x8cfd8</load_address>
         <run_address>0x8cfd8</run_address>
         <size>0x8c8</size>
         <input_file_ref idref="fl-14"/>
      </object_component>
      <object_component id="oc-145">
         <name>.debug_info</name>
         <load_address>0x8d8a0</load_address>
         <run_address>0x8d8a0</run_address>
         <size>0x86d</size>
         <input_file_ref idref="fl-15"/>
      </object_component>
      <object_component id="oc-14a">
         <name>.debug_info</name>
         <load_address>0x8e10d</load_address>
         <run_address>0x8e10d</run_address>
         <size>0x156e</size>
         <input_file_ref idref="fl-16"/>
      </object_component>
      <object_component id="oc-150">
         <name>.debug_info</name>
         <load_address>0x8f67b</load_address>
         <run_address>0x8f67b</run_address>
         <size>0xcd7</size>
         <input_file_ref idref="fl-17"/>
      </object_component>
      <object_component id="oc-156">
         <name>.debug_info</name>
         <load_address>0x90352</load_address>
         <run_address>0x90352</run_address>
         <size>0x10b0</size>
         <input_file_ref idref="fl-18"/>
      </object_component>
      <object_component id="oc-15b">
         <name>.debug_info</name>
         <load_address>0x91402</load_address>
         <run_address>0x91402</run_address>
         <size>0x99f</size>
         <input_file_ref idref="fl-19"/>
      </object_component>
      <object_component id="oc-161">
         <name>.debug_info</name>
         <load_address>0x91da1</load_address>
         <run_address>0x91da1</run_address>
         <size>0x1609</size>
         <input_file_ref idref="fl-1a"/>
      </object_component>
      <object_component id="oc-166">
         <name>.debug_info</name>
         <load_address>0x933aa</load_address>
         <run_address>0x933aa</run_address>
         <size>0x8da</size>
         <input_file_ref idref="fl-1b"/>
      </object_component>
      <object_component id="oc-16d">
         <name>.debug_info</name>
         <load_address>0x93c84</load_address>
         <run_address>0x93c84</run_address>
         <size>0x1319</size>
         <input_file_ref idref="fl-1c"/>
      </object_component>
      <object_component id="oc-176">
         <name>.debug_info</name>
         <load_address>0x94f9d</load_address>
         <run_address>0x94f9d</run_address>
         <size>0x174</size>
         <input_file_ref idref="fl-23"/>
      </object_component>
      <object_component id="oc-17b">
         <name>.debug_info</name>
         <load_address>0x95111</load_address>
         <run_address>0x95111</run_address>
         <size>0x115</size>
         <input_file_ref idref="fl-24"/>
      </object_component>
      <object_component id="oc-180">
         <name>.debug_info</name>
         <load_address>0x95226</load_address>
         <run_address>0x95226</run_address>
         <size>0x123</size>
         <input_file_ref idref="fl-25"/>
      </object_component>
      <object_component id="oc-185">
         <name>.debug_info</name>
         <load_address>0x95349</load_address>
         <run_address>0x95349</run_address>
         <size>0x115</size>
         <input_file_ref idref="fl-26"/>
      </object_component>
      <object_component id="oc-18a">
         <name>.debug_info</name>
         <load_address>0x9545e</load_address>
         <run_address>0x9545e</run_address>
         <size>0x115</size>
         <input_file_ref idref="fl-27"/>
      </object_component>
      <object_component id="oc-18f">
         <name>.debug_info</name>
         <load_address>0x95573</load_address>
         <run_address>0x95573</run_address>
         <size>0x177</size>
         <input_file_ref idref="fl-28"/>
      </object_component>
      <object_component id="oc-194">
         <name>.debug_info</name>
         <load_address>0x956ea</load_address>
         <run_address>0x956ea</run_address>
         <size>0x119</size>
         <input_file_ref idref="fl-29"/>
      </object_component>
      <object_component id="oc-199">
         <name>.debug_info</name>
         <load_address>0x95803</load_address>
         <run_address>0x95803</run_address>
         <size>0x11c</size>
         <input_file_ref idref="fl-2a"/>
      </object_component>
      <object_component id="oc-19e">
         <name>.debug_info</name>
         <load_address>0x9591f</load_address>
         <run_address>0x9591f</run_address>
         <size>0x115</size>
         <input_file_ref idref="fl-2b"/>
      </object_component>
      <object_component id="oc-1a2">
         <name>.debug_info</name>
         <load_address>0x95a34</load_address>
         <run_address>0x95a34</run_address>
         <size>0x562</size>
         <input_file_ref idref="fl-2c"/>
      </object_component>
      <object_component id="oc-1a7">
         <name>.debug_info</name>
         <load_address>0x95f96</load_address>
         <run_address>0x95f96</run_address>
         <size>0x43b</size>
         <input_file_ref idref="fl-2d"/>
      </object_component>
      <object_component id="oc-1ac">
         <name>.debug_info</name>
         <load_address>0x963d1</load_address>
         <run_address>0x963d1</run_address>
         <size>0x3ae</size>
         <input_file_ref idref="fl-2e"/>
      </object_component>
      <object_component id="oc-1b1">
         <name>.debug_info</name>
         <load_address>0x9677f</load_address>
         <run_address>0x9677f</run_address>
         <size>0x3ab</size>
         <input_file_ref idref="fl-2f"/>
      </object_component>
      <object_component id="oc-1b6">
         <name>.debug_info</name>
         <load_address>0x96b2a</load_address>
         <run_address>0x96b2a</run_address>
         <size>0x545</size>
         <input_file_ref idref="fl-30"/>
      </object_component>
      <object_component id="oc-1bd">
         <name>.debug_info</name>
         <load_address>0x9706f</load_address>
         <run_address>0x9706f</run_address>
         <size>0x4cd</size>
         <input_file_ref idref="fl-31"/>
      </object_component>
      <object_component id="oc-1c2">
         <name>.debug_info</name>
         <load_address>0x9753c</load_address>
         <run_address>0x9753c</run_address>
         <size>0x468</size>
         <input_file_ref idref="fl-32"/>
      </object_component>
      <object_component id="oc-1c7">
         <name>.debug_info</name>
         <load_address>0x979a4</load_address>
         <run_address>0x979a4</run_address>
         <size>0x377</size>
         <input_file_ref idref="fl-33"/>
      </object_component>
      <object_component id="oc-1cd">
         <name>.debug_info</name>
         <load_address>0x97d1b</load_address>
         <run_address>0x97d1b</run_address>
         <size>0x115</size>
         <input_file_ref idref="fl-34"/>
      </object_component>
      <object_component id="oc-288">
         <name>.debug_info</name>
         <load_address>0x97e30</load_address>
         <run_address>0x97e30</run_address>
         <size>0xc5</size>
      </object_component>
      <object_component id="oc-87">
         <name>.debug_abbrev</name>
         <load_address>0x0</load_address>
         <run_address>0x0</run_address>
         <size>0x21</size>
         <input_file_ref idref="fl-2"/>
      </object_component>
      <object_component id="oc-8d">
         <name>.debug_abbrev</name>
         <load_address>0x21</load_address>
         <run_address>0x21</run_address>
         <size>0xb6</size>
         <input_file_ref idref="fl-3"/>
      </object_component>
      <object_component id="oc-f1">
         <name>.debug_abbrev</name>
         <load_address>0xd7</load_address>
         <run_address>0xd7</run_address>
         <size>0xcb</size>
         <input_file_ref idref="fl-4"/>
      </object_component>
      <object_component id="oc-f5">
         <name>.debug_abbrev</name>
         <load_address>0x1a2</load_address>
         <run_address>0x1a2</run_address>
         <size>0x191</size>
         <input_file_ref idref="fl-5"/>
      </object_component>
      <object_component id="oc-fa">
         <name>.debug_abbrev</name>
         <load_address>0x333</load_address>
         <run_address>0x333</run_address>
         <size>0x15f</size>
         <input_file_ref idref="fl-6"/>
      </object_component>
      <object_component id="oc-ff">
         <name>.debug_abbrev</name>
         <load_address>0x492</load_address>
         <run_address>0x492</run_address>
         <size>0xc8</size>
         <input_file_ref idref="fl-7"/>
      </object_component>
      <object_component id="oc-104">
         <name>.debug_abbrev</name>
         <load_address>0x55a</load_address>
         <run_address>0x55a</run_address>
         <size>0x116</size>
         <input_file_ref idref="fl-8"/>
      </object_component>
      <object_component id="oc-109">
         <name>.debug_abbrev</name>
         <load_address>0x670</load_address>
         <run_address>0x670</run_address>
         <size>0x1b5</size>
         <input_file_ref idref="fl-9"/>
      </object_component>
      <object_component id="oc-10e">
         <name>.debug_abbrev</name>
         <load_address>0x825</load_address>
         <run_address>0x825</run_address>
         <size>0x2f</size>
         <input_file_ref idref="fl-a"/>
      </object_component>
      <object_component id="oc-114">
         <name>.debug_abbrev</name>
         <load_address>0x854</load_address>
         <run_address>0x854</run_address>
         <size>0x16f</size>
         <input_file_ref idref="fl-b"/>
      </object_component>
      <object_component id="oc-119">
         <name>.debug_abbrev</name>
         <load_address>0x9c3</load_address>
         <run_address>0x9c3</run_address>
         <size>0x100</size>
         <input_file_ref idref="fl-c"/>
      </object_component>
      <object_component id="oc-11e">
         <name>.debug_abbrev</name>
         <load_address>0xac3</load_address>
         <run_address>0xac3</run_address>
         <size>0x129</size>
         <input_file_ref idref="fl-d"/>
      </object_component>
      <object_component id="oc-124">
         <name>.debug_abbrev</name>
         <load_address>0xbec</load_address>
         <run_address>0xbec</run_address>
         <size>0x100</size>
         <input_file_ref idref="fl-e"/>
      </object_component>
      <object_component id="oc-129">
         <name>.debug_abbrev</name>
         <load_address>0xcec</load_address>
         <run_address>0xcec</run_address>
         <size>0x109</size>
         <input_file_ref idref="fl-f"/>
      </object_component>
      <object_component id="oc-12e">
         <name>.debug_abbrev</name>
         <load_address>0xdf5</load_address>
         <run_address>0xdf5</run_address>
         <size>0x100</size>
         <input_file_ref idref="fl-10"/>
      </object_component>
      <object_component id="oc-133">
         <name>.debug_abbrev</name>
         <load_address>0xef5</load_address>
         <run_address>0xef5</run_address>
         <size>0x100</size>
         <input_file_ref idref="fl-11"/>
      </object_component>
      <object_component id="oc-139">
         <name>.debug_abbrev</name>
         <load_address>0xff5</load_address>
         <run_address>0xff5</run_address>
         <size>0x132</size>
         <input_file_ref idref="fl-12"/>
      </object_component>
      <object_component id="oc-13e">
         <name>.debug_abbrev</name>
         <load_address>0x1127</load_address>
         <run_address>0x1127</run_address>
         <size>0x10f</size>
         <input_file_ref idref="fl-13"/>
      </object_component>
      <object_component id="oc-143">
         <name>.debug_abbrev</name>
         <load_address>0x1236</load_address>
         <run_address>0x1236</run_address>
         <size>0xaf</size>
         <input_file_ref idref="fl-14"/>
      </object_component>
      <object_component id="oc-148">
         <name>.debug_abbrev</name>
         <load_address>0x12e5</load_address>
         <run_address>0x12e5</run_address>
         <size>0xfe</size>
         <input_file_ref idref="fl-15"/>
      </object_component>
      <object_component id="oc-14e">
         <name>.debug_abbrev</name>
         <load_address>0x13e3</load_address>
         <run_address>0x13e3</run_address>
         <size>0x142</size>
         <input_file_ref idref="fl-16"/>
      </object_component>
      <object_component id="oc-154">
         <name>.debug_abbrev</name>
         <load_address>0x1525</load_address>
         <run_address>0x1525</run_address>
         <size>0x119</size>
         <input_file_ref idref="fl-17"/>
      </object_component>
      <object_component id="oc-159">
         <name>.debug_abbrev</name>
         <load_address>0x163e</load_address>
         <run_address>0x163e</run_address>
         <size>0x14f</size>
         <input_file_ref idref="fl-18"/>
      </object_component>
      <object_component id="oc-15f">
         <name>.debug_abbrev</name>
         <load_address>0x178d</load_address>
         <run_address>0x178d</run_address>
         <size>0x122</size>
         <input_file_ref idref="fl-19"/>
      </object_component>
      <object_component id="oc-164">
         <name>.debug_abbrev</name>
         <load_address>0x18af</load_address>
[...]
         <object_component_ref idref="oc-1da"/>
      </symbol>
      <symbol id="sm-42e">
         <name>_F28x_usDelay</name>
         <value>0x13c</value>
         <object_component_ref idref="oc-10b"/>
      </symbol>
      <symbol id="sm-46b">
         <name>_main</name>
         <value>0x922b</value>
         <object_component_ref idref="oc-1d7"/>
      </symbol>
      <symbol id="sm-46c">
         <name>_commandLoop</name>
         <value>0x929e</value>
         <object_component_ref idref="oc-1d7"/>
      </symbol>
      <symbol id="sm-46d">
         <name>_testLoop</name>
         <value>0x9283</value>
         <object_component_ref idref="oc-1d7"/>
      </symbol>
      <symbol id="sm-46e">
         <name>_LoopCount</name>
         <value>0xaa4f</value>
         <object_component_ref idref="oc-111"/>
      </symbol>
      <symbol id="sm-47c">
         <name>_bit20_W_DSP</name>
         <value>0x9d8b</value>
         <object_component_ref idref="oc-1e1"/>
      </symbol>
      <symbol id="sm-47d">
         <name>_bit20_CLR_H</name>
         <value>0x9d58</value>
         <object_component_ref idref="oc-1e1"/>
      </symbol>
      <symbol id="sm-47e">
         <name>_bit20_R_DSP</name>
         <value>0x9dad</value>
         <object_component_ref idref="oc-1e1"/>
      </symbol>
      <symbol id="sm-47f">
         <name>_bit20_W</name>
         <value>0x9d69</value>
         <object_component_ref idref="oc-1e1"/>
      </symbol>
      <symbol id="sm-480">
         <name>_bit20Init</name>
         <value>0x9de2</value>
         <object_component_ref idref="oc-1e1"/>
      </symbol>
      <symbol id="sm-481">
         <name>_bit20_RST_H</name>
         <value>0x9d47</value>
         <object_component_ref idref="oc-1e1"/>
      </symbol>
      <symbol id="sm-490">
         <name>_adcInit</name>
         <value>0x9ae3</value>
         <object_component_ref idref="oc-1e3"/>
      </symbol>
      <symbol id="sm-491">
         <name>_adc_CNV</name>
         <value>0x9a2d</value>
         <object_component_ref idref="oc-1e3"/>
      </symbol>
      <symbol id="sm-492">
         <name>_adc_R_DSP</name>
         <value>0x9abf</value>
         <object_component_ref idref="oc-1e3"/>
      </symbol>
      <symbol id="sm-493">
         <name>_adc_DSP</name>
         <value>0x9a55</value>
         <object_component_ref idref="oc-1e3"/>
      </symbol>
      <symbol id="sm-494">
         <name>_adc_command</name>
         <value>0x9a19</value>
         <object_component_ref idref="oc-1e3"/>
      </symbol>
      <symbol id="sm-495">
         <name>_adc_PD_H</name>
         <value>0x9a08</value>
         <object_component_ref idref="oc-1e3"/>
      </symbol>
      <symbol id="sm-496">
         <name>_adc_CNV_N</name>
         <value>0x9a36</value>
         <object_component_ref idref="oc-1e3"/>
      </symbol>
      <symbol id="sm-497">
         <name>_adc_W_DSP</name>
         <value>0x9a9a</value>
         <object_component_ref idref="oc-1e3"/>
      </symbol>
      <symbol id="sm-498">
         <name>_adc_N_DSP</name>
         <value>0x9a76</value>
         <object_component_ref idref="oc-1e3"/>
      </symbol>
      <symbol id="sm-4af">
         <name>_sOut</name>
         <value>0x8701</value>
         <object_component_ref idref="oc-1ed"/>
      </symbol>
      <symbol id="sm-4b0">
         <name>_aOut_DSP</name>
         <value>0x86e3</value>
         <object_component_ref idref="oc-1ed"/>
      </symbol>
      <symbol id="sm-4b1">
         <name>_Square</name>
         <value>0x8726</value>
         <object_component_ref idref="oc-1ed"/>
      </symbol>
      <symbol id="sm-4b2">
         <name>_aOut</name>
         <value>0x86d3</value>
         <object_component_ref idref="oc-1ed"/>
      </symbol>
      <symbol id="sm-4d4">
         <name>_iAutoT</name>
         <value>0x9604</value>
         <object_component_ref idref="oc-1ee"/>
      </symbol>
      <symbol id="sm-4d5">
         <name>_zAuto0</name>
         <value>0x95b7</value>
         <object_component_ref idref="oc-1ee"/>
      </symbol>
      <symbol id="sm-4d6">
         <name>_zAutoT</name>
         <value>0x954e</value>
         <object_component_ref idref="oc-1ee"/>
      </symbol>
      <symbol id="sm-4d7">
         <name>_iAuto_DSP</name>
         <value>0x9673</value>
         <object_component_ref idref="oc-1ee"/>
      </symbol>
      <symbol id="sm-4d8">
         <name>_iAuto</name>
         <value>0x965f</value>
         <object_component_ref idref="oc-1ee"/>
      </symbol>
      <symbol id="sm-4d9">
         <name>_zAuto0_DSP</name>
         <value>0x95f1</value>
         <object_component_ref idref="oc-1ee"/>
      </symbol>
      <symbol id="sm-4ee">
         <name>_dacRange</name>
         <value>0x976d</value>
         <object_component_ref idref="oc-1e2"/>
      </symbol>
      <symbol id="sm-4ef">
         <name>_dac_RST_H</name>
         <value>0x96a0</value>
         <object_component_ref idref="oc-1e2"/>
      </symbol>
      <symbol id="sm-4f0">
         <name>_dac_W_DSP</name>
         <value>0x96eb</value>
         <object_component_ref idref="oc-1e2"/>
      </symbol>
      <symbol id="sm-4f1">
         <name>_dac_R_DSP</name>
         <value>0x9714</value>
         <object_component_ref idref="oc-1e2"/>
      </symbol>
      <symbol id="sm-4f2">
         <name>_dacInit</name>
         <value>0x9749</value>
         <object_component_ref idref="oc-1e2"/>
      </symbol>
      <symbol id="sm-4f3">
         <name>_dac_CLR_H</name>
         <value>0x96b1</value>
         <object_component_ref idref="oc-1e2"/>
      </symbol>
      <symbol id="sm-4f4">
         <name>_dac_W</name>
         <value>0x96c2</value>
         <object_component_ref idref="oc-1e2"/>
      </symbol>
      <symbol id="sm-511">
         <name>_digitalO_DSP</name>
         <value>0x9886</value>
         <object_component_ref idref="oc-1f0"/>
      </symbol>
      <symbol id="sm-512">
         <name>_digitalO</name>
         <value>0x9854</value>
         <object_component_ref idref="oc-1f0"/>
      </symbol>
      <symbol id="sm-513">
         <name>_gain_DSP</name>
         <value>0x9800</value>
         <object_component_ref idref="oc-1f0"/>
      </symbol>
      <symbol id="sm-514">
         <name>_digitalScan_DSP</name>
         <value>0x989f</value>
         <object_component_ref idref="oc-1f0"/>
      </symbol>
      <symbol id="sm-540">
         <name>_combine</name>
         <value>0x93d4</value>
         <object_component_ref idref="oc-1e6"/>
      </symbol>
      <symbol id="sm-541">
         <name>_split</name>
         <value>0x93f9</value>
         <object_component_ref idref="oc-1e6"/>
      </symbol>
      <symbol id="sm-542">
         <name>_reachLimit</name>
         <value>0x944e</value>
         <object_component_ref idref="oc-1e6"/>
      </symbol>
      <symbol id="sm-543">
         <name>_bigger</name>
         <value>0x9445</value>
         <object_component_ref idref="oc-1e6"/>
      </symbol>
      <symbol id="sm-544">
         <name>_smaller</name>
         <value>0x943c</value>
         <object_component_ref idref="oc-1e6"/>
      </symbol>
      <symbol id="sm-545">
         <name>_current_output</name>
         <value>0x9480</value>
         <object_component_ref idref="oc-1e6"/>
      </symbol>
      <symbol id="sm-546">
         <name>_updateLimit</name>
         <value>0x942a</value>
         <object_component_ref idref="oc-1e6"/>
      </symbol>
      <symbol id="sm-547">
         <name>_output_limit</name>
         <value>0x9493</value>
         <object_component_ref idref="oc-1e6"/>
      </symbol>
      <symbol id="sm-548">
         <name>_floatT</name>
         <value>0x949f</value>
         <object_component_ref idref="oc-1e6"/>
      </symbol>
      <symbol id="sm-549">
         <name>_abs16</name>
         <value>0x941d</value>
         <object_component_ref idref="oc-1e6"/>
      </symbol>
      <symbol id="sm-55a">
         <name>_OSC_C</name>
         <value>0x9bc9</value>
         <object_component_ref idref="oc-1ef"/>
      </symbol>
      <symbol id="sm-55b">
         <name>_OSC_N</name>
         <value>0x9c38</value>
         <object_component_ref idref="oc-1ef"/>
      </symbol>
      <symbol id="sm-567">
         <name>_pinInit</name>
         <value>0x9c8c</value>
         <object_component_ref idref="oc-1dc"/>
      </symbol>
      <symbol id="sm-568">
         <name>_outputPinInit</name>
         <value>0x9d35</value>
         <object_component_ref idref="oc-1dc"/>
      </symbol>
      <symbol id="sm-580">
         <name>_protectScan</name>
         <value>0x9e27</value>
         <object_component_ref idref="oc-1f5"/>
      </symbol>
      <symbol id="sm-581">
         <name>_protectRamp</name>
         <value>0x9df3</value>
         <object_component_ref idref="oc-1f5"/>
      </symbol>
      <symbol id="sm-5b8">
         <name>_rampStep</name>
         <value>0x898a</value>
         <object_component_ref idref="oc-1e7"/>
      </symbol>
      <symbol id="sm-5b9">
         <name>_rampMeasure</name>
         <value>0x8a55</value>
         <object_component_ref idref="oc-1e7"/>
      </symbol>
      <symbol id="sm-5ba">
         <name>_rampMeasure_DSP</name>
         <value>0x8b42</value>
         <object_component_ref idref="oc-1e7"/>
      </symbol>
      <symbol id="sm-5bb">
         <name>_rampTo</name>
         <value>0x8846</value>
         <object_component_ref idref="oc-1e7"/>
      </symbol>
      <symbol id="sm-5bc">
         <name>_rampCore</name>
         <value>0x8800</value>
         <object_component_ref idref="oc-1e7"/>
      </symbol>
      <symbol id="sm-5bd">
         <name>_rampTo_S</name>
         <value>0x8920</value>
         <object_component_ref idref="oc-1e7"/>
      </symbol>
      <symbol id="sm-5be">
         <name>_rampTo_DSP</name>
         <value>0x89ff</value>
         <object_component_ref idref="oc-1e7"/>
      </symbol>
      <symbol id="sm-5e4">
         <name>_rampDiag</name>
         <value>0x9000</value>
         <object_component_ref idref="oc-1e8"/>
      </symbol>
      <symbol id="sm-5e5">
         <name>_rampDiag_DSP</name>
         <value>0x91ba</value>
         <object_component_ref idref="oc-1e8"/>
      </symbol>
      <symbol id="sm-5f9">
         <name>_spi_fifo_init</name>
         <value>0x8f6b</value>
         <object_component_ref idref="oc-1df"/>
      </symbol>
      <symbol id="sm-5fa">
         <name>_spia_xmit</name>
         <value>0x8f7c</value>
         <object_component_ref idref="oc-1df"/>
      </symbol>
      <symbol id="sm-5fb">
         <name>_spib_xmit</name>
         <value>0x8f8a</value>
         <object_component_ref idref="oc-1df"/>
      </symbol>
      <symbol id="sm-5fc">
         <name>_InitSpi</name>
         <value>0x8f30</value>
         <object_component_ref idref="oc-1df"/>
      </symbol>
      <symbol id="sm-5fd">
         <name>_spib_bit20</name>
         <value>0x8fcd</value>
         <object_component_ref idref="oc-1df"/>
      </symbol>
      <symbol id="sm-5fe">
         <name>_spib_dac</name>
         <value>0x8f9a</value>
         <object_component_ref idref="oc-1df"/>
      </symbol>
      <symbol id="sm-624">
         <name>_setup_pointSeq</name>
         <value>0xb772</value>
         <object_component_ref idref="oc-1f6"/>
      </symbol>
      <symbol id="sm-625">
         <name>_pointSeq</name>
         <value>0xb585</value>
         <object_component_ref idref="oc-1f6"/>
      </symbol>
      <symbol id="sm-63f">
         <name>_serialOutArray</name>
         <value>0x9b49</value>
         <object_component_ref idref="oc-1e0"/>
      </symbol>
      <symbol id="sm-640">
         <name>_serialEcho</name>
         <value>0x9b8b</value>
         <object_component_ref idref="oc-1e0"/>
      </symbol>
      <symbol id="sm-641">
         <name>_serialIn</name>
         <value>0x9b08</value>
         <object_component_ref idref="oc-1e0"/>
      </symbol>
      <symbol id="sm-642">
         <name>_serialCheck</name>
         <value>0x9b7e</value>
         <object_component_ref idref="oc-1e0"/>
      </symbol>
      <symbol id="sm-643">
         <name>_serialOut</name>
         <value>0x9b2c</value>
         <object_component_ref idref="oc-1e0"/>
      </symbol>
      <symbol id="sm-644">
         <name>_scia_echoback_init</name>
         <value>0x9aed</value>
         <object_component_ref idref="oc-1e0"/>
      </symbol>
      <symbol id="sm-645">
         <name>_serialOutCharArray</name>
         <value>0x9b63</value>
         <object_component_ref idref="oc-1e0"/>
      </symbol>
      <symbol id="sm-646">
         <name>_scia_fifo_init</name>
         <value>0x9b00</value>
         <object_component_ref idref="oc-1e0"/>
      </symbol>
      <symbol id="sm-671">
         <name>_initGlobal</name>
         <value>0x9985</value>
         <object_component_ref idref="oc-1e4"/>
      </symbol>
      <symbol id="sm-672">
         <name>_dacrange</name>
         <value>0xaa4b</value>
         <object_component_ref idref="oc-1ea"/>
      </symbol>
      <symbol id="sm-673">
         <name>_status</name>
         <value>0x9913</value>
         <object_component_ref idref="oc-1e4"/>
      </symbol>
      <symbol id="sm-674">
         <name>_lastdac</name>
         <value>0xaa0a</value>
         <object_component_ref idref="oc-1e9"/>
      </symbol>
      <symbol id="sm-675">
         <name>_version</name>
         <value>0x990a</value>
         <object_component_ref idref="oc-1e4"/>
      </symbol>
      <symbol id="sm-676">
         <name>_last20bit</name>
         <value>0xaa50</value>
         <object_component_ref idref="oc-167"/>
      </symbol>
      <symbol id="sm-677">
         <name>_lastdigital_O</name>
         <value>0x993a</value>
         <object_component_ref idref="oc-1e4"/>
      </symbol>
      <symbol id="sm-678">
         <name>_lastdigital</name>
         <value>0xaa2a</value>
         <object_component_ref idref="oc-1f4"/>
      </symbol>
      <symbol id="sm-679">
         <name>_adcrange</name>
         <value>0xaa38</value>
         <object_component_ref idref="oc-1eb"/>
      </symbol>
      <symbol id="sm-67a">
         <name>_offset</name>
         <value>0xaa1a</value>
         <object_component_ref idref="oc-1e5"/>
      </symbol>
      <symbol id="sm-67b">
         <name>_loadOffset</name>
         <value>0x99ed</value>
         <object_component_ref idref="oc-1e4"/>
      </symbol>
      <symbol id="sm-6bc">
         <name>_parabSteady</name>
         <value>0x8bfb</value>
         <object_component_ref idref="oc-1ec"/>
      </symbol>
      <symbol id="sm-6bd">
         <name>_giantStep</name>
         <value>0x8d55</value>
         <object_component_ref idref="oc-1ec"/>
      </symbol>
      <symbol id="sm-6be">
         <name>_oneGiant</name>
         <value>0x8d02</value>
         <object_component_ref idref="oc-1ec"/>
      </symbol>
      <symbol id="sm-6bf">
         <name>_parabSlide</name>
         <value>0x8baf</value>
         <object_component_ref idref="oc-1ec"/>
      </symbol>
      <symbol id="sm-6c0">
         <name>_babyStep</name>
         <value>0x8c83</value>
         <object_component_ref idref="oc-1ec"/>
      </symbol>
      <symbol id="sm-6c1">
         <name>_tipApproach</name>
         <value>0x8e27</value>
         <object_component_ref idref="oc-1ec"/>
      </symbol>
      <symbol id="sm-6dc">
         <name>_c_int00</name>
         <value>0xa10b</value>
         <object_component_ref idref="oc-173"/>
      </symbol>
      <symbol id="sm-6dd">
         <name>__stack</name>
         <value>0x400</value>
         <object_component_ref idref="oc-174"/>
      </symbol>
      <symbol id="sm-6ef">
         <name>FD$$MPY</name>
         <value>0xa088</value>
         <object_component_ref idref="oc-17a"/>
      </symbol>
      <symbol id="sm-6fb">
         <name>FD$$SUB</name>
         <value>0xa209</value>
         <object_component_ref idref="oc-17f"/>
      </symbol>
      <symbol id="sm-70a">
         <name>FD$$TOL</name>
         <value>0xa187</value>
         <object_component_ref idref="oc-184"/>
      </symbol>
      <symbol id="sm-71b">
         <name>FS$$DIV</name>
         <value>0xa000</value>
         <object_component_ref idref="oc-189"/>
      </symbol>
      <symbol id="sm-727">
         <name>LL$$AND</name>
         <value>0x9fe8</value>
         <object_component_ref idref="oc-18e"/>
      </symbol>
      <symbol id="sm-728">
         <name>LL$$OR</name>
         <value>0x9ff0</value>
         <object_component_ref idref="oc-18e"/>
      </symbol>
      <symbol id="sm-729">
         <name>LL$$XOR</name>
         <value>0x9ff8</value>
         <object_component_ref idref="oc-18e"/>
      </symbol>
      <symbol id="sm-73a">
         <name>U$$TOFD</name>
         <value>0xa1dc</value>
         <object_component_ref idref="oc-193"/>
      </symbol>
      <symbol id="sm-74b">
         <name>UL$$TOFD</name>
         <value>0xa1f3</value>
         <object_component_ref idref="oc-198"/>
      </symbol>
      <symbol id="sm-762">
         <name>FD$$DIV</name>
         <value>0x9f35</value>
         <object_component_ref idref="oc-19d"/>
      </symbol>
      <symbol id="sm-771">
         <name>_copy_in</name>
         <value>0x97dc</value>
         <object_component_ref idref="oc-1d2"/>
      </symbol>
      <symbol id="sm-782">
         <name>_memcpy</name>
         <value>0xa1a6</value>
         <object_component_ref idref="oc-1d6"/>
      </symbol>
      <symbol id="sm-78e">
         <name>__system_pre_init</name>
         <value>0xb7f8</value>
         <object_component_ref idref="oc-1d1"/>
      </symbol>
      <symbol id="sm-79b">
         <name>__system_post_cinit</name>
         <value>0xb7fa</value>
         <object_component_ref idref="oc-1d3"/>
      </symbol>
      <symbol id="sm-7af">
         <name>C$$EXIT</name>
         <value>0xb7cf</value>
         <object_component_ref idref="oc-1d5"/>
      </symbol>
      <symbol id="sm-7b0">
         <name>_exit</name>
         <value>0xb7d1</value>
         <object_component_ref idref="oc-1d5"/>
      </symbol>
      <symbol id="sm-7b1">
         <name>___TI_cleanup_ptr</name>
         <value>0xaa42</value>
         <object_component_ref idref="oc-1b8"/>
      </symbol>
      <symbol id="sm-7b2">
         <name>___TI_enable_exit_profile_output</name>
         <value>0xaa40</value>
         <object_component_ref idref="oc-1b8"/>
      </symbol>
      <symbol id="sm-7b3">
         <name>_abort</name>
         <value>0xb7cf</value>
         <object_component_ref idref="oc-1d5"/>
      </symbol>
      <symbol id="sm-7b4">
         <name>___TI_dtors_ptr</name>
         <value>0xaa44</value>
         <object_component_ref idref="oc-1b8"/>
      </symbol>
      <symbol id="sm-7c8">
         <name>__unlock</name>
         <value>0xaa54</value>
         <object_component_ref idref="oc-1f7"/>
      </symbol>
      <symbol id="sm-7c9">
         <name>__lock</name>
         <value>0xaa52</value>
         <object_component_ref idref="oc-1d8"/>
      </symbol>
      <symbol id="sm-7ca">
         <name>__register_lock</name>
         <value>0xa21b</value>
         <object_component_ref idref="oc-1f1"/>
      </symbol>
      <symbol id="sm-7cb">
         <name>__nop</name>
         <value>0xa21f</value>
         <object_component_ref idref="oc-1f1"/>
      </symbol>
      <symbol id="sm-7cc">
         <name>__register_unlock</name>
         <value>0xa217</value>
         <object_component_ref idref="oc-1f1"/>
      </symbol>
      <symbol id="sm-7db">
         <name>__args_main</name>
         <value>0xa1c3</value>
         <object_component_ref idref="oc-1d4"/>
      </symbol>
      <symbol id="sm-7ff">
         <name>FD$$ADD</name>
         <value>0x9e99</value>
         <object_component_ref idref="oc-1cc"/>
      </symbol>
   </symbol_table>
   <title>Link successful</title>
</link_info>
