<?xml version="1.0" encoding="ISO-8859-1" ?>
<link_info>
   <banner>TMS320C2000 Linker PC v18.12.3.LTS</banner>
   <copyright>Copyright (c) 1996-2018 Texas Instruments Incorporated</copyright>
   <link_time>0x5f96009b</link_time>
   <link_errors>0x1</link_errors>
   <output_file>Fresh_Start 2.out</output_file>
   <entry_point>
      <name>code_start</name>
      <address>0x0</address>
   </entry_point>
   <input_file_list>
      <input_file id="fl-2">
         <path>.\</path>
         <kind>object</kind>
         <file>F2837xD_CodeStartBranch.obj</file>
         <name>F2837xD_CodeStartBranch.obj</name>
      </input_file>
      <input_file id="fl-3">
         <path>.\</path>
         <kind>object</kind>
         <file>F2837xD_DefaultISR.obj</file>
         <name>F2837xD_DefaultISR.obj</name>
      </input_file>
      <input_file id="fl-4">
         <path>.\</path>
         <kind>object</kind>
         <file>F2837xD_GlobalVariableDefs.obj</file>
         <name>F2837xD_GlobalVariableDefs.obj</name>
      </input_file>
      <input_file id="fl-5">
         <path>.\</path>
         <kind>object</kind>
         <file>F2837xD_Gpio.obj</file>
         <name>F2837xD_Gpio.obj</name>
      </input_file>
      <input_file id="fl-6">
         <path>.\</path>
         <kind>object</kind>
         <file>F2837xD_Ipc.obj</file>
         <name>F2837xD_Ipc.obj</name>
      </input_file>
      <input_file id="fl-7">
         <path>.\</path>
         <kind>object</kind>
         <file>F2837xD_PieCtrl.obj</file>
         <name>F2837xD_PieCtrl.obj</name>
      </input_file>
      <input_file id="fl-8">
         <path>.\</path>
         <kind>object</kind>
         <file>F2837xD_PieVect.obj</file>
         <name>F2837xD_PieVect.obj</name>
      </input_file>
      <input_file id="fl-9">
         <path>.\</path>
         <kind>object</kind>
         <file>F2837xD_SysCtrl.obj</file>
         <name>F2837xD_SysCtrl.obj</name>
      </input_file>
      <input_file id="fl-a">
         <path>.\</path>
         <kind>object</kind>
         <file>F2837xD_usDelay.obj</file>
         <name>F2837xD_usDelay.obj</name>
      </input_file>
      <input_file id="fl-b">
         <path>.\</path>
         <kind>object</kind>
         <file>main.obj</file>
         <name>main.obj</name>
      </input_file>
      <input_file id="fl-c">
         <path>.\Functions\</path>
         <kind>object</kind>
         <file>Analog In.obj</file>
         <name>Analog In.obj</name>
      </input_file>
      <input_file id="fl-d">
         <path>.\Functions\</path>
         <kind>object</kind>
         <file>Analog Out.obj</file>
         <name>Analog Out.obj</name>
      </input_file>
      <input_file id="fl-e">
         <path>.\Functions\</path>
         <kind>object</kind>
         <file>Assorted Macros.obj</file>
         <name>Assorted Macros.obj</name>
      </input_file>
      <input_file id="fl-f">
         <path>.\Functions\</path>
         <kind>object</kind>
         <file>AutoPlusMinus.obj</file>
         <name>AutoPlusMinus.obj</name>
      </input_file>
      <input_file id="fl-10">
         <path>.\Functions\</path>
         <kind>object</kind>
         <file>BabySteps.obj</file>
         <name>BabySteps.obj</name>
      </input_file>
      <input_file id="fl-11">
         <path>.\Functions\</path>
         <kind>object</kind>
         <file>DAC.obj</file>
         <name>DAC.obj</name>
      </input_file>
      <input_file id="fl-12">
         <path>.\Functions\</path>
         <kind>object</kind>
         <file>DebugGet.obj</file>
         <name>DebugGet.obj</name>
      </input_file>
      <input_file id="fl-13">
         <path>.\Functions\</path>
         <kind>object</kind>
         <file>DebugSet.obj</file>
         <name>DebugSet.obj</name>
      </input_file>
      <input_file id="fl-14">
         <path>.\Functions\</path>
         <kind>object</kind>
         <file>Deposition.obj</file>
         <name>Deposition.obj</name>
      </input_file>
      <input_file id="fl-15">
         <path>.\Functions\</path>
         <kind>object</kind>
         <file>GiantStep.obj</file>
         <name>GiantStep.obj</name>
      </input_file>
      <input_file id="fl-16">
         <path>.\Functions\</path>
         <kind>object</kind>
         <file>HighResOut.obj</file>
         <name>HighResOut.obj</name>
      </input_file>
      <input_file id="fl-17">
         <path>.\Functions\</path>
         <kind>object</kind>
         <file>Hop.obj</file>
         <name>Hop.obj</name>
      </input_file>
      <input_file id="fl-18">
         <path>.\Functions\</path>
         <kind>object</kind>
         <file>Parabola.obj</file>
         <name>Parabola.obj</name>
      </input_file>
      <input_file id="fl-19">
         <path>.\Functions\</path>
         <kind>object</kind>
         <file>PinInit.obj</file>
         <name>PinInit.obj</name>
      </input_file>
      <input_file id="fl-1a">
         <path>.\Functions\</path>
         <kind>object</kind>
         <file>Ramp.obj</file>
         <name>Ramp.obj</name>
      </input_file>
      <input_file id="fl-1b">
         <path>.\Functions\</path>
         <kind>object</kind>
         <file>RampDiag.obj</file>
         <name>RampDiag.obj</name>
      </input_file>
      <input_file id="fl-1c">
         <path>.\Functions\</path>
         <kind>object</kind>
         <file>ReadSeq.obj</file>
         <name>ReadSeq.obj</name>
      </input_file>
      <input_file id="fl-1d">
         <path>.\Functions\</path>
         <kind>object</kind>
         <file>ScanLine.obj</file>
         <name>ScanLine.obj</name>
      </input_file>
      <input_file id="fl-1e">
         <path>.\Functions\</path>
         <kind>object</kind>
         <file>Serial In.obj</file>
         <name>Serial In.obj</name>
      </input_file>
      <input_file id="fl-1f">
         <path>.\Functions\</path>
         <kind>object</kind>
         <file>Serial Out.obj</file>
         <name>Serial Out.obj</name>
      </input_file>
      <input_file id="fl-20">
         <path>.\Functions\</path>
         <kind>object</kind>
         <file>Spec.obj</file>
         <name>Spec.obj</name>
      </input_file>
      <input_file id="fl-21">
         <path>.\Functions\</path>
         <kind>object</kind>
         <file>Square.obj</file>
         <name>Square.obj</name>
      </input_file>
      <input_file id="fl-22">
         <path>.\Functions\</path>
         <kind>object</kind>
         <file>TipApproach.obj</file>
         <name>TipApproach.obj</name>
      </input_file>
      <input_file id="fl-23">
         <path>.\Functions\</path>
         <kind>object</kind>
         <file>Track.obj</file>
         <name>Track.obj</name>
      </input_file>
      <input_file id="fl-24">
         <path>.\Functions\</path>
         <kind>object</kind>
         <file>UserDelay.obj</file>
         <name>UserDelay.obj</name>
      </input_file>
      <input_file id="fl-25">
         <path>.\Functions\</path>
         <kind>object</kind>
         <file>UserDelayLong.obj</file>
         <name>UserDelayLong.obj</name>
      </input_file>
      <input_file id="fl-26">
         <path>.\Functions\</path>
         <kind>object</kind>
         <file>Version.obj</file>
         <name>Version.obj</name>
      </input_file>
      <input_file id="fl-2c">
         <kind>object</kind>
         <file>&lt;internal&gt;</file>
         <name>&lt;internal&gt;</name>
      </input_file>
      <input_file id="fl-2d">
         <path>C:\ti\ccs920\ccs\tools\compiler\ti-cgt-c2000_18.12.3.LTS\lib\</path>
         <kind>archive</kind>
         <file>rts2800_fpu32.lib</file>
         <name>boot28.asm.obj</name>
      </input_file>
      <input_file id="fl-2e">
         <path>C:\ti\ccs920\ccs\tools\compiler\ti-cgt-c2000_18.12.3.LTS\lib\</path>
         <kind>archive</kind>
         <file>rts2800_fpu32.lib</file>
         <name>fd_mpy28.asm.obj</name>
      </input_file>
      <input_file id="fl-2f">
         <path>C:\ti\ccs920\ccs\tools\compiler\ti-cgt-c2000_18.12.3.LTS\lib\</path>
         <kind>archive</kind>
         <file>rts2800_fpu32.lib</file>
         <name>fd_sub28.asm.obj</name>
      </input_file>
      <input_file id="fl-30">
         <path>C:\ti\ccs920\ccs\tools\compiler\ti-cgt-c2000_18.12.3.LTS\lib\</path>
         <kind>archive</kind>
         <file>rts2800_fpu32.lib</file>
         <name>fd_tol28.asm.obj</name>
      </input_file>
      <input_file id="fl-31">
         <path>C:\ti\ccs920\ccs\tools\compiler\ti-cgt-c2000_18.12.3.LTS\lib\</path>
         <kind>archive</kind>
         <file>rts2800_fpu32.lib</file>
         <name>fs_div28.asm.obj</name>
      </input_file>
      <input_file id="fl-32">
         <path>C:\ti\ccs920\ccs\tools\compiler\ti-cgt-c2000_18.12.3.LTS\lib\</path>
         <kind>archive</kind>
         <file>rts2800_fpu32.lib</file>
         <name>ll_aox28.asm.obj</name>
      </input_file>
      <input_file id="fl-33">
         <path>C:\ti\ccs920\ccs\tools\compiler\ti-cgt-c2000_18.12.3.LTS\lib\</path>
         <kind>archive</kind>
         <file>rts2800_fpu32.lib</file>
         <name>u_tofd28.asm.obj</name>
      </input_file>
      <input_file id="fl-34">
         <path>C:\ti\ccs920\ccs\tools\compiler\ti-cgt-c2000_18.12.3.LTS\lib\</path>
         <kind>archive</kind>
         <file>rts2800_fpu32.lib</file>
         <name>ul_tofd28.asm.obj</name>
      </input_file>
      <input_file id="fl-35">
         <path>C:\ti\ccs920\ccs\tools\compiler\ti-cgt-c2000_18.12.3.LTS\lib\</path>
         <kind>archive</kind>
         <file>rts2800_fpu32.lib</file>
         <name>fd_div28.asm.obj</name>
      </input_file>
      <input_file id="fl-36">
         <path>C:\ti\ccs920\ccs\tools\compiler\ti-cgt-c2000_18.12.3.LTS\lib\</path>
         <kind>archive</kind>
         <file>rts2800_fpu32.lib</file>
         <name>cpy_tbl.c.obj</name>
      </input_file>
      <input_file id="fl-37">
         <path>C:\ti\ccs920\ccs\tools\compiler\ti-cgt-c2000_18.12.3.LTS\lib\</path>
         <kind>archive</kind>
         <file>rts2800_fpu32.lib</file>
         <name>memcpy.c.obj</name>
      </input_file>
      <input_file id="fl-38">
         <path>C:\ti\ccs920\ccs\tools\compiler\ti-cgt-c2000_18.12.3.LTS\lib\</path>
         <kind>archive</kind>
         <file>rts2800_fpu32.lib</file>
         <name>pre_init.c.obj</name>
      </input_file>
      <input_file id="fl-39">
         <path>C:\ti\ccs920\ccs\tools\compiler\ti-cgt-c2000_18.12.3.LTS\lib\</path>
         <kind>archive</kind>
         <file>rts2800_fpu32.lib</file>
         <name>startup.c.obj</name>
      </input_file>
      <input_file id="fl-3a">
         <path>C:\ti\ccs920\ccs\tools\compiler\ti-cgt-c2000_18.12.3.LTS\lib\</path>
         <kind>archive</kind>
         <file>rts2800_fpu32.lib</file>
         <name>exit.c.obj</name>
      </input_file>
      <input_file id="fl-3b">
         <path>C:\ti\ccs920\ccs\tools\compiler\ti-cgt-c2000_18.12.3.LTS\lib\</path>
         <kind>archive</kind>
         <file>rts2800_fpu32.lib</file>
         <name>_lock.c.obj</name>
      </input_file>
      <input_file id="fl-3c">
         <path>C:\ti\ccs920\ccs\tools\compiler\ti-cgt-c2000_18.12.3.LTS\lib\</path>
         <kind>archive</kind>
         <file>rts2800_fpu32.lib</file>
         <name>args_main.c.obj</name>
      </input_file>
      <input_file id="fl-3d">
         <path>C:\ti\ccs920\ccs\tools\compiler\ti-cgt-c2000_18.12.3.LTS\lib\</path>
         <kind>archive</kind>
         <file>rts2800_fpu32.lib</file>
         <name>memory.c.obj</name>
      </input_file>
      <input_file id="fl-3e">
         <path>C:\ti\ccs920\ccs\tools\compiler\ti-cgt-c2000_18.12.3.LTS\lib\</path>
         <kind>archive</kind>
         <file>rts2800_fpu32.lib</file>
         <name>memset.c.obj</name>
      </input_file>
      <input_file id="fl-3f">
         <path>C:\ti\ccs920\ccs\tools\compiler\ti-cgt-c2000_18.12.3.LTS\lib\</path>
         <kind>archive</kind>
         <file>rts2800_fpu32.lib</file>
         <name>clock.c.obj</name>
      </input_file>
      <input_file id="fl-40">
         <path>C:\ti\ccs920\ccs\tools\compiler\ti-cgt-c2000_18.12.3.LTS\lib\</path>
         <kind>archive</kind>
         <file>rts2800_fpu32.lib</file>
         <name>fd_add28.asm.obj</name>
      </input_file>
      <input_file id="fl-41">
         <path>C:\ti\ccs920\ccs\tools\compiler\ti-cgt-c2000_18.12.3.LTS\lib\</path>
         <kind>archive</kind>
         <file>rts2800_fpu32.lib</file>
         <name>hostclock.c.obj</name>
      </input_file>
      <input_file id="fl-42">
         <path>C:\ti\ccs920\ccs\tools\compiler\ti-cgt-c2000_18.12.3.LTS\lib\</path>
         <kind>archive</kind>
         <file>rts2800_fpu32.lib</file>
         <name>hostopen.c.obj</name>
      </input_file>
      <input_file id="fl-43">
         <path>C:\ti\ccs920\ccs\tools\compiler\ti-cgt-c2000_18.12.3.LTS\lib\</path>
         <kind>archive</kind>
         <file>rts2800_fpu32.lib</file>
         <name>trgmsg.c.obj</name>
      </input_file>
      <input_file id="fl-44">
         <path>C:\ti\ccs920\ccs\tools\compiler\ti-cgt-c2000_18.12.3.LTS\lib\</path>
         <kind>archive</kind>
         <file>rts2800_fpu32.lib</file>
         <name>strlen.c.obj</name>
      </input_file>
   </input_file_list>
   <object_component_list>
      <object_component id="oc-84">
         <name>codestart</name>
         <load_address>0x0</load_address>
         <run_address>0x0</run_address>
         <size>0x2</size>
         <input_file_ref idref="fl-2"/>
      </object_component>
      <object_component id="oc-23f">
         <name>.text</name>
         <load_address>0x8000</load_address>
         <run_address>0x8000</run_address>
         <size>0x48f</size>
         <input_file_ref idref="fl-9"/>
      </object_component>
      <object_component id="oc-23c">
         <name>.text</name>
         <load_address>0x848f</load_address>
         <run_address>0x848f</run_address>
         <size>0x2b3</size>
         <input_file_ref idref="fl-b"/>
      </object_component>
      <object_component id="oc-248">
         <name>.text</name>
         <load_address>0x8742</load_address>
         <run_address>0x8742</run_address>
         <size>0xad</size>
         <input_file_ref idref="fl-24"/>
      </object_component>
      <object_component id="oc-1c1">
         <name>.text</name>
         <load_address>0x87ef</load_address>
         <run_address>0x87ef</run_address>
         <size>0xe</size>
         <input_file_ref idref="fl-2f"/>
      </object_component>
      <object_component id="oc-238">
         <name>.text</name>
         <load_address>0x87fd</load_address>
         <run_address>0x87fd</run_address>
         <size>0x1</size>
         <input_file_ref idref="fl-39"/>
      </object_component>
      <object_component id="oc-258">
         <name>.text</name>
         <load_address>0x8800</load_address>
         <run_address>0x8800</run_address>
         <size>0x3d1</size>
         <input_file_ref idref="fl-14"/>
      </object_component>
      <object_component id="oc-240">
         <name>.text</name>
         <load_address>0x8bd1</load_address>
         <run_address>0x8bd1</run_address>
         <size>0x244</size>
         <input_file_ref idref="fl-5"/>
      </object_component>
      <object_component id="oc-257">
         <name>.text</name>
         <load_address>0x8e15</load_address>
         <run_address>0x8e15</run_address>
         <size>0x1bf</size>
         <input_file_ref idref="fl-17"/>
      </object_component>
      <object_component id="oc-23a">
         <name>.text</name>
         <load_address>0x8fd4</load_address>
         <run_address>0x8fd4</run_address>
         <size>0x29</size>
         <input_file_ref idref="fl-3a"/>
      </object_component>
      <object_component id="oc-24f">
         <name>.text</name>
         <load_address>0x9000</load_address>
         <run_address>0x9000</run_address>
         <size>0x1ba</size>
         <input_file_ref idref="fl-15"/>
      </object_component>
      <object_component id="oc-24c">
         <name>.text</name>
         <load_address>0x91ba</load_address>
         <run_address>0x91ba</run_address>
         <size>0x192</size>
         <input_file_ref idref="fl-1a"/>
      </object_component>
      <object_component id="oc-256">
         <name>.text</name>
         <load_address>0x934c</load_address>
         <run_address>0x934c</run_address>
         <size>0x181</size>
         <input_file_ref idref="fl-1b"/>
      </object_component>
      <object_component id="oc-252">
         <name>.text</name>
         <load_address>0x94cd</load_address>
         <run_address>0x94cd</run_address>
         <size>0x158</size>
         <input_file_ref idref="fl-1d"/>
      </object_component>
      <object_component id="oc-253">
         <name>.text</name>
         <load_address>0x9625</load_address>
         <run_address>0x9625</run_address>
         <size>0x157</size>
         <input_file_ref idref="fl-23"/>
      </object_component>
      <object_component id="oc-1bc">
         <name>.text</name>
         <load_address>0x977c</load_address>
         <run_address>0x977c</run_address>
         <size>0x83</size>
         <input_file_ref idref="fl-2e"/>
      </object_component>
      <object_component id="oc-254">
         <name>.text</name>
         <load_address>0x9800</load_address>
         <run_address>0x9800</run_address>
         <size>0x147</size>
         <input_file_ref idref="fl-1c"/>
      </object_component>
      <object_component id="oc-255">
         <name>.text</name>
         <load_address>0x9947</load_address>
         <run_address>0x9947</run_address>
         <size>0x146</size>
         <input_file_ref idref="fl-20"/>
      </object_component>
      <object_component id="oc-249">
         <name>.text</name>
         <load_address>0x9a8d</load_address>
         <run_address>0x9a8d</run_address>
         <size>0x121</size>
         <input_file_ref idref="fl-c"/>
      </object_component>
      <object_component id="oc-251">
         <name>.text</name>
         <load_address>0x9bae</load_address>
         <run_address>0x9bae</run_address>
         <size>0x10b</size>
         <input_file_ref idref="fl-16"/>
      </object_component>
      <object_component id="oc-24a">
         <name>.text</name>
         <load_address>0x9cb9</load_address>
         <run_address>0x9cb9</run_address>
         <size>0xc7</size>
         <input_file_ref idref="fl-d"/>
      </object_component>
      <object_component id="oc-24e">
         <name>.text</name>
         <load_address>0x9d80</load_address>
         <run_address>0x9d80</run_address>
         <size>0xc2</size>
         <input_file_ref idref="fl-22"/>
      </object_component>
      <object_component id="oc-241">
         <name>.text</name>
         <load_address>0x9e42</load_address>
         <run_address>0x9e42</run_address>
         <size>0x9f</size>
         <input_file_ref idref="fl-19"/>
      </object_component>
      <object_component id="oc-21c">
         <name>.text</name>
         <load_address>0x9ee1</load_address>
         <run_address>0x9ee1</run_address>
         <size>0x9c</size>
         <input_file_ref idref="fl-40"/>
      </object_component>
      <object_component id="oc-262">
         <name>.text</name>
         <load_address>0x9f7d</load_address>
         <run_address>0x9f7d</run_address>
         <size>0x7e</size>
         <input_file_ref idref="fl-10"/>
      </object_component>
      <object_component id="oc-250">
         <name>.text</name>
         <load_address>0xa000</load_address>
         <run_address>0xa000</run_address>
         <size>0x99</size>
         <input_file_ref idref="fl-f"/>
      </object_component>
      <object_component id="oc-268">
         <name>.text</name>
         <load_address>0xa09a</load_address>
         <run_address>0xa09a</run_address>
         <size>0x95</size>
         <input_file_ref idref="fl-43"/>
      </object_component>
      <object_component id="oc-1df">
         <name>.text</name>
         <load_address>0xa12f</load_address>
         <run_address>0xa12f</run_address>
         <size>0x8b</size>
         <input_file_ref idref="fl-35"/>
      </object_component>
      <object_component id="oc-1cb">
         <name>.text</name>
         <load_address>0xa1ba</load_address>
         <run_address>0xa1ba</run_address>
         <size>0x88</size>
         <input_file_ref idref="fl-31"/>
      </object_component>
      <object_component id="oc-260">
         <name>.text</name>
         <load_address>0xa242</load_address>
         <run_address>0xa242</run_address>
         <size>0x77</size>
         <input_file_ref idref="fl-1f"/>
      </object_component>
      <object_component id="oc-1b5">
         <name>.text</name>
         <load_address>0xa2b9</load_address>
         <run_address>0xa2b9</run_address>
         <size>0x56</size>
         <input_file_ref idref="fl-2d"/>
      </object_component>
      <object_component id="oc-263">
         <name>.text</name>
         <load_address>0xa30f</load_address>
         <run_address>0xa30f</run_address>
         <size>0x4f</size>
         <input_file_ref idref="fl-18"/>
      </object_component>
      <object_component id="oc-24d">
         <name>.text</name>
         <load_address>0xa35e</load_address>
         <run_address>0xa35e</run_address>
         <size>0x3c</size>
         <input_file_ref idref="fl-21"/>
      </object_component>
      <object_component id="oc-266">
         <name>.text</name>
         <load_address>0xa39a</load_address>
         <run_address>0xa39a</run_address>
         <size>0x36</size>
         <input_file_ref idref="fl-41"/>
      </object_component>
      <object_component id="oc-261">
         <name>.text</name>
         <load_address>0xa3d0</load_address>
         <run_address>0xa3d0</run_address>
         <size>0x28</size>
         <input_file_ref idref="fl-e"/>
      </object_component>
      <object_component id="oc-242">
         <name>.text</name>
         <load_address>0xa3f8</load_address>
         <run_address>0xa3f8</run_address>
         <size>0x28</size>
         <input_file_ref idref="fl-7"/>
      </object_component>
      <object_component id="oc-243">
         <name>.text</name>
         <load_address>0xa420</load_address>
         <run_address>0xa420</run_address>
         <size>0x26</size>
         <input_file_ref idref="fl-8"/>
      </object_component>
      <object_component id="oc-237">
         <name>.text</name>
         <load_address>0xa446</load_address>
         <run_address>0xa446</run_address>
         <size>0x24</size>
         <input_file_ref idref="fl-36"/>
      </object_component>
      <object_component id="oc-1c6">
         <name>.text</name>
         <load_address>0xa46a</load_address>
         <run_address>0xa46a</run_address>
         <size>0x1f</size>
         <input_file_ref idref="fl-30"/>
      </object_component>
      <object_component id="oc-23b">
         <name>.text</name>
         <load_address>0xa489</load_address>
         <run_address>0xa489</run_address>
         <size>0x1d</size>
         <input_file_ref idref="fl-37"/>
      </object_component>
      <object_component id="oc-25a">
         <name>.text</name>
         <load_address>0xa4a6</load_address>
         <run_address>0xa4a6</run_address>
         <size>0x1c</size>
         <input_file_ref idref="fl-13"/>
      </object_component>
      <object_component id="oc-239">
         <name>.text</name>
         <load_address>0xa4c2</load_address>
         <run_address>0xa4c2</run_address>
         <size>0x19</size>
         <input_file_ref idref="fl-3c"/>
      </object_component>
      <object_component id="oc-24b">
         <name>.text</name>
         <load_address>0xa4db</load_address>
         <run_address>0xa4db</run_address>
         <size>0x18</size>
         <input_file_ref idref="fl-26"/>
      </object_component>
      <object_component id="oc-1d0">
         <name>.text</name>
         <load_address>0xa4f3</load_address>
         <run_address>0xa4f3</run_address>
         <size>0x18</size>
         <input_file_ref idref="fl-32"/>
      </object_component>
      <object_component id="oc-1d5">
         <name>.text</name>
         <load_address>0xa50b</load_address>
         <run_address>0xa50b</run_address>
         <size>0x17</size>
         <input_file_ref idref="fl-33"/>
      </object_component>
      <object_component id="oc-1da">
         <name>.text</name>
         <load_address>0xa522</load_address>
         <run_address>0xa522</run_address>
         <size>0x16</size>
         <input_file_ref idref="fl-34"/>
      </object_component>
      <object_component id="oc-25b">
         <name>.text</name>
         <load_address>0xa538</load_address>
         <run_address>0xa538</run_address>
         <size>0x9</size>
         <input_file_ref idref="fl-3b"/>
      </object_component>
      <object_component id="oc-245">
         <name>.text</name>
         <load_address>0xa541</load_address>
         <run_address>0xa541</run_address>
         <size>0x8</size>
         <input_file_ref idref="fl-1e"/>
      </object_component>
      <object_component id="oc-25f">
         <name>.text</name>
         <load_address>0xa549</load_address>
         <run_address>0xa549</run_address>
         <size>0x7</size>
         <input_file_ref idref="fl-3e"/>
      </object_component>
      <object_component id="oc-8a">
         <name>.text:retain</name>
         <load_address>0xb000</load_address>
         <run_address>0xb000</run_address>
         <size>0x585</size>
         <input_file_ref idref="fl-3"/>
      </object_component>
      <object_component id="oc-247">
         <name>.text</name>
         <load_address>0xb585</load_address>
         <run_address>0xb585</run_address>
         <size>0x266</size>
         <input_file_ref idref="fl-3d"/>
      </object_component>
      <object_component id="oc-259">
         <name>.text</name>
         <load_address>0xb7eb</load_address>
         <run_address>0xb7eb</run_address>
         <size>0x10</size>
         <input_file_ref idref="fl-12"/>
      </object_component>
      <object_component id="oc-265">
         <name>.text</name>
         <load_address>0xb7fb</load_address>
         <run_address>0xb7fb</run_address>
         <size>0x3</size>
         <input_file_ref idref="fl-3f"/>
      </object_component>
      <object_component id="oc-236">
         <name>.text</name>
         <load_address>0xb7fe</load_address>
         <run_address>0xb7fe</run_address>
         <size>0x2</size>
         <input_file_ref idref="fl-38"/>
      </object_component>
      <object_component id="oc-197">
         <name>.cinit</name>
         <load_address>0x122</load_address>
         <run_address>0x122</run_address>
         <size>0x1b</size>
         <input_file_ref idref="fl-22"/>
      </object_component>
      <object_component id="oc-1f9">
         <name>.cinit</name>
         <load_address>0x13d</load_address>
         <run_address>0x13d</run_address>
         <size>0xe</size>
         <input_file_ref idref="fl-3a"/>
      </object_component>
      <object_component id="oc-117">
         <name>.cinit</name>
         <load_address>0x14b</load_address>
         <run_address>0x14b</run_address>
         <size>0x8</size>
         <input_file_ref idref="fl-c"/>
      </object_component>
      <object_component id="oc-23e">
         <name>.cinit:__lock</name>
         <load_address>0x153</load_address>
         <run_address>0x153</run_address>
         <size>0x5</size>
         <input_file_ref idref="fl-3b"/>
      </object_component>
      <object_component id="oc-25c">
         <name>.cinit:__unlock</name>
         <load_address>0x158</load_address>
         <run_address>0x158</run_address>
         <size>0x5</size>
         <input_file_ref idref="fl-3b"/>
      </object_component>
      <object_component id="oc-12e">
         <name>.cinit</name>
         <load_address>0x15d</load_address>
         <run_address>0x15d</run_address>
         <size>0x4</size>
         <input_file_ref idref="fl-10"/>
      </object_component>
      <object_component id="oc-15c">
         <name>.cinit</name>
         <load_address>0x161</load_address>
         <run_address>0x161</run_address>
         <size>0x4</size>
         <input_file_ref idref="fl-18"/>
      </object_component>
      <object_component id="oc-168">
         <name>.cinit</name>
         <load_address>0x165</load_address>
         <run_address>0x165</run_address>
         <size>0x4</size>
         <input_file_ref idref="fl-1a"/>
      </object_component>
      <object_component id="oc-17b">
         <name>.cinit</name>
         <load_address>0x169</load_address>
         <run_address>0x169</run_address>
         <size>0x4</size>
         <input_file_ref idref="fl-1d"/>
      </object_component>
      <object_component id="oc-20a">
         <name>.cinit</name>
         <load_address>0x16d</load_address>
         <run_address>0x16d</run_address>
         <size>0x4</size>
         <input_file_ref idref="fl-3d"/>
      </object_component>
      <object_component id="oc-246">
         <name>.switch:_updateSerial</name>
         <load_address>0x174</load_address>
         <run_address>0x174</run_address>
         <size>0x4c</size>
         <input_file_ref idref="fl-b"/>
      </object_component>
      <object_component id="oc-1b7">
         <name>.reset</name>
         <load_address>0x3fffc0</load_address>
         <run_address>0x3fffc0</run_address>
         <size>0x2</size>
         <input_file_ref idref="fl-2d"/>
      </object_component>
      <object_component id="oc-1b6">
         <name>.stack</name>
         <uninitialized>true</uninitialized>
         <run_address>0x400</run_address>
         <size>0x0</size>
         <input_file_ref idref="fl-2d"/>
      </object_component>
      <object_component id="oc-2f4">
         <name>.stack</name>
         <uninitialized>true</uninitialized>
         <run_address>0x400</run_address>
         <size>0x0</size>
      </object_component>
      <object_component id="oc-111">
         <name>.ebss</name>
         <uninitialized>true</uninitialized>
         <run_address>0x11cd</run_address>
         <size>0x1</size>
         <input_file_ref idref="fl-b"/>
      </object_component>
      <object_component id="oc-118">
         <name>.ebss</name>
         <uninitialized>true</uninitialized>
         <run_address>0x11be</run_address>
         <size>0x2</size>
         <input_file_ref idref="fl-c"/>
      </object_component>
      <object_component id="oc-244">
         <name>.ebss:_lastOutput</name>
         <uninitialized>true</uninitialized>
         <run_address>0x1068</run_address>
         <size>0x10</size>
         <input_file_ref idref="fl-d"/>
      </object_component>
      <object_component id="oc-128">
         <name>.ebss</name>
         <uninitialized>true</uninitialized>
         <run_address>0x11c8</run_address>
         <size>0x1</size>
         <input_file_ref idref="fl-f"/>
      </object_component>
      <object_component id="oc-12f">
         <name>.ebss</name>
         <uninitialized>true</uninitialized>
         <run_address>0x11c9</run_address>
         <size>0x1</size>
         <input_file_ref idref="fl-10"/>
      </object_component>
      <object_component id="oc-144">
         <name>.ebss</name>
         <uninitialized>true</uninitialized>
         <run_address>0x1042</run_address>
         <size>0x16</size>
         <input_file_ref idref="fl-14"/>
      </object_component>
      <object_component id="oc-150">
         <name>.ebss</name>
         <uninitialized>true</uninitialized>
         <run_address>0x11ca</run_address>
         <size>0x1</size>
         <input_file_ref idref="fl-16"/>
      </object_component>
      <object_component id="oc-156">
         <name>.ebss</name>
         <uninitialized>true</uninitialized>
         <run_address>0x1180</run_address>
         <size>0xe</size>
         <input_file_ref idref="fl-17"/>
      </object_component>
      <object_component id="oc-15d">
         <name>.ebss</name>
         <uninitialized>true</uninitialized>
         <run_address>0x11cb</run_address>
         <size>0x1</size>
         <input_file_ref idref="fl-18"/>
      </object_component>
      <object_component id="oc-169">
         <name>.ebss</name>
         <uninitialized>true</uninitialized>
         <run_address>0x0</run_address>
         <size>0x1042</size>
         <input_file_ref idref="fl-1a"/>
      </object_component>
      <object_component id="oc-16f">
         <name>.ebss</name>
         <uninitialized>true</uninitialized>
         <run_address>0x119c</run_address>
         <size>0xa</size>
         <input_file_ref idref="fl-1b"/>
      </object_component>
      <object_component id="oc-175">
         <name>.ebss</name>
         <uninitialized>true</uninitialized>
         <run_address>0x11cc</run_address>
         <size>0x1</size>
         <input_file_ref idref="fl-1c"/>
      </object_component>
      <object_component id="oc-264">
         <name>.ebss:_readSeqCommands</name>
         <uninitialized>true</uninitialized>
         <run_address>0x1080</run_address>
         <size>0x100</size>
         <input_file_ref idref="fl-1c"/>
      </object_component>
      <object_component id="oc-17c">
         <name>.ebss</name>
         <uninitialized>true</uninitialized>
         <run_address>0x1058</run_address>
         <size>0x10</size>
         <input_file_ref idref="fl-1d"/>
      </object_component>
      <object_component id="oc-18c">
         <name>.ebss</name>
         <uninitialized>true</uninitialized>
         <run_address>0x1078</run_address>
         <size>0x8</size>
         <input_file_ref idref="fl-20"/>
      </object_component>
      <object_component id="oc-198">
         <name>.ebss</name>
         <uninitialized>true</uninitialized>
         <run_address>0x118e</run_address>
         <size>0xe</size>
         <input_file_ref idref="fl-22"/>
      </object_component>
      <object_component id="oc-19e">
         <name>.ebss</name>
         <uninitialized>true</uninitialized>
         <run_address>0x11a6</run_address>
         <size>0xa</size>
         <input_file_ref idref="fl-23"/>
      </object_component>
      <object_component id="oc-1fa">
         <name>.ebss</name>
         <uninitialized>true</uninitialized>
         <run_address>0x11b8</run_address>
         <size>0x6</size>
         <input_file_ref idref="fl-3a"/>
      </object_component>
      <object_component id="oc-23d">
         <name>.ebss:__lock</name>
         <uninitialized>true</uninitialized>
         <run_address>0x11c4</run_address>
         <size>0x2</size>
         <input_file_ref idref="fl-3b"/>
      </object_component>
      <object_component id="oc-25e">
         <name>.ebss:__unlock</name>
         <uninitialized>true</uninitialized>
         <run_address>0x11c6</run_address>
         <size>0x2</size>
         <input_file_ref idref="fl-3b"/>
      </object_component>
      <object_component id="oc-20b">
         <name>.ebss</name>
         <uninitialized>true</uninitialized>
         <run_address>0x11c0</run_address>
         <size>0x4</size>
         <input_file_ref idref="fl-3d"/>
      </object_component>
      <object_component id="oc-267">
         <name>.ebss:_parmbuf</name>
         <uninitialized>true</uninitialized>
         <run_address>0x11b0</run_address>
         <size>0x8</size>
         <input_file_ref idref="fl-42"/>
      </object_component>
      <object_component id="oc-25d">
         <name>.econst:_PieVectTableInit</name>
         <load_address>0xac00</load_address>
         <run_address>0xac00</run_address>
         <size>0x1c0</size>
         <input_file_ref idref="fl-8"/>
      </object_component>
      <object_component id="oc-14a">
         <name>.econst</name>
         <load_address>0xadc0</load_address>
         <run_address>0xadc0</run_address>
         <size>0x10</size>
         <input_file_ref idref="fl-15"/>
      </object_component>
      <object_component id="oc-1b0">
         <name>.econst:.string</name>
         <load_address>0xadd0</load_address>
         <run_address>0xadd0</run_address>
         <size>0xd</size>
         <input_file_ref idref="fl-26"/>
      </object_component>
      <object_component id="oc-1a4">
         <name>.econst</name>
         <load_address>0xadde</load_address>
         <run_address>0xadde</run_address>
         <size>0xc</size>
         <input_file_ref idref="fl-24"/>
      </object_component>
      <object_component id="oc-1aa">
         <name>.econst</name>
         <load_address>0xadea</load_address>
         <run_address>0xadea</run_address>
         <size>0xc</size>
         <input_file_ref idref="fl-25"/>
      </object_component>
      <object_component id="oc-217">
         <name>.econst</name>
         <load_address>0xadf6</load_address>
         <run_address>0xadf6</run_address>
         <size>0x2</size>
         <input_file_ref idref="fl-3f"/>
      </object_component>
      <object_component id="oc-20c">
         <name>.esysmem</name>
         <uninitialized>true</uninitialized>
         <run_address>0xa800</run_address>
         <size>0x4</size>
         <input_file_ref idref="fl-3d"/>
      </object_component>
      <object_component id="oc-2f5">
         <name>.esysmem</name>
         <uninitialized>true</uninitialized>
         <run_address>0xa800</run_address>
         <size>0x0</size>
      </object_component>
      <object_component id="oc-10b">
         <name>.TI.ramfunc</name>
         <load_address>0x1c0</load_address>
         <run_address>0x1c0</run_address>
         <size>0x4</size>
         <input_file_ref idref="fl-a"/>
      </object_component>
      <object_component id="oc-f0">
         <name>PieVectTableFile</name>
         <uninitialized>true</uninitialized>
         <run_address>0xd00</run_address>
         <size>0x1c0</size>
         <input_file_ref idref="fl-4"/>
      </object_component>
      <object_component id="oc-90">
         <name>EmuBModeVar</name>
         <uninitialized>true</uninitialized>
         <run_address>0xd00</run_address>
         <size>0x1</size>
         <input_file_ref idref="fl-4"/>
      </object_component>
      <object_component id="oc-91">
         <name>EmuBootPinsVar</name>
         <uninitialized>true</uninitialized>
         <run_address>0xd01</run_address>
         <size>0x1</size>
         <input_file_ref idref="fl-4"/>
      </object_component>
      <object_component id="oc-a7">
         <name>AdcaResultFile</name>
         <uninitialized>true</uninitialized>
         <run_address>0xb00</run_address>
         <size>0x18</size>
         <input_file_ref idref="fl-4"/>
      </object_component>
      <object_component id="oc-a8">
         <name>AdcbResultFile</name>
         <uninitialized>true</uninitialized>
         <run_address>0xb20</run_address>
         <size>0x18</size>
         <input_file_ref idref="fl-4"/>
      </object_component>
      <object_component id="oc-a9">
         <name>AdccResultFile</name>
         <uninitialized>true</uninitialized>
         <run_address>0xb40</run_address>
         <size>0x18</size>
         <input_file_ref idref="fl-4"/>
      </object_component>
      <object_component id="oc-aa">
         <name>AdcdResultFile</name>
         <uninitialized>true</uninitialized>
         <run_address>0xb60</run_address>
         <size>0x18</size>
         <input_file_ref idref="fl-4"/>
      </object_component>
      <object_component id="oc-d6">
         <name>AdcaRegsFile</name>
         <uninitialized>true</uninitialized>
         <run_address>0x7400</run_address>
         <size>0x80</size>
         <input_file_ref idref="fl-4"/>
      </object_component>
      <object_component id="oc-d7">
         <name>AdcbRegsFile</name>
         <uninitialized>true</uninitialized>
         <run_address>0x7480</run_address>
         <size>0x80</size>
         <input_file_ref idref="fl-4"/>
      </object_component>
      <object_component id="oc-d8">
         <name>AdccRegsFile</name>
         <uninitialized>true</uninitialized>
         <run_address>0x7500</run_address>
         <size>0x80</size>
         <input_file_ref idref="fl-4"/>
      </object_component>
      <object_component id="oc-d9">
         <name>AdcdRegsFile</name>
         <uninitialized>true</uninitialized>
         <run_address>0x7580</run_address>
         <size>0x80</size>
         <input_file_ref idref="fl-4"/>
      </object_component>
      <object_component id="oc-d2">
         <name>AnalogSubsysRegsFile</name>
         <uninitialized>true</uninitialized>
         <run_address>0x5d180</run_address>
         <size>0x48</size>
         <input_file_ref idref="fl-4"/>
      </object_component>
      <object_component id="oc-ec">
         <name>CanaRegsFile</name>
         <uninitialized>true</uninitialized>
         <run_address>0x48000</run_address>
         <size>0x164</size>
         <input_file_ref idref="fl-4"/>
      </object_component>
      <object_component id="oc-ed">
         <name>CanbRegsFile</name>
         <uninitialized>true</uninitialized>
         <run_address>0x4a000</run_address>
         <size>0x164</size>
         <input_file_ref idref="fl-4"/>
      </object_component>
      <object_component id="oc-cd">
         <name>Cla1RegsFile</name>
         <uninitialized>true</uninitialized>
         <run_address>0x1400</run_address>
         <size>0x3e</size>
         <input_file_ref idref="fl-4"/>
      </object_component>
      <object_component id="oc-95">
         <name>Cla1SoftIntRegsFile</name>
         <uninitialized>true</uninitialized>
         <run_address>0xce0</run_address>
         <size>0x4</size>
         <input_file_ref idref="fl-4"/>
      </object_component>
      <object_component id="oc-ad">
         <name>Cmpss1RegsFile</name>
         <uninitialized>true</uninitialized>
         <run_address>0x5c80</run_address>
         <size>0x20</size>
         <input_file_ref idref="fl-4"/>
      </object_component>
      <object_component id="oc-ae">
         <name>Cmpss2RegsFile</name>
         <uninitialized>true</uninitialized>
         <run_address>0x5ca0</run_address>
         <size>0x20</size>
         <input_file_ref idref="fl-4"/>
      </object_component>
      <object_component id="oc-af">
         <name>Cmpss3RegsFile</name>
         <uninitialized>true</uninitialized>
         <run_address>0x5cc0</run_address>
         <size>0x20</size>
         <input_file_ref idref="fl-4"/>
      </object_component>
      <object_component id="oc-b0">
         <name>Cmpss4RegsFile</name>
         <uninitialized>true</uninitialized>
         <run_address>0x5ce0</run_address>
         <size>0x20</size>
         <input_file_ref idref="fl-4"/>
      </object_component>
      <object_component id="oc-b1">
         <name>Cmpss5RegsFile</name>
         <uninitialized>true</uninitialized>
         <run_address>0x5d00</run_address>
         <size>0x20</size>
         <input_file_ref idref="fl-4"/>
      </object_component>
      <object_component id="oc-b2">
         <name>Cmpss6RegsFile</name>
         <uninitialized>true</uninitialized>
         <run_address>0x5d20</run_address>
         <size>0x20</size>
         <input_file_ref idref="fl-4"/>
      </object_component>
      <object_component id="oc-b3">
         <name>Cmpss7RegsFile</name>
         <uninitialized>true</uninitialized>
         <run_address>0x5d40</run_address>
         <size>0x20</size>
         <input_file_ref idref="fl-4"/>
      </object_component>
      <object_component id="oc-b4">
         <name>Cmpss8RegsFile</name>
         <uninitialized>true</uninitialized>
         <run_address>0x5d60</run_address>
         <size>0x20</size>
         <input_file_ref idref="fl-4"/>
      </object_component>
      <object_component id="oc-9b">
         <name>CpuTimer0RegsFile</name>
         <uninitialized>true</uninitialized>
         <run_address>0xc00</run_address>
         <size>0x8</size>
         <input_file_ref idref="fl-4"/>
      </object_component>
      <object_component id="oc-9c">
         <name>CpuTimer1RegsFile</name>
         <uninitialized>true</uninitialized>
         <run_address>0xc08</run_address>
         <size>0x8</size>
         <input_file_ref idref="fl-4"/>
      </object_component>
      <object_component id="oc-9d">
         <name>CpuTimer2RegsFile</name>
         <uninitialized>true</uninitialized>
         <run_address>0xc10</run_address>
         <size>0x8</size>
         <input_file_ref idref="fl-4"/>
      </object_component>
      <object_component id="oc-98">
         <name>DacaRegsFile</name>
         <uninitialized>true</uninitialized>
         <run_address>0x5c00</run_address>
         <size>0x8</size>
         <input_file_ref idref="fl-4"/>
      </object_component>
      <object_component id="oc-99">
         <name>DacbRegsFile</name>
         <uninitialized>true</uninitialized>
         <run_address>0x5c10</run_address>
         <size>0x8</size>
         <input_file_ref idref="fl-4"/>
      </object_component>
      <object_component id="oc-9a">
         <name>DaccRegsFile</name>
         <uninitialized>true</uninitialized>
         <run_address>0x5c20</run_address>
         <size>0x8</size>
         <input_file_ref idref="fl-4"/>
      </object_component>
      <object_component id="oc-c4">
         <name>DcsmZ1RegsFile</name>
         <uninitialized>true</uninitialized>
         <run_address>0x5f000</run_address>
         <size>0x24</size>
         <input_file_ref idref="fl-4"/>
      </object_component>
      <object_component id="oc-c5">
         <name>DcsmZ2RegsFile</name>
         <uninitialized>true</uninitialized>
         <run_address>0x5f040</run_address>
         <size>0x24</size>
         <input_file_ref idref="fl-4"/>
      </object_component>
      <object_component id="oc-9e">
         <name>DcsmCommonRegsFile</name>
         <uninitialized>true</uninitialized>
         <run_address>0x5f070</run_address>
         <size>0x8</size>
         <input_file_ref idref="fl-4"/>
      </object_component>
      <object_component id="oc-de">
         <name>DmaRegsFile</name>
         <uninitialized>true</uninitialized>
         <run_address>0x1000</run_address>
         <size>0xe0</size>
         <input_file_ref idref="fl-4"/>
      </object_component>
      <object_component id="oc-ab">
         <name>DmaClaSrcSelRegsFile</name>
         <uninitialized>true</uninitialized>
         <run_address>0x7980</run_address>
         <size>0x1a</size>
         <input_file_ref idref="fl-4"/>
      </object_component>
      <object_component id="oc-b5">
         <name>ECap1RegsFile</name>
         <uninitialized>true</uninitialized>
         <run_address>0x5000</run_address>
         <size>0x20</size>
         <input_file_ref idref="fl-4"/>
      </object_component>
      <object_component id="oc-b6">
         <name>ECap2RegsFile</name>
         <uninitialized>true</uninitialized>
         <run_address>0x5020</run_address>
         <size>0x20</size>
         <input_file_ref idref="fl-4"/>
      </object_component>
      <object_component id="oc-b7">
         <name>ECap3RegsFile</name>
         <uninitialized>true</uninitialized>
         <run_address>0x5040</run_address>
         <size>0x20</size>
         <input_file_ref idref="fl-4"/>
      </object_component>
      <object_component id="oc-b8">
         <name>ECap4RegsFile</name>
         <uninitialized>true</uninitialized>
         <run_address>0x5060</run_address>
         <size>0x20</size>
         <input_file_ref idref="fl-4"/>
      </object_component>
      <object_component id="oc-b9">
         <name>ECap5RegsFile</name>
         <uninitialized>true</uninitialized>
         <run_address>0x5080</run_address>
         <size>0x20</size>
         <input_file_ref idref="fl-4"/>
      </object_component>
      <object_component id="oc-ba">
         <name>ECap6RegsFile</name>
         <uninitialized>true</uninitialized>
         <run_address>0x50a0</run_address>
         <size>0x20</size>
         <input_file_ref idref="fl-4"/>
      </object_component>
      <object_component id="oc-d4">
         <name>Emif1RegsFile</name>
         <uninitialized>true</uninitialized>
         <run_address>0x47000</run_address>
         <size>0x70</size>
         <input_file_ref idref="fl-4"/>
      </object_component>
      <object_component id="oc-d5">
         <name>Emif2RegsFile</name>
         <uninitialized>true</uninitialized>
         <run_address>0x47800</run_address>
         <size>0x70</size>
         <input_file_ref idref="fl-4"/>
      </object_component>
      <object_component id="oc-df">
         <name>EPwm1RegsFile</name>
         <uninitialized>true</uninitialized>
         <run_address>0x4000</run_address>
         <size>0x100</size>
         <input_file_ref idref="fl-4"/>
      </object_component>
      <object_component id="oc-e0">
         <name>EPwm2RegsFile</name>
         <uninitialized>true</uninitialized>
         <run_address>0x4100</run_address>
         <size>0x100</size>
         <input_file_ref idref="fl-4"/>
      </object_component>
      <object_component id="oc-e1">
         <name>EPwm3RegsFile</name>
         <uninitialized>true</uninitialized>
         <run_address>0x4200</run_address>
         <size>0x100</size>
         <input_file_ref idref="fl-4"/>
      </object_component>
      <object_component id="oc-e2">
         <name>EPwm4RegsFile</name>
         <uninitialized>true</uninitialized>
         <run_address>0x4300</run_address>
         <size>0x100</size>
         <input_file_ref idref="fl-4"/>
      </object_component>
      <object_component id="oc-e3">
         <name>EPwm5RegsFile</name>
         <uninitialized>true</uninitialized>
         <run_address>0x4400</run_address>
         <size>0x100</size>
         <input_file_ref idref="fl-4"/>
      </object_component>
      <object_component id="oc-e4">
         <name>EPwm6RegsFile</name>
         <uninitialized>true</uninitialized>
         <run_address>0x4500</run_address>
         <size>0x100</size>
         <input_file_ref idref="fl-4"/>
      </object_component>
      <object_component id="oc-e5">
         <name>EPwm7RegsFile</name>
         <uninitialized>true</uninitialized>
         <run_address>0x4600</run_address>
         <size>0x100</size>
         <input_file_ref idref="fl-4"/>
      </object_component>
      <object_component id="oc-e6">
         <name>EPwm8RegsFile</name>
         <uninitialized>true</uninitialized>
         <run_address>0x4700</run_address>
         <size>0x100</size>
         <input_file_ref idref="fl-4"/>
      </object_component>
      <object_component id="oc-e7">
         <name>EPwm9RegsFile</name>
         <uninitialized>true</uninitialized>
         <run_address>0x4800</run_address>
         <size>0x100</size>
         <input_file_ref idref="fl-4"/>
      </object_component>
      <object_component id="oc-e8">
         <name>EPwm10RegsFile</name>
         <uninitialized>true</uninitialized>
         <run_address>0x4900</run_address>
         <size>0x100</size>
         <input_file_ref idref="fl-4"/>
      </object_component>
      <object_component id="oc-e9">
         <name>EPwm11RegsFile</name>
         <uninitialized>true</uninitialized>
         <run_address>0x4a00</run_address>
         <size>0x100</size>
         <input_file_ref idref="fl-4"/>
      </object_component>
      <object_component id="oc-ea">
         <name>EPwm12RegsFile</name>
         <uninitialized>true</uninitialized>
         <run_address>0x4b00</run_address>
         <size>0x100</size>
         <input_file_ref idref="fl-4"/>
      </object_component>
      <object_component id="oc-ce">
         <name>EPwmXbarRegsFile</name>
         <uninitialized>true</uninitialized>
         <run_address>0x7a00</run_address>
         <size>0x40</size>
         <input_file_ref idref="fl-4"/>
      </object_component>
      <object_component id="oc-bf">
         <name>EQep1RegsFile</name>
         <uninitialized>true</uninitialized>
         <run_address>0x5100</run_address>
         <size>0x22</size>
         <input_file_ref idref="fl-4"/>
      </object_component>
      <object_component id="oc-c0">
         <name>EQep2RegsFile</name>
         <uninitialized>true</uninitialized>
         <run_address>0x5140</run_address>
         <size>0x22</size>
         <input_file_ref idref="fl-4"/>
      </object_component>
      <object_component id="oc-c1">
         <name>EQep3RegsFile</name>
         <uninitialized>true</uninitialized>
         <run_address>0x5180</run_address>
         <size>0x22</size>
         <input_file_ref idref="fl-4"/>
      </object_component>
      <object_component id="oc-ef">
         <name>Flash0CtrlRegsFile</name>
         <uninitialized>true</uninitialized>
         <run_address>0x5f800</run_address>
         <size>0x182</size>
         <input_file_ref idref="fl-4"/>
      </object_component>
      <object_component id="oc-c9">
         <name>Flash0EccRegsFile</name>
         <uninitialized>true</uninitialized>
         <run_address>0x5fb00</run_address>
         <size>0x28</size>
         <input_file_ref idref="fl-4"/>
      </object_component>
      <object_component id="oc-ee">
         <name>GpioCtrlRegsFile</name>
         <uninitialized>true</uninitialized>
         <run_address>0x7c00</run_address>
         <size>0x180</size>
         <input_file_ref idref="fl-4"/>
      </object_component>
      <object_component id="oc-cb">
         <name>GpioDataRegsFile</name>
         <uninitialized>true</uninitialized>
         <run_address>0x7f00</run_address>
         <size>0x30</size>
         <input_file_ref idref="fl-4"/>
      </object_component>
      <object_component id="oc-cf">
         <name>OutputXbarRegsFile</name>
         <uninitialized>true</uninitialized>
         <run_address>0x7a80</run_address>
         <size>0x40</size>
         <input_file_ref idref="fl-4"/>
      </object_component>
      <object_component id="oc-c2">
         <name>I2caRegsFile</name>
         <uninitialized>true</uninitialized>
         <run_address>0x7300</run_address>
         <size>0x22</size>
         <input_file_ref idref="fl-4"/>
      </object_component>
      <object_component id="oc-c3">
         <name>I2cbRegsFile</name>
         <uninitialized>true</uninitialized>
         <run_address>0x7340</run_address>
         <size>0x22</size>
         <input_file_ref idref="fl-4"/>
      </object_component>
      <object_component id="oc-bb">
         <name>InputXbarRegsFile</name>
         <uninitialized>true</uninitialized>
         <run_address>0x7900</run_address>
         <size>0x20</size>
         <input_file_ref idref="fl-4"/>
      </object_component>
      <object_component id="oc-bc">
         <name>XbarRegsFile</name>
         <uninitialized>true</uninitialized>
         <run_address>0x7920</run_address>
         <size>0x20</size>
         <input_file_ref idref="fl-4"/>
      </object_component>
      <object_component id="oc-c6">
         <name>IpcRegsFile</name>
         <uninitialized>true</uninitialized>
         <run_address>0x50000</run_address>
         <size>0x24</size>
         <input_file_ref idref="fl-4"/>
      </object_component>
      <object_component id="oc-92">
         <name>FlashPumpSemaphoreRegsFile</name>
         <uninitialized>true</uninitialized>
         <run_address>0x50024</run_address>
         <size>0x2</size>
         <input_file_ref idref="fl-4"/>
      </object_component>
      <object_component id="oc-93">
         <name>RomPrefetchRegsFile</name>
         <uninitialized>true</uninitialized>
         <run_address>0x5e608</run_address>
         <size>0x2</size>
         <input_file_ref idref="fl-4"/>
      </object_component>
      <object_component id="oc-da">
         <name>MemCfgRegsFile</name>
         <uninitialized>true</uninitialized>
         <run_address>0x5f400</run_address>
         <size>0x80</size>
         <input_file_ref idref="fl-4"/>
      </object_component>
      <object_component id="oc-bd">
         <name>Emif1ConfigRegsFile</name>
         <uninitialized>true</uninitialized>
         <run_address>0x5f480</run_address>
         <size>0x20</size>
         <input_file_ref idref="fl-4"/>
      </object_component>
      <object_component id="oc-be">
         <name>Emif2ConfigRegsFile</name>
         <uninitialized>true</uninitialized>
         <run_address>0x5f4a0</run_address>
         <size>0x20</size>
         <input_file_ref idref="fl-4"/>
      </object_component>
      <object_component id="oc-d0">
         <name>AccessProtectionRegsFile</name>
         <uninitialized>true</uninitialized>
         <run_address>0x5f4c0</run_address>
         <size>0x40</size>
         <input_file_ref idref="fl-4"/>
      </object_component>
      <object_component id="oc-d1">
         <name>MemoryErrorRegsFile</name>
         <uninitialized>true</uninitialized>
         <run_address>0x5f500</run_address>
         <size>0x40</size>
         <input_file_ref idref="fl-4"/>
      </object_component>
      <object_component id="oc-94">
         <name>RomWaitStateRegsFile</name>
         <uninitialized>true</uninitialized>
         <run_address>0x5f540</run_address>
         <size>0x2</size>
         <input_file_ref idref="fl-4"/>
      </object_component>
      <object_component id="oc-c7">
         <name>McbspaRegsFile</name>
         <uninitialized>true</uninitialized>
         <run_address>0x6000</run_address>
         <size>0x24</size>
         <input_file_ref idref="fl-4"/>
      </object_component>
      <object_component id="oc-c8">
         <name>McbspbRegsFile</name>
         <uninitialized>true</uninitialized>
         <run_address>0x6040</run_address>
         <size>0x24</size>
         <input_file_ref idref="fl-4"/>
      </object_component>
      <object_component id="oc-d3">
         <name>UppRegsFile</name>
         <uninitialized>true</uninitialized>
         <run_address>0x6200</run_address>
         <size>0x48</size>
         <input_file_ref idref="fl-4"/>
      </object_component>
      <object_component id="oc-97">
         <name>NmiIntruptRegsFile</name>
         <uninitialized>true</uninitialized>
         <run_address>0x7060</run_address>
         <size>0x7</size>
         <input_file_ref idref="fl-4"/>
      </object_component>
      <object_component id="oc-ac">
         <name>PieCtrlRegsFile</name>
         <uninitialized>true</uninitialized>
         <run_address>0xce0</run_address>
         <size>0x1a</size>
         <input_file_ref idref="fl-4"/>
      </object_component>
      <object_component id="oc-a0">
         <name>SciaRegsFile</name>
         <uninitialized>true</uninitialized>
         <run_address>0x7200</run_address>
         <size>0x10</size>
         <input_file_ref idref="fl-4"/>
      </object_component>
      <object_component id="oc-a1">
         <name>ScibRegsFile</name>
         <uninitialized>true</uninitialized>
         <run_address>0x7210</run_address>
         <size>0x10</size>
         <input_file_ref idref="fl-4"/>
      </object_component>
      <object_component id="oc-a2">
         <name>ScicRegsFile</name>
         <uninitialized>true</uninitialized>
         <run_address>0x7220</run_address>
         <size>0x10</size>
         <input_file_ref idref="fl-4"/>
      </object_component>
      <object_component id="oc-a3">
         <name>ScidRegsFile</name>
         <uninitialized>true</uninitialized>
         <run_address>0x7230</run_address>
         <size>0x10</size>
         <input_file_ref idref="fl-4"/>
      </object_component>
      <object_component id="oc-db">
         <name>Sdfm1RegsFile</name>
         <uninitialized>true</uninitialized>
         <run_address>0x5e00</run_address>
         <size>0x80</size>
         <input_file_ref idref="fl-4"/>
      </object_component>
      <object_component id="oc-dc">
         <name>Sdfm2RegsFile</name>
         <uninitialized>true</uninitialized>
         <run_address>0x5e80</run_address>
         <size>0x80</size>
         <input_file_ref idref="fl-4"/>
      </object_component>
      <object_component id="oc-a4">
         <name>SpiaRegsFile</name>
         <uninitialized>true</uninitialized>
         <run_address>0x6100</run_address>
         <size>0x10</size>
         <input_file_ref idref="fl-4"/>
      </object_component>
      <object_component id="oc-a5">
         <name>SpibRegsFile</name>
         <uninitialized>true</uninitialized>
         <run_address>0x6110</run_address>
         <size>0x10</size>
         <input_file_ref idref="fl-4"/>
      </object_component>
      <object_component id="oc-a6">
         <name>SpicRegsFile</name>
         <uninitialized>true</uninitialized>
         <run_address>0x6120</run_address>
         <size>0x10</size>
         <input_file_ref idref="fl-4"/>
      </object_component>
      <object_component id="oc-eb">
         <name>DevCfgRegsFile</name>
         <uninitialized>true</uninitialized>
         <run_address>0x5d000</run_address>
         <size>0x12e</size>
         <input_file_ref idref="fl-4"/>
      </object_component>
      <object_component id="oc-cc">
         <name>ClkCfgRegsFile</name>
         <uninitialized>true</uninitialized>
         <run_address>0x5d200</run_address>
         <size>0x32</size>
         <input_file_ref idref="fl-4"/>
      </object_component>
      <object_component id="oc-dd">
         <name>CpuSysRegsFile</name>
         <uninitialized>true</uninitialized>
         <run_address>0x5d300</run_address>
         <size>0x82</size>
         <input_file_ref idref="fl-4"/>
      </object_component>
      <object_component id="oc-96">
         <name>SyncSocRegsFile</name>
         <uninitialized>true</uninitialized>
         <run_address>0x7940</run_address>
         <size>0x6</size>
         <input_file_ref idref="fl-4"/>
      </object_component>
      <object_component id="oc-ca">
         <name>WdRegsFile</name>
         <uninitialized>true</uninitialized>
         <run_address>0x7000</run_address>
         <size>0x2b</size>
         <input_file_ref idref="fl-4"/>
      </object_component>
      <object_component id="oc-9f">
         <name>XintRegsFile</name>
         <uninitialized>true</uninitialized>
         <run_address>0x7070</run_address>
         <size>0xb</size>
         <input_file_ref idref="fl-4"/>
      </object_component>
      <object_component id="oc-85">
         <name>.debug_line</name>
         <load_address>0x0</load_address>
         <run_address>0x0</run_address>
         <size>0x4d</size>
         <input_file_ref idref="fl-2"/>
      </object_component>
      <object_component id="oc-8c">
         <name>.debug_line</name>
         <load_address>0x4d</load_address>
         <run_address>0x4d</run_address>
         <size>0xcdf</size>
         <input_file_ref idref="fl-3"/>
      </object_component>
      <object_component id="oc-f4">
         <name>.debug_line</name>
         <load_address>0xd2c</load_address>
         <run_address>0xd2c</run_address>
         <size>0x264</size>
         <input_file_ref idref="fl-5"/>
      </object_component>
      <object_component id="oc-f9">
         <name>.debug_line</name>
         <load_address>0xf90</load_address>
         <run_address>0xf90</run_address>
         <size>0x31</size>
         <input_file_ref idref="fl-6"/>
      </object_component>
      <object_component id="oc-fe">
         <name>.debug_line</name>
         <load_address>0xfc1</load_address>
         <run_address>0xfc1</run_address>
         <size>0x87</size>
         <input_file_ref idref="fl-7"/>
      </object_component>
      <object_component id="oc-103">
         <name>.debug_line</name>
         <load_address>0x1048</load_address>
         <run_address>0x1048</run_address>
         <size>0x69</size>
         <input_file_ref idref="fl-8"/>
      </object_component>
      <object_component id="oc-108">
         <name>.debug_line</name>
         <load_address>0x10b1</load_address>
         <run_address>0x10b1</run_address>
         <size>0x522</size>
         <input_file_ref idref="fl-9"/>
      </object_component>
      <object_component id="oc-10c">
         <name>.debug_line</name>
         <load_address>0x15d3</load_address>
         <run_address>0x15d3</run_address>
         <size>0x4a</size>
         <input_file_ref idref="fl-a"/>
      </object_component>
      <object_component id="oc-113">
         <name>.debug_line</name>
         <load_address>0x161d</load_address>
         <run_address>0x161d</run_address>
         <size>0x266</size>
         <input_file_ref idref="fl-b"/>
      </object_component>
      <object_component id="oc-11a">
         <name>.debug_line</name>
         <load_address>0x1883</load_address>
         <run_address>0x1883</run_address>
         <size>0xeb</size>
         <input_file_ref idref="fl-c"/>
      </object_component>
      <object_component id="oc-11f">
         <name>.debug_line</name>
         <load_address>0x196e</load_address>
         <run_address>0x196e</run_address>
         <size>0xa2</size>
         <input_file_ref idref="fl-d"/>
      </object_component>
      <object_component id="oc-124">
         <name>.debug_line</name>
         <load_address>0x1a10</load_address>
         <run_address>0x1a10</run_address>
         <size>0x9b</size>
         <input_file_ref idref="fl-e"/>
      </object_component>
      <object_component id="oc-12a">
         <name>.debug_line</name>
         <load_address>0x1aab</load_address>
         <run_address>0x1aab</run_address>
         <size>0xe2</size>
         <input_file_ref idref="fl-f"/>
      </object_component>
      <object_component id="oc-131">
         <name>.debug_line</name>
         <load_address>0x1b8d</load_address>
         <run_address>0x1b8d</run_address>
         <size>0x7e</size>
         <input_file_ref idref="fl-10"/>
      </object_component>
      <object_component id="oc-136">
         <name>.debug_line</name>
         <load_address>0x1c0b</load_address>
         <run_address>0x1c0b</run_address>
         <size>0x33</size>
         <input_file_ref idref="fl-11"/>
      </object_component>
      <object_component id="oc-13b">
         <name>.debug_line</name>
         <load_address>0x1c3e</load_address>
         <run_address>0x1c3e</run_address>
         <size>0x51</size>
         <input_file_ref idref="fl-12"/>
      </object_component>
      <object_component id="oc-140">
         <name>.debug_line</name>
         <load_address>0x1c8f</load_address>
         <run_address>0x1c8f</run_address>
         <size>0x55</size>
         <input_file_ref idref="fl-13"/>
      </object_component>
      <object_component id="oc-146">
         <name>.debug_line</name>
         <load_address>0x1ce4</load_address>
         <run_address>0x1ce4</run_address>
         <size>0x24d</size>
         <input_file_ref idref="fl-14"/>
      </object_component>
      <object_component id="oc-14c">
         <name>.debug_line</name>
         <load_address>0x1f31</load_address>
         <run_address>0x1f31</run_address>
         <size>0x137</size>
         <input_file_ref idref="fl-15"/>
      </object_component>
      <object_component id="oc-152">
         <name>.debug_line</name>
         <load_address>0x2068</load_address>
         <run_address>0x2068</run_address>
         <size>0x119</size>
         <input_file_ref idref="fl-16"/>
      </object_component>
      <object_component id="oc-158">
         <name>.debug_line</name>
         <load_address>0x2181</load_address>
         <run_address>0x2181</run_address>
         <size>0x126</size>
         <input_file_ref idref="fl-17"/>
      </object_component>
      <object_component id="oc-15f">
         <name>.debug_line</name>
         <load_address>0x22a7</load_address>
         <run_address>0x22a7</run_address>
         <size>0x90</size>
         <input_file_ref idref="fl-18"/>
      </object_component>
      <object_component id="oc-164">
         <name>.debug_line</name>
         <load_address>0x2337</load_address>
         <run_address>0x2337</run_address>
         <size>0xa0</size>
         <input_file_ref idref="fl-19"/>
      </object_component>
      <object_component id="oc-16b">
         <name>.debug_line</name>
         <load_address>0x23d7</load_address>
         <run_address>0x23d7</run_address>
         <size>0x1d0</size>
         <input_file_ref idref="fl-1a"/>
      </object_component>
      <object_component id="oc-171">
         <name>.debug_line</name>
         <load_address>0x25a7</load_address>
         <run_address>0x25a7</run_address>
         <size>0x1a8</size>
         <input_file_ref idref="fl-1b"/>
      </object_component>
      <object_component id="oc-177">
         <name>.debug_line</name>
         <load_address>0x274f</load_address>
         <run_address>0x274f</run_address>
         <size>0x14d</size>
         <input_file_ref idref="fl-1c"/>
      </object_component>
      <object_component id="oc-17e">
         <name>.debug_line</name>
         <load_address>0x289c</load_address>
         <run_address>0x289c</run_address>
         <size>0x1c4</size>
         <input_file_ref idref="fl-1d"/>
      </object_component>
      <object_component id="oc-183">
         <name>.debug_line</name>
         <load_address>0x2a60</load_address>
         <run_address>0x2a60</run_address>
         <size>0x55</size>
         <input_file_ref idref="fl-1e"/>
      </object_component>
      <object_component id="oc-188">
         <name>.debug_line</name>
         <load_address>0x2ab5</load_address>
         <run_address>0x2ab5</run_address>
         <size>0xe5</size>
         <input_file_ref idref="fl-1f"/>
      </object_component>
      <object_component id="oc-18e">
         <name>.debug_line</name>
         <load_address>0x2b9a</load_address>
         <run_address>0x2b9a</run_address>
         <size>0x15c</size>
         <input_file_ref idref="fl-20"/>
      </object_component>
      <object_component id="oc-193">
         <name>.debug_line</name>
         <load_address>0x2cf6</load_address>
         <run_address>0x2cf6</run_address>
         <size>0x61</size>
         <input_file_ref idref="fl-21"/>
      </object_component>
      <object_component id="oc-19a">
         <name>.debug_line</name>
         <load_address>0x2d57</load_address>
         <run_address>0x2d57</run_address>
         <size>0xe6</size>
         <input_file_ref idref="fl-22"/>
      </object_component>
      <object_component id="oc-1a0">
         <name>.debug_line</name>
         <load_address>0x2e3d</load_address>
         <run_address>0x2e3d</run_address>
         <size>0x14f</size>
         <input_file_ref idref="fl-23"/>
      </object_component>
      <object_component id="oc-1a6">
         <name>.debug_line</name>
         <load_address>0x2f8c</load_address>
         <run_address>0x2f8c</run_address>
         <size>0x6e</size>
         <input_file_ref idref="fl-24"/>
      </object_component>
      <object_component id="oc-1ac">
         <name>.debug_line</name>
         <load_address>0x2ffa</load_address>
         <run_address>0x2ffa</run_address>
         <size>0x3d</size>
         <input_file_ref idref="fl-25"/>
      </object_component>
      <object_component id="oc-1b2">
         <name>.debug_line</name>
         <load_address>0x3037</load_address>
         <run_address>0x3037</run_address>
         <size>0x5f</size>
         <input_file_ref idref="fl-26"/>
      </object_component>
      <object_component id="oc-1b9">
         <name>.debug_line</name>
         <load_address>0x3096</load_address>
         <run_address>0x3096</run_address>
         <size>0x7e</size>
         <input_file_ref idref="fl-2d"/>
      </object_component>
      <object_component id="oc-1be">
         <name>.debug_line</name>
         <load_address>0x3114</load_address>
         <run_address>0x3114</run_address>
         <size>0xa2</size>
         <input_file_ref idref="fl-2e"/>
      </object_component>
      <object_component id="oc-1c3">
         <name>.debug_line</name>
         <load_address>0x31b6</load_address>
         <run_address>0x31b6</run_address>
         <size>0x49</size>
         <input_file_ref idref="fl-2f"/>
      </object_component>
      <object_component id="oc-1c8">
         <name>.debug_line</name>
         <load_address>0x31ff</load_address>
         <run_address>0x31ff</run_address>
         <size>0x58</size>
         <input_file_ref idref="fl-30"/>
      </object_component>
      <object_component id="oc-1cd">
         <name>.debug_line</name>
         <load_address>0x3257</load_address>
         <run_address>0x3257</run_address>
         <size>0xad</size>
         <input_file_ref idref="fl-31"/>
      </object_component>
      <object_component id="oc-1d2">
         <name>.debug_line</name>
         <load_address>0x3304</load_address>
         <run_address>0x3304</run_address>
         <size>0x6c</size>
         <input_file_ref idref="fl-32"/>
      </object_component>
      <object_component id="oc-1d7">
         <name>.debug_line</name>
         <load_address>0x3370</load_address>
         <run_address>0x3370</run_address>
         <size>0x52</size>
         <input_file_ref idref="fl-33"/>
      </object_component>
      <object_component id="oc-1dc">
         <name>.debug_line</name>
         <load_address>0x33c2</load_address>
         <run_address>0x33c2</run_address>
         <size>0x52</size>
         <input_file_ref idref="fl-34"/>
      </object_component>
      <object_component id="oc-1e1">
         <name>.debug_line</name>
         <load_address>0x3414</load_address>
         <run_address>0x3414</run_address>
         <size>0xb3</size>
         <input_file_ref idref="fl-35"/>
      </object_component>
      <object_component id="oc-1e6">
         <name>.debug_line</name>
         <load_address>0x34c7</load_address>
         <run_address>0x34c7</run_address>
         <size>0x50</size>
         <input_file_ref idref="fl-36"/>
      </object_component>
      <object_component id="oc-1eb">
         <name>.debug_line</name>
         <load_address>0x3517</load_address>
         <run_address>0x3517</run_address>
         <size>0x62</size>
         <input_file_ref idref="fl-37"/>
      </object_component>
      <object_component id="oc-1f0">
         <name>.debug_line</name>
         <load_address>0x3579</load_address>
         <run_address>0x3579</run_address>
         <size>0x3e</size>
         <input_file_ref idref="fl-38"/>
      </object_component>
      <object_component id="oc-1f5">
         <name>.debug_line</name>
         <load_address>0x35b7</load_address>
         <run_address>0x35b7</run_address>
         <size>0x3a</size>
         <input_file_ref idref="fl-39"/>
      </object_component>
      <object_component id="oc-1fc">
         <name>.debug_line</name>
         <load_address>0x35f1</load_address>
         <run_address>0x35f1</run_address>
         <size>0x65</size>
         <input_file_ref idref="fl-3a"/>
      </object_component>
      <object_component id="oc-201">
         <name>.debug_line</name>
         <load_address>0x3656</load_address>
         <run_address>0x3656</run_address>
         <size>0x5e</size>
         <input_file_ref idref="fl-3b"/>
      </object_component>
      <object_component id="oc-206">
         <name>.debug_line</name>
         <load_address>0x36b4</load_address>
         <run_address>0x36b4</run_address>
         <size>0x55</size>
         <input_file_ref idref="fl-3c"/>
      </object_component>
      <object_component id="oc-20e">
         <name>.debug_line</name>
         <load_address>0x3709</load_address>
         <run_address>0x3709</run_address>
         <size>0x3fc</size>
         <input_file_ref idref="fl-3d"/>
      </object_component>
      <object_component id="oc-213">
         <name>.debug_line</name>
         <load_address>0x3b05</load_address>
         <run_address>0x3b05</run_address>
         <size>0xb1</size>
         <input_file_ref idref="fl-3e"/>
      </object_component>
      <object_component id="oc-219">
         <name>.debug_line</name>
         <load_address>0x3bb6</load_address>
         <run_address>0x3bb6</run_address>
         <size>0x3b</size>
         <input_file_ref idref="fl-3f"/>
      </object_component>
      <object_component id="oc-21e">
         <name>.debug_line</name>
         <load_address>0x3bf1</load_address>
         <run_address>0x3bf1</run_address>
         <size>0xc4</size>
         <input_file_ref idref="fl-40"/>
      </object_component>
      <object_component id="oc-223">
         <name>.debug_line</name>
         <load_address>0x3cb5</load_address>
         <run_address>0x3cb5</run_address>
         <size>0x49</size>
         <input_file_ref idref="fl-41"/>
      </object_component>
      <object_component id="oc-228">
         <name>.debug_line</name>
         <load_address>0x3cfe</load_address>
         <run_address>0x3cfe</run_address>
         <size>0x2b</size>
         <input_file_ref idref="fl-42"/>
      </object_component>
      <object_component id="oc-22e">
         <name>.debug_line</name>
         <load_address>0x3d29</load_address>
         <run_address>0x3d29</run_address>
         <size>0xaa</size>
         <input_file_ref idref="fl-43"/>
      </object_component>
      <object_component id="oc-233">
         <name>.debug_line</name>
         <load_address>0x3dd3</load_address>
         <run_address>0x3dd3</run_address>
         <size>0x8f</size>
         <input_file_ref idref="fl-44"/>
      </object_component>
      <object_component id="oc-86">
         <name>.debug_info</name>
         <load_address>0x0</load_address>
         <run_address>0x0</run_address>
         <size>0x11b</size>
         <input_file_ref idref="fl-2"/>
      </object_component>
      <object_component id="oc-89">
         <name>.debug_info</name>
         <load_address>0x11b</load_address>
         <run_address>0x11b</run_address>
         <size>0x34e9</size>
         <input_file_ref idref="fl-3"/>
      </object_component>
      <object_component id="oc-8f">
         <name>.debug_info</name>
         <load_address>0x3604</load_address>
         <run_address>0x3604</run_address>
         <size>0x50555</size>
         <input_file_ref idref="fl-4"/>
      </object_component>
      <object_component id="oc-f2">
         <name>.debug_info</name>
         <load_address>0x53b59</load_address>
         <run_address>0x53b59</run_address>
         <size>0x19f70</size>
         <input_file_ref idref="fl-5"/>
      </object_component>
      <object_component id="oc-f7">
         <name>.debug_info</name>
         <load_address>0x6dac9</load_address>
         <run_address>0x6dac9</run_address>
         <size>0x163b</size>
         <input_file_ref idref="fl-6"/>
      </object_component>
      <object_component id="oc-fc">
         <name>.debug_info</name>
         <load_address>0x6f104</load_address>
         <run_address>0x6f104</run_address>
         <size>0x355a</size>
         <input_file_ref idref="fl-7"/>
      </object_component>
      <object_component id="oc-101">
         <name>.debug_info</name>
         <load_address>0x7265e</load_address>
         <run_address>0x7265e</run_address>
         <size>0x6720</size>
         <input_file_ref idref="fl-8"/>
      </object_component>
      <object_component id="oc-106">
         <name>.debug_info</name>
         <load_address>0x78d7e</load_address>
         <run_address>0x78d7e</run_address>
         <size>0xcb0a</size>
         <input_file_ref idref="fl-9"/>
      </object_component>
      <object_component id="oc-10d">
         <name>.debug_info</name>
         <load_address>0x85888</load_address>
         <run_address>0x85888</run_address>
         <size>0x116</size>
         <input_file_ref idref="fl-a"/>
      </object_component>
      <object_component id="oc-110">
         <name>.debug_info</name>
         <load_address>0x8599e</load_address>
[...]
      </symbol>
      <symbol id="sm-615">
         <name>_rampLoop</name>
         <value>0x92b6</value>
         <object_component_ref idref="oc-24c"/>
      </symbol>
      <symbol id="sm-616">
         <name>_ramp</name>
         <value>0x923c</value>
         <object_component_ref idref="oc-24c"/>
      </symbol>
      <symbol id="sm-617">
         <name>_rampDir</name>
         <value>0x92a0</value>
         <object_component_ref idref="oc-24c"/>
      </symbol>
      <symbol id="sm-618">
         <name>_rampRead</name>
         <value>0x91ba</value>
         <object_component_ref idref="oc-24c"/>
      </symbol>
      <symbol id="sm-619">
         <name>_outputChannel</name>
         <value>0x1</value>
         <object_component_ref idref="oc-169"/>
      </symbol>
      <symbol id="sm-61a">
         <name>_crashProtectionEnabled</name>
         <value>0x0</value>
         <object_component_ref idref="oc-169"/>
      </symbol>
      <symbol id="sm-61b">
         <name>_rampDone</name>
         <value>0x932f</value>
         <object_component_ref idref="oc-24c"/>
      </symbol>
      <symbol id="sm-61c">
         <name>_currentOutputValue</name>
         <value>0x4</value>
         <object_component_ref idref="oc-169"/>
      </symbol>
      <symbol id="sm-61d">
         <name>_rampUp</name>
         <value>0x3</value>
         <object_component_ref idref="oc-169"/>
      </symbol>
      <symbol id="sm-61e">
         <name>_readData</name>
         <value>0x40</value>
         <object_component_ref idref="oc-169"/>
      </symbol>
      <symbol id="sm-61f">
         <name>_inputChannel</name>
         <value>0x2</value>
         <object_component_ref idref="oc-169"/>
      </symbol>
      <symbol id="sm-620">
         <name>_delayCycles</name>
         <value>0x6</value>
         <object_component_ref idref="oc-169"/>
      </symbol>
      <symbol id="sm-644">
         <name>_diagShortStart</name>
         <value>0x119e</value>
         <object_component_ref idref="oc-16f"/>
      </symbol>
      <symbol id="sm-645">
         <name>_diagRatio</name>
         <value>0x11a2</value>
         <object_component_ref idref="oc-16f"/>
      </symbol>
      <symbol id="sm-646">
         <name>_diagStepSize</name>
         <value>0x11a0</value>
         <object_component_ref idref="oc-16f"/>
      </symbol>
      <symbol id="sm-647">
         <name>_diagLongStart</name>
         <value>0x119c</value>
         <object_component_ref idref="oc-16f"/>
      </symbol>
      <symbol id="sm-648">
         <name>_diagZStart</name>
         <value>0x119f</value>
         <object_component_ref idref="oc-16f"/>
      </symbol>
      <symbol id="sm-649">
         <name>_rampDiag</name>
         <value>0x93dd</value>
         <object_component_ref idref="oc-256"/>
      </symbol>
      <symbol id="sm-64a">
         <name>_diagZRatio</name>
         <value>0x11a1</value>
         <object_component_ref idref="oc-16f"/>
      </symbol>
      <symbol id="sm-64b">
         <name>_diagMoveDelay</name>
         <value>0x11a4</value>
         <object_component_ref idref="oc-16f"/>
      </symbol>
      <symbol id="sm-64c">
         <name>_rampDiagSetup</name>
         <value>0x934c</value>
         <object_component_ref idref="oc-256"/>
      </symbol>
      <symbol id="sm-64d">
         <name>_diagLongFinal</name>
         <value>0x119d</value>
         <object_component_ref idref="oc-16f"/>
      </symbol>
      <symbol id="sm-670">
         <name>_readSeq</name>
         <value>0x9862</value>
         <object_component_ref idref="oc-254"/>
      </symbol>
      <symbol id="sm-671">
         <name>_readSeqCommands</name>
         <value>0x1080</value>
         <object_component_ref idref="oc-264"/>
      </symbol>
      <symbol id="sm-672">
         <name>_readSeqNum</name>
         <value>0x11cc</value>
         <object_component_ref idref="oc-175"/>
      </symbol>
      <symbol id="sm-673">
         <name>_readSeqSetup</name>
         <value>0x9800</value>
         <object_component_ref idref="oc-254"/>
      </symbol>
      <symbol id="sm-6a0">
         <name>_thisLineMin</name>
         <value>0x105f</value>
         <object_component_ref idref="oc-17c"/>
      </symbol>
      <symbol id="sm-6a1">
         <name>_scanDeltaZ</name>
         <value>0x1063</value>
         <object_component_ref idref="oc-17c"/>
      </symbol>
      <symbol id="sm-6a2">
         <name>_scanLimit</name>
         <value>0x1059</value>
         <object_component_ref idref="oc-17c"/>
      </symbol>
      <symbol id="sm-6a3">
         <name>_scanReadDelay</name>
         <value>0x1066</value>
         <object_component_ref idref="oc-17c"/>
      </symbol>
      <symbol id="sm-6a4">
         <name>_scanSetup</name>
         <value>0x94cd</value>
         <object_component_ref idref="oc-252"/>
      </symbol>
      <symbol id="sm-6a5">
         <name>_lastLineMin</name>
         <value>0x1061</value>
         <object_component_ref idref="oc-17c"/>
      </symbol>
      <symbol id="sm-6a6">
         <name>_scanStep</name>
         <value>0x105d</value>
         <object_component_ref idref="oc-17c"/>
      </symbol>
      <symbol id="sm-6a7">
         <name>_scanSize</name>
         <value>0x105c</value>
         <object_component_ref idref="oc-17c"/>
      </symbol>
      <symbol id="sm-6a8">
         <name>_scanInterDelay</name>
         <value>0x1064</value>
         <object_component_ref idref="oc-17c"/>
      </symbol>
      <symbol id="sm-6a9">
         <name>_lastLineMax</name>
         <value>0x1060</value>
         <object_component_ref idref="oc-17c"/>
      </symbol>
      <symbol id="sm-6aa">
         <name>_zOffset</name>
         <value>0x105a</value>
         <object_component_ref idref="oc-17c"/>
      </symbol>
      <symbol id="sm-6ab">
         <name>_scanProtection</name>
         <value>0x1058</value>
         <object_component_ref idref="oc-17c"/>
      </symbol>
      <symbol id="sm-6ac">
         <name>_zOffsetChannel</name>
         <value>0x105b</value>
         <object_component_ref idref="oc-17c"/>
      </symbol>
      <symbol id="sm-6ad">
         <name>_scanLine</name>
         <value>0x9531</value>
         <object_component_ref idref="oc-252"/>
      </symbol>
      <symbol id="sm-6ae">
         <name>_flagZero</name>
         <value>0x1062</value>
         <object_component_ref idref="oc-17c"/>
      </symbol>
      <symbol id="sm-6af">
         <name>_thisLineMax</name>
         <value>0x105e</value>
         <object_component_ref idref="oc-17c"/>
      </symbol>
      <symbol id="sm-6bc">
         <name>_serialIn</name>
         <value>0xa541</value>
         <object_component_ref idref="oc-245"/>
      </symbol>
      <symbol id="sm-6cd">
         <name>_serialOut_word</name>
         <value>0xa25e</value>
         <object_component_ref idref="oc-260"/>
      </symbol>
      <symbol id="sm-6ce">
         <name>_serialOut_xdso</name>
         <value>0xa278</value>
         <object_component_ref idref="oc-260"/>
      </symbol>
      <symbol id="sm-6cf">
         <name>_serialOut_two</name>
         <value>0xa24e</value>
         <object_component_ref idref="oc-260"/>
      </symbol>
      <symbol id="sm-6d0">
         <name>_serialOut_char</name>
         <value>0xa242</value>
         <object_component_ref idref="oc-260"/>
      </symbol>
      <symbol id="sm-6d1">
         <name>_serialOut_array</name>
         <value>0xa2a7</value>
         <object_component_ref idref="oc-260"/>
      </symbol>
      <symbol id="sm-6ff">
         <name>_specSetup</name>
         <value>0x9947</value>
         <object_component_ref idref="oc-255"/>
      </symbol>
      <symbol id="sm-700">
         <name>_specHigher</name>
         <value>0x107c</value>
         <object_component_ref idref="oc-18c"/>
      </symbol>
      <symbol id="sm-701">
         <name>_specStepSize</name>
         <value>0x1078</value>
         <object_component_ref idref="oc-18c"/>
      </symbol>
      <symbol id="sm-702">
         <name>_specLower</name>
         <value>0x107a</value>
         <object_component_ref idref="oc-18c"/>
      </symbol>
      <symbol id="sm-703">
         <name>_specMoveDelay</name>
         <value>0x107e</value>
         <object_component_ref idref="oc-18c"/>
      </symbol>
      <symbol id="sm-704">
         <name>_spec</name>
         <value>0x99ae</value>
         <object_component_ref idref="oc-255"/>
      </symbol>
      <symbol id="sm-712">
         <name>_squareWave</name>
         <value>0xa35e</value>
         <object_component_ref idref="oc-24d"/>
      </symbol>
      <symbol id="sm-727">
         <name>_tipBabySize</name>
         <value>0x1192</value>
         <object_component_ref idref="oc-198"/>
      </symbol>
      <symbol id="sm-728">
         <name>_xOuterParabZeroCycles</name>
         <value>0x1190</value>
         <object_component_ref idref="oc-198"/>
      </symbol>
      <symbol id="sm-729">
         <name>_tipSetup</name>
         <value>0x9d80</value>
         <object_component_ref idref="oc-24e"/>
      </symbol>
      <symbol id="sm-72a">
         <name>_tipBabyMult</name>
         <value>0x119a</value>
         <object_component_ref idref="oc-198"/>
      </symbol>
      <symbol id="sm-72b">
         <name>_tipNumGiant</name>
         <value>0x1191</value>
         <object_component_ref idref="oc-198"/>
      </symbol>
      <symbol id="sm-72c">
         <name>_tipMinI</name>
         <value>0x1193</value>
         <object_component_ref idref="oc-198"/>
      </symbol>
      <symbol id="sm-72d">
         <name>_zOuterParabMult</name>
         <value>0x1194</value>
         <object_component_ref idref="oc-198"/>
      </symbol>
      <symbol id="sm-72e">
         <name>_xOuterParabMult</name>
         <value>0x1196</value>
         <object_component_ref idref="oc-198"/>
      </symbol>
      <symbol id="sm-72f">
         <name>_zOuterParabSize</name>
         <value>0x118e</value>
         <object_component_ref idref="oc-198"/>
      </symbol>
      <symbol id="sm-730">
         <name>_xOuterParabSize</name>
         <value>0x118f</value>
         <object_component_ref idref="oc-198"/>
      </symbol>
      <symbol id="sm-731">
         <name>_tipApproach</name>
         <value>0x9de5</value>
         <object_component_ref idref="oc-24e"/>
      </symbol>
      <symbol id="sm-732">
         <name>_tipApproachDelay</name>
         <value>0x1198</value>
         <object_component_ref idref="oc-198"/>
      </symbol>
      <symbol id="sm-74b">
         <name>_trackMin</name>
         <value>0x11a7</value>
         <object_component_ref idref="oc-19e"/>
      </symbol>
      <symbol id="sm-74c">
         <name>_trackDelay</name>
         <value>0x11aa</value>
         <object_component_ref idref="oc-19e"/>
      </symbol>
      <symbol id="sm-74d">
         <name>_track</name>
         <value>0x9680</value>
         <object_component_ref idref="oc-253"/>
      </symbol>
      <symbol id="sm-74e">
         <name>_trackSampleEvery</name>
         <value>0x11a8</value>
         <object_component_ref idref="oc-19e"/>
      </symbol>
      <symbol id="sm-74f">
         <name>_moveReadComp</name>
         <value>0x972d</value>
         <object_component_ref idref="oc-253"/>
      </symbol>
      <symbol id="sm-750">
         <name>_trackPlaneA</name>
         <value>0x11ac</value>
         <object_component_ref idref="oc-19e"/>
      </symbol>
      <symbol id="sm-751">
         <name>_trackPlaneB</name>
         <value>0x11ae</value>
         <object_component_ref idref="oc-19e"/>
      </symbol>
      <symbol id="sm-752">
         <name>_trackAverage</name>
         <value>0x11a6</value>
         <object_component_ref idref="oc-19e"/>
      </symbol>
      <symbol id="sm-753">
         <name>_trackSetup</name>
         <value>0x9625</value>
         <object_component_ref idref="oc-253"/>
      </symbol>
      <symbol id="sm-766">
         <name>_delay</name>
         <value>0x8742</value>
         <object_component_ref idref="oc-248"/>
      </symbol>
      <symbol id="sm-785">
         <name>_version</name>
         <value>0xa4db</value>
         <object_component_ref idref="oc-24b"/>
      </symbol>
      <symbol id="sm-7a0">
         <name>_c_int00</name>
         <value>0xa2b9</value>
         <object_component_ref idref="oc-1b5"/>
      </symbol>
      <symbol id="sm-7a1">
         <name>__stack</name>
         <value>0x400</value>
         <object_component_ref idref="oc-1b6"/>
      </symbol>
      <symbol id="sm-7b3">
         <name>FD$$MPY</name>
         <value>0x977c</value>
         <object_component_ref idref="oc-1bc"/>
      </symbol>
      <symbol id="sm-7bf">
         <name>FD$$SUB</name>
         <value>0x87ef</value>
         <object_component_ref idref="oc-1c1"/>
      </symbol>
      <symbol id="sm-7ce">
         <name>FD$$TOL</name>
         <value>0xa46a</value>
         <object_component_ref idref="oc-1c6"/>
      </symbol>
      <symbol id="sm-7df">
         <name>FS$$DIV</name>
         <value>0xa1ba</value>
         <object_component_ref idref="oc-1cb"/>
      </symbol>
      <symbol id="sm-7eb">
         <name>LL$$AND</name>
         <value>0xa4f3</value>
         <object_component_ref idref="oc-1d0"/>
      </symbol>
      <symbol id="sm-7ec">
         <name>LL$$OR</name>
         <value>0xa4fb</value>
         <object_component_ref idref="oc-1d0"/>
      </symbol>
      <symbol id="sm-7ed">
         <name>LL$$XOR</name>
         <value>0xa503</value>
         <object_component_ref idref="oc-1d0"/>
      </symbol>
      <symbol id="sm-7fe">
         <name>U$$TOFD</name>
         <value>0xa50b</value>
         <object_component_ref idref="oc-1d5"/>
      </symbol>
      <symbol id="sm-80f">
         <name>UL$$TOFD</name>
         <value>0xa522</value>
         <object_component_ref idref="oc-1da"/>
      </symbol>
      <symbol id="sm-826">
         <name>FD$$DIV</name>
         <value>0xa12f</value>
         <object_component_ref idref="oc-1df"/>
      </symbol>
      <symbol id="sm-835">
         <name>_copy_in</name>
         <value>0xa446</value>
         <object_component_ref idref="oc-237"/>
      </symbol>
      <symbol id="sm-846">
         <name>_memcpy</name>
         <value>0xa489</value>
         <object_component_ref idref="oc-23b"/>
      </symbol>
      <symbol id="sm-852">
         <name>__system_pre_init</name>
         <value>0xb7fe</value>
         <object_component_ref idref="oc-236"/>
      </symbol>
      <symbol id="sm-85f">
         <name>__system_post_cinit</name>
         <value>0x87fd</value>
         <object_component_ref idref="oc-238"/>
      </symbol>
      <symbol id="sm-873">
         <name>C$$EXIT</name>
         <value>0x8fd4</value>
         <object_component_ref idref="oc-23a"/>
      </symbol>
      <symbol id="sm-874">
         <name>_exit</name>
         <value>0x8fd6</value>
         <object_component_ref idref="oc-23a"/>
      </symbol>
      <symbol id="sm-875">
         <name>___TI_cleanup_ptr</name>
         <value>0x11ba</value>
         <object_component_ref idref="oc-1fa"/>
      </symbol>
      <symbol id="sm-876">
         <name>___TI_enable_exit_profile_output</name>
         <value>0x11b8</value>
         <object_component_ref idref="oc-1fa"/>
      </symbol>
      <symbol id="sm-877">
         <name>_abort</name>
         <value>0x8fd4</value>
         <object_component_ref idref="oc-23a"/>
      </symbol>
      <symbol id="sm-878">
         <name>___TI_dtors_ptr</name>
         <value>0x11bc</value>
         <object_component_ref idref="oc-1fa"/>
      </symbol>
      <symbol id="sm-88c">
         <name>__unlock</name>
         <value>0x11c6</value>
         <object_component_ref idref="oc-25e"/>
      </symbol>
      <symbol id="sm-88d">
         <name>__lock</name>
         <value>0x11c4</value>
         <object_component_ref idref="oc-23d"/>
      </symbol>
      <symbol id="sm-88e">
         <name>__register_lock</name>
         <value>0xa53c</value>
         <object_component_ref idref="oc-25b"/>
      </symbol>
      <symbol id="sm-88f">
         <name>__nop</name>
         <value>0xa540</value>
         <object_component_ref idref="oc-25b"/>
      </symbol>
      <symbol id="sm-890">
         <name>__register_unlock</name>
         <value>0xa538</value>
         <object_component_ref idref="oc-25b"/>
      </symbol>
      <symbol id="sm-89f">
         <name>__args_main</name>
         <value>0xa4c2</value>
         <object_component_ref idref="oc-239"/>
      </symbol>
      <symbol id="sm-8f0">
         <name>__sys_memory</name>
         <value>0xa800</value>
         <object_component_ref idref="oc-20c"/>
      </symbol>
      <symbol id="sm-8f1">
         <name>___TI_heap_total_available</name>
         <value>0xb7af</value>
         <object_component_ref idref="oc-247"/>
      </symbol>
      <symbol id="sm-8f2">
         <name>_realloc</name>
         <value>0xb677</value>
         <object_component_ref idref="oc-247"/>
      </symbol>
      <symbol id="sm-8f3">
         <name>___TI_heap_check</name>
         <value>0xb7e9</value>
         <object_component_ref idref="oc-247"/>
      </symbol>
      <symbol id="sm-8f4">
         <name>_free</name>
         <value>0xb5b0</value>
         <object_component_ref idref="oc-247"/>
      </symbol>
      <symbol id="sm-8f5">
         <name>_memalign</name>
         <value>0xb71a</value>
         <object_component_ref idref="oc-247"/>
      </symbol>
      <symbol id="sm-8f6">
         <name>_calloc</name>
         <value>0xb6f3</value>
         <object_component_ref idref="oc-247"/>
      </symbol>
      <symbol id="sm-8f7">
         <name>_malloc</name>
         <value>0xb585</value>
         <object_component_ref idref="oc-247"/>
      </symbol>
      <symbol id="sm-8f8">
         <name>_aligned_alloc</name>
         <value>0xb71a</value>
         <object_component_ref idref="oc-247"/>
      </symbol>
      <symbol id="sm-8f9">
         <name>_minit</name>
         <value>0xb6ef</value>
         <object_component_ref idref="oc-247"/>
      </symbol>
      <symbol id="sm-8fa">
         <name>___TI_heap_largest_available</name>
         <value>0xb7cc</value>
         <object_component_ref idref="oc-247"/>
      </symbol>
      <symbol id="sm-908">
         <name>_memset</name>
         <value>0xa549</value>
         <object_component_ref idref="oc-25f"/>
      </symbol>
      <symbol id="sm-916">
         <name>_clock</name>
         <value>0xb7fb</value>
         <object_component_ref idref="oc-265"/>
      </symbol>
      <symbol id="sm-917">
         <name>___c28xabi_CLOCKS_PER_SEC</name>
         <value>0xadf6</value>
         <object_component_ref idref="oc-217"/>
      </symbol>
      <symbol id="sm-932">
         <name>FD$$ADD</name>
         <value>0x9ee1</value>
         <object_component_ref idref="oc-21c"/>
      </symbol>
      <symbol id="sm-93e">
         <name>_HOSTclock</name>
         <value>0xa39a</value>
         <object_component_ref idref="oc-266"/>
      </symbol>
      <symbol id="sm-94a">
         <name>_parmbuf</name>
         <value>0x11b0</value>
         <object_component_ref idref="oc-267"/>
      </symbol>
      <symbol id="sm-963">
         <name>___TI_readmsg</name>
         <value>0xa0f2</value>
         <object_component_ref idref="oc-268"/>
      </symbol>
      <symbol id="sm-964">
         <name>C$$IO$$</name>
         <value>0xa0ed</value>
         <object_component_ref idref="oc-268"/>
      </symbol>
      <symbol id="sm-965">
         <name>__CIOBUF_</name>
         <value>0x500</value>
         <object_component_ref idref="oc-22c"/>
      </symbol>
      <symbol id="sm-966">
         <name>___TI_writemsg</name>
         <value>0xa09a</value>
         <object_component_ref idref="oc-268"/>
      </symbol>
   </symbol_table>
   <title>Link errors: red sections failed placement,available memory ranges in purple</title>
</link_info>
