******************************************************************************
             TMS320C2000 Linker PC v18.12.3                    
******************************************************************************
>> Linked Sun Oct 25 15:47:55 2020

OUTPUT FILE NAME:   <Fresh_Start 2.out>
ENTRY POINT SYMBOL: "code_start"  address: 00000000


MEMORY CONFIGURATION

         name            origin    length      used     unused   attr    fill
----------------------  --------  ---------  --------  --------  ----  --------
PAGE 0:
  BEGIN                 00000000   00000002  00000002  00000000  RWIX
  RAMM0                 00000122   000002de  000000a1  0000023d  RWIX
  RAMLS0                00008000   00000800  000007fe  00000002  RWIX
  RAMLS1                00008800   00000800  000007fd  00000003  RWIX
  RAMLS2                00009000   00000800  000007ff  00000001  RWIX
  RAMLS3                00009800   00000800  000007fb  00000005  RWIX
  RAMLS4                0000a000   00000800  00000550  000002b0  RWIX
  RAMD0                 0000b000   00000800  00000800  00000000  RWIX
  RESET                 003fffc0   00000002  00000000  00000002  RWIX

PAGE 1:
  BOOT_RSVD             00000002   00000120  00000000  00000120  RWIX
  RAMM1                 00000400   00000400  00000220  000001e0  RWIX
  ADCA_RESULT           00000b00   00000020  00000018  00000008  RWIX
  ADCB_RESULT           00000b20   00000020  00000018  00000008  RWIX
  ADCC_RESULT           00000b40   00000020  00000018  00000008  RWIX
  ADCD_RESULT           00000b60   00000020  00000018  00000008  RWIX
  CPU_TIMER0            00000c00   00000008  00000008  00000000  RWIX
  CPU_TIMER1            00000c08   00000008  00000008  00000000  RWIX
  CPU_TIMER2            00000c10   00000008  00000008  00000000  RWIX
  PIE_CTRL              00000ce0   00000020  0000001a  00000006  RWIX
  PIE_VECT              00000d00   00000200  000001c0  00000040  RWIX
  DMA                   00001000   00000200  000000e0  00000120  RWIX
  CLA1                  00001400   00000040  0000003e  00000002  RWIX
  EPWM1                 00004000   00000100  00000100  00000000  RWIX
  EPWM2                 00004100   00000100  00000100  00000000  RWIX
  EPWM3                 00004200   00000100  00000100  00000000  RWIX
  EPWM4                 00004300   00000100  00000100  00000000  RWIX
  EPWM5                 00004400   00000100  00000100  00000000  RWIX
  EPWM6                 00004500   00000100  00000100  00000000  RWIX
  EPWM7                 00004600   00000100  00000100  00000000  RWIX
  EPWM8                 00004700   00000100  00000100  00000000  RWIX
  EPWM9                 00004800   00000100  00000100  00000000  RWIX
  EPWM10                00004900   00000100  00000100  00000000  RWIX
  EPWM11                00004a00   00000100  00000100  00000000  RWIX
  EPWM12                00004b00   00000100  00000100  00000000  RWIX
  ECAP1                 00005000   00000020  00000020  00000000  RWIX
  ECAP2                 00005020   00000020  00000020  00000000  RWIX
  ECAP3                 00005040   00000020  00000020  00000000  RWIX
  ECAP4                 00005060   00000020  00000020  00000000  RWIX
  ECAP5                 00005080   00000020  00000020  00000000  RWIX
  ECAP6                 000050a0   00000020  00000020  00000000  RWIX
  EQEP1                 00005100   00000040  00000022  0000001e  RWIX
  EQEP2                 00005140   00000040  00000022  0000001e  RWIX
  EQEP3                 00005180   00000040  00000022  0000001e  RWIX
  DACA                  00005c00   00000010  00000008  00000008  RWIX
  DACB                  00005c10   00000010  00000008  00000008  RWIX
  DACC                  00005c20   00000010  00000008  00000008  RWIX
  CMPSS1                00005c80   00000020  00000020  00000000  RWIX
  CMPSS2                00005ca0   00000020  00000020  00000000  RWIX
  CMPSS3                00005cc0   00000020  00000020  00000000  RWIX
  CMPSS4                00005ce0   00000020  00000020  00000000  RWIX
  CMPSS5                00005d00   00000020  00000020  00000000  RWIX
  CMPSS6                00005d20   00000020  00000020  00000000  RWIX
  CMPSS7                00005d40   00000020  00000020  00000000  RWIX
  CMPSS8                00005d60   00000020  00000020  00000000  RWIX
  SDFM1                 00005e00   00000080  00000080  00000000  RWIX
  SDFM2                 00005e80   00000080  00000080  00000000  RWIX
  MCBSPA                00006000   00000040  00000024  0000001c  RWIX
  MCBSPB                00006040   00000040  00000024  0000001c  RWIX
  SPIA                  00006100   00000010  00000010  00000000  RWIX
  SPIB                  00006110   00000010  00000010  00000000  RWIX
  SPIC                  00006120   00000010  00000010  00000000  RWIX
  SPID                  00006130   00000010  00000000  00000010  RWIX
  UPP                   00006200   00000100  00000048  000000b8  RWIX
  WD                    00007000   00000040  0000002b  00000015  RWIX
  NMIINTRUPT            00007060   00000010  00000007  00000009  RWIX
  XINT                  00007070   00000010  0000000b  00000005  RWIX
  SCIA                  00007200   00000010  00000010  00000000  RWIX
  SCIB                  00007210   00000010  00000010  00000000  RWIX
  SCIC                  00007220   00000010  00000010  00000000  RWIX
  SCID                  00007230   00000010  00000010  00000000  RWIX
  I2CA                  00007300   00000040  00000022  0000001e  RWIX
  I2CB                  00007340   00000040  00000022  0000001e  RWIX
  ADCA                  00007400   00000080  00000080  00000000  RWIX
  ADCB                  00007480   00000080  00000080  00000000  RWIX
  ADCC                  00007500   00000080  00000080  00000000  RWIX
  ADCD                  00007580   00000080  00000080  00000000  RWIX
  INPUT_XBAR            00007900   00000020  00000020  00000000  RWIX
  XBAR                  00007920   00000020  00000020  00000000  RWIX
  SYNC_SOC              00007940   00000010  00000006  0000000a  RWIX
  DMACLASRCSEL          00007980   00000040  0000001a  00000026  RWIX
  EPWM_XBAR             00007a00   00000040  00000040  00000000  RWIX
  CLB_XBAR              00007a40   00000040  00000000  00000040  RWIX
  OUTPUT_XBAR           00007a80   00000040  00000040  00000000  RWIX
  GPIOCTRL              00007c00   00000180  00000180  00000000  RWIX
  GPIODAT               00007f00   00000030  00000030  00000000  RWIX
  RAMLS5                0000a800   00000800  000005f8  00000208  RWIX
  RAMD1                 0000b800   00000800  00000000  00000800  RWIX
  RAMGS0                0000c000   00001000  00000000  00001000  RWIX
  RAMGS1                0000d000   00001000  00000000  00001000  RWIX
  RAMGS2                0000e000   00001000  00000000  00001000  RWIX
  RAMGS3                0000f000   00001000  00000000  00001000  RWIX
  RAMGS4                00010000   00001000  00000000  00001000  RWIX
  RAMGS5                00011000   00001000  00000000  00001000  RWIX
  RAMGS6                00012000   00001000  00000000  00001000  RWIX
  RAMGS7                00013000   00001000  00000000  00001000  RWIX
  RAMGS8                00014000   00001000  00000000  00001000  RWIX
  RAMGS9                00015000   00001000  00000000  00001000  RWIX
  RAMGS10               00016000   00001000  00000000  00001000  RWIX
  RAMGS11               00017000   00001000  00000000  00001000  RWIX
  RAMGS12               00018000   00001000  00000000  00001000  RWIX
  RAMGS13               00019000   00001000  00000000  00001000  RWIX
  RAMGS14               0001a000   00001000  00000000  00001000  RWIX
  RAMGS15               0001b000   00001000  00000000  00001000  RWIX
  CPU2TOCPU1RAM         0003f800   00000400  00000000  00000400  RWIX
  CPU1TOCPU2RAM         0003fc00   00000400  00000000  00000400  RWIX
  EMIF1                 00047000   00000800  00000070  00000790  RWIX
  EMIF2                 00047800   00000800  00000070  00000790  RWIX
  CANA                  00048000   00000800  00000164  0000069c  RWIX
  CANA_MSG_RAM          00049000   00000800  00000000  00000800  RWIX
  CANB                  0004a000   00000800  00000164  0000069c  RWIX
  CANB_MSG_RAM          0004b000   00000800  00000000  00000800  RWIX
  IPC                   00050000   00000024  00000024  00000000  RWIX
  FLASHPUMPSEMAPHORE    00050024   00000002  00000002  00000000  RWIX
  DEV_CFG               0005d000   00000180  0000012e  00000052  RWIX
  ANALOG_SUBSYS         0005d180   00000080  00000048  00000038  RWIX
  CLK_CFG               0005d200   00000100  00000032  000000ce  RWIX
  CPU_SYS               0005d300   00000100  00000082  0000007e  RWIX
  ROMPREFETCH           0005e608   00000002  00000002  00000000  RWIX
  DCSM_Z1               0005f000   00000030  00000024  0000000c  RWIX
  DCSM_Z2               0005f040   00000030  00000024  0000000c  RWIX
  DCSM_COMMON           0005f070   00000010  00000008  00000008  RWIX
  MEMCFG                0005f400   00000080  00000080  00000000  RWIX
  EMIF1CONFIG           0005f480   00000020  00000020  00000000  RWIX
  EMIF2CONFIG           0005f4a0   00000020  00000020  00000000  RWIX
  ACCESSPROTECTION      0005f4c0   00000040  00000040  00000000  RWIX
  MEMORYERROR           0005f500   00000040  00000040  00000000  RWIX
  ROMWAITSTATE          0005f540   00000002  00000002  00000000  RWIX
  FLASH0_CTRL           0005f800   00000300  00000182  0000017e  RWIX
  FLASH0_ECC            0005fb00   00000040  00000028  00000018  RWIX


SECTION ALLOCATION MAP

 output                                  attributes/
section   page    origin      length       input sections
--------  ----  ----------  ----------   ----------------
codestart 
*          0    00000000    00000002     
                  00000000    00000002     F2837xD_CodeStartBranch.obj (codestart)

.cinit     0    00000122    00000051     
                  00000122    0000001b     TipApproach.obj (.cinit)
                  0000013d    0000000e     rts2800_fpu32.lib : exit.c.obj (.cinit)
                  0000014b    00000008     Analog In.obj (.cinit)
                  00000153    00000005     rts2800_fpu32.lib : _lock.c.obj (.cinit:__lock)
                  00000158    00000005                       : _lock.c.obj (.cinit:__unlock)
                  0000015d    00000004     BabySteps.obj (.cinit)
                  00000161    00000004     Parabola.obj (.cinit)
                  00000165    00000004     Ramp.obj (.cinit)
                  00000169    00000004     ScanLine.obj (.cinit)
                  0000016d    00000004     rts2800_fpu32.lib : memory.c.obj (.cinit)
                  00000171    00000002     --HOLE-- [fill = 0]

.switch    0    00000174    0000004c     
                  00000174    0000004c     main.obj (.switch:_updateSerial)

.reset     0    003fffc0    00000002     DSECT
                  003fffc0    00000002     rts2800_fpu32.lib : boot28.asm.obj (.reset)

.stack     1    00000400    00000100     UNINITIALIZED
                  00000400    00000100     --HOLE--

.pinit     0    00000122    00000000     UNINITIALIZED

.ebss      1    00000000    000011ce     FAILED TO ALLOCATE
AdcaResultFile 
*          1    00000b00    00000018     UNINITIALIZED
                  00000b00    00000018     F2837xD_GlobalVariableDefs.obj (AdcaResultFile)

AdcbResultFile 
*          1    00000b20    00000018     UNINITIALIZED
                  00000b20    00000018     F2837xD_GlobalVariableDefs.obj (AdcbResultFile)

AdccResultFile 
*          1    00000b40    00000018     UNINITIALIZED
                  00000b40    00000018     F2837xD_GlobalVariableDefs.obj (AdccResultFile)

AdcdResultFile 
*          1    00000b60    00000018     UNINITIALIZED
                  00000b60    00000018     F2837xD_GlobalVariableDefs.obj (AdcdResultFile)

Cla1RegsFile 
*          1    00001400    0000003e     UNINITIALIZED
                  00001400    0000003e     F2837xD_GlobalVariableDefs.obj (Cla1RegsFile)

.esysmem   1    0000a800    00000400     UNINITIALIZED
                  0000a800    00000004     rts2800_fpu32.lib : memory.c.obj (.esysmem)
                  0000a804    000003fc     --HOLE--

.econst    1    0000ac00    000001f8     
                  0000ac00    000001c0     F2837xD_PieVect.obj (.econst:_PieVectTableInit)
                  0000adc0    00000010     GiantStep.obj (.econst)
                  0000add0    0000000d     Version.obj (.econst:.string)
                  0000addd    00000001     --HOLE-- [fill = 0]
                  0000adde    0000000c     UserDelay.obj (.econst)
                  0000adea    0000000c     UserDelayLong.obj (.econst)
                  0000adf6    00000002     rts2800_fpu32.lib : clock.c.obj (.econst)

.TI.ramfunc 
*          0    000001c0    00000004     
                  000001c0    00000004     F2837xD_usDelay.obj (.TI.ramfunc)

GETBUFFER 
*          0    0003f800    00000000     DSECT

GETWRITEIDX 
*          0    0003f800    00000000     DSECT

PUTREADIDX 
*          0    0003f800    00000000     DSECT

.text.1    0    00008000    000007fe     
                  00008000    0000048f     F2837xD_SysCtrl.obj (.text)
                  0000848f    000002b3     main.obj (.text)
                  00008742    000000ad     UserDelay.obj (.text)
                  000087ef    0000000e     rts2800_fpu32.lib : fd_sub28.asm.obj (.text)
                  000087fd    00000001                       : startup.c.obj (.text)

.text.2    0    00008800    000007fd     
                  00008800    000003d1     Deposition.obj (.text)
                  00008bd1    00000244     F2837xD_Gpio.obj (.text)
                  00008e15    000001bf     Hop.obj (.text)
                  00008fd4    00000029     rts2800_fpu32.lib : exit.c.obj (.text)

.text.3    0    00009000    000007ff     
                  00009000    000001ba     GiantStep.obj (.text)
                  000091ba    00000192     Ramp.obj (.text)
                  0000934c    00000181     RampDiag.obj (.text)
                  000094cd    00000158     ScanLine.obj (.text)
                  00009625    00000157     Track.obj (.text)
                  0000977c    00000083     rts2800_fpu32.lib : fd_mpy28.asm.obj (.text)

.text.4    0    00009800    000007fb     
                  00009800    00000147     ReadSeq.obj (.text)
                  00009947    00000146     Spec.obj (.text)
                  00009a8d    00000121     Analog In.obj (.text)
                  00009bae    0000010b     HighResOut.obj (.text)
                  00009cb9    000000c7     Analog Out.obj (.text)
                  00009d80    000000c2     TipApproach.obj (.text)
                  00009e42    0000009f     PinInit.obj (.text)
                  00009ee1    0000009c     rts2800_fpu32.lib : fd_add28.asm.obj (.text)
                  00009f7d    0000007e     BabySteps.obj (.text)

.text.5    0    0000a000    00000550     
                  0000a000    00000099     AutoPlusMinus.obj (.text)
                  0000a099    00000001     --HOLE-- [fill = 0]
                  0000a09a    00000095     rts2800_fpu32.lib : trgmsg.c.obj (.text)
                  0000a12f    0000008b                       : fd_div28.asm.obj (.text)
                  0000a1ba    00000088                       : fs_div28.asm.obj (.text)
                  0000a242    00000077     Serial Out.obj (.text)
                  0000a2b9    00000056     rts2800_fpu32.lib : boot28.asm.obj (.text)
                  0000a30f    0000004f     Parabola.obj (.text)
                  0000a35e    0000003c     Square.obj (.text)
                  0000a39a    00000036     rts2800_fpu32.lib : hostclock.c.obj (.text)
                  0000a3d0    00000028     Assorted Macros.obj (.text)
                  0000a3f8    00000028     F2837xD_PieCtrl.obj (.text)
                  0000a420    00000026     F2837xD_PieVect.obj (.text)
                  0000a446    00000024     rts2800_fpu32.lib : cpy_tbl.c.obj (.text)
                  0000a46a    0000001f                       : fd_tol28.asm.obj (.text)
                  0000a489    0000001d                       : memcpy.c.obj (.text)
                  0000a4a6    0000001c     DebugSet.obj (.text)
                  0000a4c2    00000019     rts2800_fpu32.lib : args_main.c.obj (.text)
                  0000a4db    00000018     Version.obj (.text)
                  0000a4f3    00000018     rts2800_fpu32.lib : ll_aox28.asm.obj (.text)
                  0000a50b    00000017                       : u_tofd28.asm.obj (.text)
                  0000a522    00000016                       : ul_tofd28.asm.obj (.text)
                  0000a538    00000009                       : _lock.c.obj (.text)
                  0000a541    00000008     Serial In.obj (.text)
                  0000a549    00000007     rts2800_fpu32.lib : memset.c.obj (.text)

.text.6    0    0000b000    00000800     
                  0000b000    00000585     F2837xD_DefaultISR.obj (.text:retain)
                  0000b585    00000266     rts2800_fpu32.lib : memory.c.obj (.text)
                  0000b7eb    00000010     DebugGet.obj (.text)
                  0000b7fb    00000003     rts2800_fpu32.lib : clock.c.obj (.text)
                  0000b7fe    00000002                       : pre_init.c.obj (.text)

CpuTimer0RegsFile 
*          1    00000c00    00000008     UNINITIALIZED
                  00000c00    00000008     F2837xD_GlobalVariableDefs.obj (CpuTimer0RegsFile)

CpuTimer1RegsFile 
*          1    00000c08    00000008     UNINITIALIZED
                  00000c08    00000008     F2837xD_GlobalVariableDefs.obj (CpuTimer1RegsFile)

CpuTimer2RegsFile 
*          1    00000c10    00000008     UNINITIALIZED
                  00000c10    00000008     F2837xD_GlobalVariableDefs.obj (CpuTimer2RegsFile)

PieCtrlRegsFile 
*          1    00000ce0    0000001a     UNINITIALIZED
                  00000ce0    0000001a     F2837xD_GlobalVariableDefs.obj (PieCtrlRegsFile)

PieVectTableFile 
*          1    00000d00    000001c0     UNINITIALIZED
                  00000d00    000001c0     F2837xD_GlobalVariableDefs.obj (PieVectTableFile)

EmuBModeVar 
*          1    00000d00    00000001     UNINITIALIZED
                  00000d00    00000001     F2837xD_GlobalVariableDefs.obj (EmuBModeVar)

EmuBootPinsVar 
*          1    00000d01    00000001     UNINITIALIZED
                  00000d01    00000001     F2837xD_GlobalVariableDefs.obj (EmuBootPinsVar)

DmaRegsFile 
*          1    00001000    000000e0     UNINITIALIZED
                  00001000    000000e0     F2837xD_GlobalVariableDefs.obj (DmaRegsFile)

EPwm1RegsFile 
*          1    00004000    00000100     UNINITIALIZED
                  00004000    00000100     F2837xD_GlobalVariableDefs.obj (EPwm1RegsFile)

EPwm2RegsFile 
*          1    00004100    00000100     UNINITIALIZED
                  00004100    00000100     F2837xD_GlobalVariableDefs.obj (EPwm2RegsFile)

EPwm3RegsFile 
*          1    00004200    00000100     UNINITIALIZED
                  00004200    00000100     F2837xD_GlobalVariableDefs.obj (EPwm3RegsFile)

EPwm4RegsFile 
*          1    00004300    00000100     UNINITIALIZED
                  00004300    00000100     F2837xD_GlobalVariableDefs.obj (EPwm4RegsFile)

EPwm5RegsFile 
*          1    00004400    00000100     UNINITIALIZED
                  00004400    00000100     F2837xD_GlobalVariableDefs.obj (EPwm5RegsFile)

EPwm6RegsFile 
*          1    00004500    00000100     UNINITIALIZED
                  00004500    00000100     F2837xD_GlobalVariableDefs.obj (EPwm6RegsFile)

EPwm7RegsFile 
*          1    00004600    00000100     UNINITIALIZED
                  00004600    00000100     F2837xD_GlobalVariableDefs.obj (EPwm7RegsFile)

EPwm8RegsFile 
*          1    00004700    00000100     UNINITIALIZED
                  00004700    00000100     F2837xD_GlobalVariableDefs.obj (EPwm8RegsFile)

EPwm9RegsFile 
*          1    00004800    00000100     UNINITIALIZED
                  00004800    00000100     F2837xD_GlobalVariableDefs.obj (EPwm9RegsFile)

EPwm10RegsFile 
*          1    00004900    00000100     UNINITIALIZED
                  00004900    00000100     F2837xD_GlobalVariableDefs.obj (EPwm10RegsFile)

EPwm11RegsFile 
*          1    00004a00    00000100     UNINITIALIZED
                  00004a00    00000100     F2837xD_GlobalVariableDefs.obj (EPwm11RegsFile)

EPwm12RegsFile 
*          1    00004b00    00000100     UNINITIALIZED
                  00004b00    00000100     F2837xD_GlobalVariableDefs.obj (EPwm12RegsFile)

ECap1RegsFile 
*          1    00005000    00000020     UNINITIALIZED
                  00005000    00000020     F2837xD_GlobalVariableDefs.obj (ECap1RegsFile)

ECap2RegsFile 
*          1    00005020    00000020     UNINITIALIZED
                  00005020    00000020     F2837xD_GlobalVariableDefs.obj (ECap2RegsFile)

ECap3RegsFile 
*          1    00005040    00000020     UNINITIALIZED
                  00005040    00000020     F2837xD_GlobalVariableDefs.obj (ECap3RegsFile)

ECap4RegsFile 
*          1    00005060    00000020     UNINITIALIZED
                  00005060    00000020     F2837xD_GlobalVariableDefs.obj (ECap4RegsFile)

ECap5RegsFile 
*          1    00005080    00000020     UNINITIALIZED
                  00005080    00000020     F2837xD_GlobalVariableDefs.obj (ECap5RegsFile)

ECap6RegsFile 
*          1    000050a0    00000020     UNINITIALIZED
                  000050a0    00000020     F2837xD_GlobalVariableDefs.obj (ECap6RegsFile)

EQep1RegsFile 
*          1    00005100    00000022     UNINITIALIZED
                  00005100    00000022     F2837xD_GlobalVariableDefs.obj (EQep1RegsFile)

EQep2RegsFile 
*          1    00005140    00000022     UNINITIALIZED
                  00005140    00000022     F2837xD_GlobalVariableDefs.obj (EQep2RegsFile)

EQep3RegsFile 
*          1    00005180    00000022     UNINITIALIZED
                  00005180    00000022     F2837xD_GlobalVariableDefs.obj (EQep3RegsFile)

DacaRegsFile 
*          1    00005c00    00000008     UNINITIALIZED
                  00005c00    00000008     F2837xD_GlobalVariableDefs.obj (DacaRegsFile)

DacbRegsFile 
*          1    00005c10    00000008     UNINITIALIZED
                  00005c10    00000008     F2837xD_GlobalVariableDefs.obj (DacbRegsFile)

DaccRegsFile 
*          1    00005c20    00000008     UNINITIALIZED
                  00005c20    00000008     F2837xD_GlobalVariableDefs.obj (DaccRegsFile)

Sdfm1RegsFile 
*          1    00005e00    00000080     UNINITIALIZED
                  00005e00    00000080     F2837xD_GlobalVariableDefs.obj (Sdfm1RegsFile)

Sdfm2RegsFile 
*          1    00005e80    00000080     UNINITIALIZED
                  00005e80    00000080     F2837xD_GlobalVariableDefs.obj (Sdfm2RegsFile)

McbspaRegsFile 
*          1    00006000    00000024     UNINITIALIZED
                  00006000    00000024     F2837xD_GlobalVariableDefs.obj (McbspaRegsFile)

McbspbRegsFile 
*          1    00006040    00000024     UNINITIALIZED
                  00006040    00000024     F2837xD_GlobalVariableDefs.obj (McbspbRegsFile)

SpiaRegsFile 
*          1    00006100    00000010     UNINITIALIZED
                  00006100    00000010     F2837xD_GlobalVariableDefs.obj (SpiaRegsFile)

SpibRegsFile 
*          1    00006110    00000010     UNINITIALIZED
                  00006110    00000010     F2837xD_GlobalVariableDefs.obj (SpibRegsFile)

SpicRegsFile 
*          1    00006120    00000010     UNINITIALIZED
                  00006120    00000010     F2837xD_GlobalVariableDefs.obj (SpicRegsFile)

UppRegsFile 
*          1    00006200    00000048     UNINITIALIZED
                  00006200    00000048     F2837xD_GlobalVariableDefs.obj (UppRegsFile)

WdRegsFile 
*          1    00007000    0000002b     UNINITIALIZED
                  00007000    0000002b     F2837xD_GlobalVariableDefs.obj (WdRegsFile)

NmiIntruptRegsFile 
*          1    00007060    00000007     UNINITIALIZED
                  00007060    00000007     F2837xD_GlobalVariableDefs.obj (NmiIntruptRegsFile)

XintRegsFile 
*          1    00007070    0000000b     UNINITIALIZED
                  00007070    0000000b     F2837xD_GlobalVariableDefs.obj (XintRegsFile)

SciaRegsFile 
*          1    00007200    00000010     UNINITIALIZED
                  00007200    00000010     F2837xD_GlobalVariableDefs.obj (SciaRegsFile)

ScibRegsFile 
*          1    00007210    00000010     UNINITIALIZED
                  00007210    00000010     F2837xD_GlobalVariableDefs.obj (ScibRegsFile)

ScicRegsFile 
*          1    00007220    00000010     UNINITIALIZED
                  00007220    00000010     F2837xD_GlobalVariableDefs.obj (ScicRegsFile)

ScidRegsFile 
*          1    00007230    00000010     UNINITIALIZED
                  00007230    00000010     F2837xD_GlobalVariableDefs.obj (ScidRegsFile)

I2caRegsFile 
*          1    00007300    00000022     UNINITIALIZED
                  00007300    00000022     F2837xD_GlobalVariableDefs.obj (I2caRegsFile)

I2cbRegsFile 
*          1    00007340    00000022     UNINITIALIZED
                  00007340    00000022     F2837xD_GlobalVariableDefs.obj (I2cbRegsFile)

AdcaRegsFile 
*          1    00007400    00000080     UNINITIALIZED
                  00007400    00000080     F2837xD_GlobalVariableDefs.obj (AdcaRegsFile)

AdcbRegsFile 
*          1    00007480    00000080     UNINITIALIZED
                  00007480    00000080     F2837xD_GlobalVariableDefs.obj (AdcbRegsFile)

AdccRegsFile 
*          1    00007500    00000080     UNINITIALIZED
                  00007500    00000080     F2837xD_GlobalVariableDefs.obj (AdccRegsFile)

AdcdRegsFile 
*          1    00007580    00000080     UNINITIALIZED
                  00007580    00000080     F2837xD_GlobalVariableDefs.obj (AdcdRegsFile)

InputXbarRegsFile 
*          1    00007900    00000020     UNINITIALIZED
                  00007900    00000020     F2837xD_GlobalVariableDefs.obj (InputXbarRegsFile)

XbarRegsFile 
*          1    00007920    00000020     UNINITIALIZED
                  00007920    00000020     F2837xD_GlobalVariableDefs.obj (XbarRegsFile)

SyncSocRegsFile 
*          1    00007940    00000006     UNINITIALIZED
                  00007940    00000006     F2837xD_GlobalVariableDefs.obj (SyncSocRegsFile)

DmaClaSrcSelRegsFile 
*          1    00007980    0000001a     UNINITIALIZED
                  00007980    0000001a     F2837xD_GlobalVariableDefs.obj (DmaClaSrcSelRegsFile)

EPwmXbarRegsFile 
*          1    00007a00    00000040     UNINITIALIZED
                  00007a00    00000040     F2837xD_GlobalVariableDefs.obj (EPwmXbarRegsFile)

OutputXbarRegsFile 
*          1    00007a80    00000040     UNINITIALIZED
                  00007a80    00000040     F2837xD_GlobalVariableDefs.obj (OutputXbarRegsFile)

GpioCtrlRegsFile 
*          1    00007c00    00000180     UNINITIALIZED
                  00007c00    00000180     F2837xD_GlobalVariableDefs.obj (GpioCtrlRegsFile)

GpioDataRegsFile 
*          1    00007f00    00000030     UNINITIALIZED
                  00007f00    00000030     F2837xD_GlobalVariableDefs.obj (GpioDataRegsFile)

Emif1RegsFile 
*          1    00047000    00000070     UNINITIALIZED
                  00047000    00000070     F2837xD_GlobalVariableDefs.obj (Emif1RegsFile)

Emif2RegsFile 
*          1    00047800    00000070     UNINITIALIZED
                  00047800    00000070     F2837xD_GlobalVariableDefs.obj (Emif2RegsFile)

CanaRegsFile 
*          1    00048000    00000164     UNINITIALIZED
                  00048000    00000164     F2837xD_GlobalVariableDefs.obj (CanaRegsFile)

CanbRegsFile 
*          1    0004a000    00000164     UNINITIALIZED
                  0004a000    00000164     F2837xD_GlobalVariableDefs.obj (CanbRegsFile)

AnalogSubsysRegsFile 
*          1    0005d180    00000048     UNINITIALIZED
                  0005d180    00000048     F2837xD_GlobalVariableDefs.obj (AnalogSubsysRegsFile)

Cla1SoftIntRegsFile 
*          1    00000ce0    00000004     DSECT
                  00000ce0    00000004     F2837xD_GlobalVariableDefs.obj (Cla1SoftIntRegsFile)

Cmpss1RegsFile 
*          1    00005c80    00000020     UNINITIALIZED
                  00005c80    00000020     F2837xD_GlobalVariableDefs.obj (Cmpss1RegsFile)

Cmpss2RegsFile 
*          1    00005ca0    00000020     UNINITIALIZED
                  00005ca0    00000020     F2837xD_GlobalVariableDefs.obj (Cmpss2RegsFile)

Cmpss3RegsFile 
*          1    00005cc0    00000020     UNINITIALIZED
                  00005cc0    00000020     F2837xD_GlobalVariableDefs.obj (Cmpss3RegsFile)

Cmpss4RegsFile 
*          1    00005ce0    00000020     UNINITIALIZED
                  00005ce0    00000020     F2837xD_GlobalVariableDefs.obj (Cmpss4RegsFile)

Cmpss5RegsFile 
*          1    00005d00    00000020     UNINITIALIZED
                  00005d00    00000020     F2837xD_GlobalVariableDefs.obj (Cmpss5RegsFile)

Cmpss6RegsFile 
*          1    00005d20    00000020     UNINITIALIZED
                  00005d20    00000020     F2837xD_GlobalVariableDefs.obj (Cmpss6RegsFile)

Cmpss7RegsFile 
*          1    00005d40    00000020     UNINITIALIZED
                  00005d40    00000020     F2837xD_GlobalVariableDefs.obj (Cmpss7RegsFile)

Cmpss8RegsFile 
*          1    00005d60    00000020     UNINITIALIZED
                  00005d60    00000020     F2837xD_GlobalVariableDefs.obj (Cmpss8RegsFile)

IpcRegsFile 
*          1    00050000    00000024     UNINITIALIZED
                  00050000    00000024     F2837xD_GlobalVariableDefs.obj (IpcRegsFile)

FlashPumpSemaphoreRegsFile 
*          1    00050024    00000002     UNINITIALIZED
                  00050024    00000002     F2837xD_GlobalVariableDefs.obj (FlashPumpSemaphoreRegsFile)

RomPrefetchRegsFile 
*          1    0005e608    00000002     UNINITIALIZED
                  0005e608    00000002     F2837xD_GlobalVariableDefs.obj (RomPrefetchRegsFile)

DcsmZ1RegsFile 
*          1    0005f000    00000024     UNINITIALIZED
                  0005f000    00000024     F2837xD_GlobalVariableDefs.obj (DcsmZ1RegsFile)

DcsmZ2RegsFile 
*          1    0005f040    00000024     UNINITIALIZED
                  0005f040    00000024     F2837xD_GlobalVariableDefs.obj (DcsmZ2RegsFile)

DcsmCommonRegsFile 
*          1    0005f070    00000008     UNINITIALIZED
                  0005f070    00000008     F2837xD_GlobalVariableDefs.obj (DcsmCommonRegsFile)

MemCfgRegsFile 
*          1    0005f400    00000080     UNINITIALIZED
                  0005f400    00000080     F2837xD_GlobalVariableDefs.obj (MemCfgRegsFile)

Emif1ConfigRegsFile 
*          1    0005f480    00000020     UNINITIALIZED
                  0005f480    00000020     F2837xD_GlobalVariableDefs.obj (Emif1ConfigRegsFile)

Emif2ConfigRegsFile 
*          1    0005f4a0    00000020     UNINITIALIZED
                  0005f4a0    00000020     F2837xD_GlobalVariableDefs.obj (Emif2ConfigRegsFile)

AccessProtectionRegsFile 
*          1    0005f4c0    00000040     UNINITIALIZED
                  0005f4c0    00000040     F2837xD_GlobalVariableDefs.obj (AccessProtectionRegsFile)

MemoryErrorRegsFile 
*          1    0005f500    00000040     UNINITIALIZED
                  0005f500    00000040     F2837xD_GlobalVariableDefs.obj (MemoryErrorRegsFile)

RomWaitStateRegsFile 
*          1    0005f540    00000002     UNINITIALIZED
                  0005f540    00000002     F2837xD_GlobalVariableDefs.obj (RomWaitStateRegsFile)

Flash0CtrlRegsFile 
*          1    0005f800    00000182     UNINITIALIZED
                  0005f800    00000182     F2837xD_GlobalVariableDefs.obj (Flash0CtrlRegsFile)

Flash0EccRegsFile 
*          1    0005fb00    00000028     UNINITIALIZED
                  0005fb00    00000028     F2837xD_GlobalVariableDefs.obj (Flash0EccRegsFile)

DevCfgRegsFile 
*          1    0005d000    0000012e     UNINITIALIZED
                  0005d000    0000012e     F2837xD_GlobalVariableDefs.obj (DevCfgRegsFile)

ClkCfgRegsFile 
*          1    0005d200    00000032     UNINITIALIZED
                  0005d200    00000032     F2837xD_GlobalVariableDefs.obj (ClkCfgRegsFile)

CpuSysRegsFile 
*          1    0005d300    00000082     UNINITIALIZED
                  0005d300    00000082     F2837xD_GlobalVariableDefs.obj (CpuSysRegsFile)

.cio       1    00000500    00000120     UNINITIALIZED
                  00000500    00000120     rts2800_fpu32.lib : trgmsg.c.obj (.cio)

MODULE SUMMARY

       Module                           code    initialized data   uninitialized data
       ------                           ----    ----------------   ------------------
    .\
       F2837xD_GlobalVariableDefs.obj   0       0                  8695              
       F2837xD_DefaultISR.obj           1413    0                  0                 
       F2837xD_SysCtrl.obj              1167    0                  0                 
       main.obj                         691     76                 0                 
       F2837xD_Gpio.obj                 580     0                  0                 
       F2837xD_PieVect.obj              38      448                0                 
       F2837xD_PieCtrl.obj              40      0                  0                 
       F2837xD_usDelay.obj              4       0                  0                 
       F2837xD_CodeStartBranch.obj      2       0                  0                 
    +--+--------------------------------+-------+------------------+--------------------+
       Total:                           3935    524                8695              
                                                                                     
    .\Functions\
       Deposition.obj                   977     0                  0                 
       GiantStep.obj                    442     16                 0                 
       Hop.obj                          447     0                  0                 
       Ramp.obj                         402     4                  0                 
       RampDiag.obj                     385     0                  0                 
       ScanLine.obj                     344     4                  0                 
       Track.obj                        343     0                  0                 
       ReadSeq.obj                      327     0                  0                 
       Spec.obj                         326     0                  0                 
       Analog In.obj                    289     8                  0                 
       HighResOut.obj                   267     0                  0                 
       TipApproach.obj                  194     27                 0                 
       Analog Out.obj                   199     0                  0                 
       UserDelay.obj                    173     12                 0                 
       PinInit.obj                      159     0                  0                 
       AutoPlusMinus.obj                153     0                  0                 
       BabySteps.obj                    126     4                  0                 
       Serial Out.obj                   119     0                  0                 
       Parabola.obj                     79      4                  0                 
       Square.obj                       60      0                  0                 
       Assorted Macros.obj              40      0                  0                 
       Version.obj                      24      13                 0                 
       DebugSet.obj                     28      0                  0                 
       DebugGet.obj                     16      0                  0                 
       UserDelayLong.obj                0       12                 0                 
       Serial In.obj                    8       0                  0                 
    +--+--------------------------------+-------+------------------+--------------------+
       Total:                           5927    104                0                 
                                                                                     
    C:/ti/ccs920/ccs/tools/compiler/ti-cgt-c2000_18.12.3.LTS/lib/rts2800_fpu32.lib
       memory.c.obj                     614     4                  0                 
       trgmsg.c.obj                     149     0                  288               
       fd_add28.asm.obj                 156     0                  0                 
       fd_div28.asm.obj                 139     0                  0                 
       fs_div28.asm.obj                 136     0                  0                 
       fd_mpy28.asm.obj                 131     0                  0                 
       boot28.asm.obj                   86      0                  0                 
       exit.c.obj                       41      14                 0                 
       hostclock.c.obj                  54      0                  0                 
       cpy_tbl.c.obj                    36      0                  0                 
       fd_tol28.asm.obj                 31      0                  0                 
       memcpy.c.obj                     29      0                  0                 
       args_main.c.obj                  25      0                  0                 
       ll_aox28.asm.obj                 24      0                  0                 
       u_tofd28.asm.obj                 23      0                  0                 
       ul_tofd28.asm.obj                22      0                  0                 
       _lock.c.obj                      9       10                 0                 
       fd_sub28.asm.obj                 14      0                  0                 
       memset.c.obj                     7       0                  0                 
       clock.c.obj                      3       2                  0                 
       pre_init.c.obj                   2       0                  0                 
       startup.c.obj                    1       0                  0                 
    +--+--------------------------------+-------+------------------+--------------------+
       Total:                           1732    30                 288               
                                                                                     
       Heap:                            0       0                  1024              
       Stack:                           0       0                  256               
    +--+--------------------------------+-------+------------------+--------------------+
       Grand Total:                     11594   658                10263             


GLOBAL DATA SYMBOLS: SORTED BY DATA PAGE

address     data page           name
--------    ----------------    ----
00000000       0 (00000000)     _crashProtectionEnabled
00000001       0 (00000000)     _outputChannel
00000002       0 (00000000)     _inputChannel
00000003       0 (00000000)     _rampUp
00000004       0 (00000000)     _currentOutputValue
00000006       0 (00000000)     _delayCycles

00000040       1 (00000040)     _readData

00000400      10 (00000400)     __stack

00000500      14 (00000500)     __CIOBUF_

00000b00      2c (00000b00)     _AdcaResultRegs
00000b20      2c (00000b00)     _AdcbResultRegs

00000b40      2d (00000b40)     _AdccResultRegs
00000b60      2d (00000b40)     _AdcdResultRegs

00000c00      30 (00000c00)     _CpuTimer0Regs
00000c08      30 (00000c00)     _CpuTimer1Regs
00000c10      30 (00000c00)     _CpuTimer2Regs

00000ce0      33 (00000cc0)     _Cla1SoftIntRegs
00000ce0      33 (00000cc0)     _PieCtrlRegs

00000d00      34 (00000d00)     _EmuBMode
00000d00      34 (00000d00)     _PieVectTable
00000d01      34 (00000d00)     _EmuBootPins

00001000      40 (00001000)     _DmaRegs

00001042      41 (00001040)     _depIM
00001043      41 (00001040)     _depIW
00001044      41 (00001040)     _depZOffset
00001045      41 (00001040)     _depNumPts
00001046      41 (00001040)     _depAvgPts
00001047      41 (00001040)     _depIgnoreInit
00001048      41 (00001040)     _depChngT
00001049      41 (00001040)     _depAfterT
0000104a      41 (00001040)     _depChngRatio
0000104b      41 (00001040)     _depAvgEvery
0000104c      41 (00001040)     _depFlags
0000104e      41 (00001040)     _depBiasM
00001050      41 (00001040)     _depBiasW
00001052      41 (00001040)     _depWait
00001054      41 (00001040)     _depDelay
00001056      41 (00001040)     _depAvgInv
00001058      41 (00001040)     _scanProtection
00001059      41 (00001040)     _scanLimit
0000105a      41 (00001040)     _zOffset
0000105b      41 (00001040)     _zOffsetChannel
0000105c      41 (00001040)     _scanSize
0000105d      41 (00001040)     _scanStep
0000105e      41 (00001040)     _thisLineMax
0000105f      41 (00001040)     _thisLineMin
00001060      41 (00001040)     _lastLineMax
00001061      41 (00001040)     _lastLineMin
00001062      41 (00001040)     _flagZero
00001063      41 (00001040)     _scanDeltaZ
00001064      41 (00001040)     _scanInterDelay
00001066      41 (00001040)     _scanReadDelay
00001068      41 (00001040)     _lastOutput
00001078      41 (00001040)     _specStepSize
0000107a      41 (00001040)     _specLower
0000107c      41 (00001040)     _specHigher
0000107e      41 (00001040)     _specMoveDelay

00001080      42 (00001080)     _readSeqCommands

00001180      46 (00001180)     _hopAvg
00001181      46 (00001180)     _hopR
00001182      46 (00001180)     _hopRSqrt
00001184      46 (00001180)     _hopStepDelay
00001186      46 (00001180)     _hopIStepDelay
00001188      46 (00001180)     _hopCircDelay
0000118a      46 (00001180)     _hopPlaneA
0000118c      46 (00001180)     _hopPlaneB
0000118e      46 (00001180)     _zOuterParabSize
0000118f      46 (00001180)     _xOuterParabSize
00001190      46 (00001180)     _xOuterParabZeroCycles
00001191      46 (00001180)     _tipNumGiant
00001192      46 (00001180)     _tipBabySize
00001193      46 (00001180)     _tipMinI
00001194      46 (00001180)     _zOuterParabMult
00001196      46 (00001180)     _xOuterParabMult
00001198      46 (00001180)     _tipApproachDelay
0000119a      46 (00001180)     _tipBabyMult
0000119c      46 (00001180)     _diagLongStart
0000119d      46 (00001180)     _diagLongFinal
0000119e      46 (00001180)     _diagShortStart
0000119f      46 (00001180)     _diagZStart
000011a0      46 (00001180)     _diagStepSize
000011a1      46 (00001180)     _diagZRatio
000011a2      46 (00001180)     _diagRatio
000011a4      46 (00001180)     _diagMoveDelay
000011a6      46 (00001180)     _trackAverage
000011a7      46 (00001180)     _trackMin
000011a8      46 (00001180)     _trackSampleEvery
000011aa      46 (00001180)     _trackDelay
000011ac      46 (00001180)     _trackPlaneA
000011ae      46 (00001180)     _trackPlaneB
000011b0      46 (00001180)     _parmbuf
000011b8      46 (00001180)     ___TI_enable_exit_profile_output
000011ba      46 (00001180)     ___TI_cleanup_ptr
000011bc      46 (00001180)     ___TI_dtors_ptr
000011be      46 (00001180)     _lastControlBits
000011bf      46 (00001180)     _ch13Bits

000011c4      47 (000011c0)     __lock
000011c6      47 (000011c0)     __unlock
000011c8      47 (000011c0)     _currentZOffset
000011c9      47 (000011c0)     _zOuterTunnel
000011ca      47 (000011c0)     _savedHighResBits
000011cb      47 (000011c0)     _stepNumber
000011cc      47 (000011c0)     _readSeqNum
000011cd      47 (000011c0)     _LoopCount

00001400      50 (00001400)     _Cla1Regs

00004000     100 (00004000)     _EPwm1Regs

00004100     104 (00004100)     _EPwm2Regs

00004200     108 (00004200)     _EPwm3Regs

00004300     10c (00004300)     _EPwm4Regs

00004400     110 (00004400)     _EPwm5Regs

00004500     114 (00004500)     _EPwm6Regs

00004600     118 (00004600)     _EPwm7Regs

00004700     11c (00004700)     _EPwm8Regs

00004800     120 (00004800)     _EPwm9Regs

00004900     124 (00004900)     _EPwm10Regs

00004a00     128 (00004a00)     _EPwm11Regs

00004b00     12c (00004b00)     _EPwm12Regs

00005000     140 (00005000)     _ECap1Regs
00005020     140 (00005000)     _ECap2Regs

00005040     141 (00005040)     _ECap3Regs
00005060     141 (00005040)     _ECap4Regs

00005080     142 (00005080)     _ECap5Regs
000050a0     142 (00005080)     _ECap6Regs

00005100     144 (00005100)     _EQep1Regs

00005140     145 (00005140)     _EQep2Regs

00005180     146 (00005180)     _EQep3Regs

00005c00     170 (00005c00)     _DacaRegs
00005c10     170 (00005c00)     _DacbRegs
00005c20     170 (00005c00)     _DaccRegs

00005c80     172 (00005c80)     _Cmpss1Regs
00005ca0     172 (00005c80)     _Cmpss2Regs

00005cc0     173 (00005cc0)     _Cmpss3Regs
00005ce0     173 (00005cc0)     _Cmpss4Regs

00005d00     174 (00005d00)     _Cmpss5Regs
00005d20     174 (00005d00)     _Cmpss6Regs

00005d40     175 (00005d40)     _Cmpss7Regs
00005d60     175 (00005d40)     _Cmpss8Regs

00005e00     178 (00005e00)     _Sdfm1Regs

00005e80     17a (00005e80)     _Sdfm2Regs

00006000     180 (00006000)     _McbspaRegs

00006040     181 (00006040)     _McbspbRegs

00006100     184 (00006100)     _SpiaRegs
00006110     184 (00006100)     _SpibRegs
00006120     184 (00006100)     _SpicRegs

00006200     188 (00006200)     _UppRegs

00007000     1c0 (00007000)     _WdRegs

00007060     1c1 (00007040)     _NmiIntruptRegs
00007070     1c1 (00007040)     _XintRegs

00007200     1c8 (00007200)     _SciaRegs
00007210     1c8 (00007200)     _ScibRegs
00007220     1c8 (00007200)     _ScicRegs
00007230     1c8 (00007200)     _ScidRegs

00007300     1cc (00007300)     _I2caRegs

00007340     1cd (00007340)     _I2cbRegs

00007400     1d0 (00007400)     _AdcaRegs

00007480     1d2 (00007480)     _AdcbRegs

00007500     1d4 (00007500)     _AdccRegs

00007580     1d6 (00007580)     _AdcdRegs

00007900     1e4 (00007900)     _InputXbarRegs
00007920     1e4 (00007900)     _XbarRegs

00007940     1e5 (00007940)     _SyncSocRegs

00007980     1e6 (00007980)     _DmaClaSrcSelRegs

00007a00     1e8 (00007a00)     _EPwmXbarRegs

00007a80     1ea (00007a80)     _OutputXbarRegs

00007c00     1f0 (00007c00)     _GpioCtrlRegs

00007f00     1fc (00007f00)     _GpioDataRegs

0000a800     2a0 (0000a800)     __sys_memory

0000ac00     2b0 (0000ac00)     _PieVectTableInit

0000adf6     2b7 (0000adc0)     ___c28xabi_CLOCKS_PER_SEC

00047000    11c0 (00047000)     _Emif1Regs

00047800    11e0 (00047800)     _Emif2Regs

00048000    1200 (00048000)     _CanaRegs

0004a000    1280 (0004a000)     _CanbRegs

00050000    1400 (00050000)     _IpcRegs
00050024    1400 (00050000)     _FlashPumpSemaphoreRegs

0005d000    1740 (0005d000)     _DevCfgRegs

0005d180    1746 (0005d180)     _AnalogSubsysRegs

0005d200    1748 (0005d200)     _ClkCfgRegs

0005d300    174c (0005d300)     _CpuSysRegs

0005e608    1798 (0005e600)     _RomPrefetchRegs

0005f000    17c0 (0005f000)     _DcsmZ1Regs

0005f040    17c1 (0005f040)     _DcsmZ2Regs
0005f070    17c1 (0005f040)     _DcsmCommonRegs

0005f400    17d0 (0005f400)     _MemCfgRegs

0005f480    17d2 (0005f480)     _Emif1ConfigRegs
0005f4a0    17d2 (0005f480)     _Emif2ConfigRegs

0005f4c0    17d3 (0005f4c0)     _AccessProtectionRegs

0005f500    17d4 (0005f500)     _MemoryErrorRegs

0005f540    17d5 (0005f540)     _RomWaitStateRegs

0005f800    17e0 (0005f800)     _Flash0CtrlRegs

0005fb00    17ec (0005fb00)     _Flash0EccRegs


GLOBAL SYMBOLS: SORTED ALPHABETICALLY BY Name 

page  address   name                                  
----  -------   ----                                  
abs   ffffffff  .text                                 
0     00008fd4  C$$EXIT                               
0     0000a0ed  C$$IO$$                               
0     00009ee1  FD$$ADD                               
0     0000a12f  FD$$DIV                               
0     0000977c  FD$$MPY                               
0     000087ef  FD$$SUB                               
0     0000a46a  FD$$TOL                               
0     0000a1ba  FS$$DIV                               
0     0000a4f3  LL$$AND                               
0     0000a4fb  LL$$OR                                
0     0000a503  LL$$XOR                               
0     0000a50b  U$$TOFD                               
0     0000a522  UL$$TOFD                              
0     0000b0be  _ADCA1_ISR                            
0     0000b33e  _ADCA2_ISR                            
0     0000b348  _ADCA3_ISR                            
0     0000b352  _ADCA4_ISR                            
0     0000b334  _ADCA_EVT_ISR                         
0     0000b0c8  _ADCB1_ISR                            
0     0000b366  _ADCB2_ISR                            
0     0000b370  _ADCB3_ISR                            
0     0000b37a  _ADCB4_ISR                            
0     0000b35c  _ADCB_EVT_ISR                         
0     0000b0d2  _ADCC1_ISR                            
0     0000b4ce  _ADCC2_ISR                            
0     0000b4d8  _ADCC3_ISR                            
0     0000b4e2  _ADCC4_ISR                            
0     0000b4c4  _ADCC_EVT_ISR                         
0     0000b0f0  _ADCD1_ISR                            
0     0000b4f6  _ADCD2_ISR                            
0     0000b500  _ADCD3_ISR                            
0     0000b50a  _ADCD4_ISR                            
0     0000b4ec  _ADCD_EVT_ISR                         
0     0000b546  _AUX_PLL_SLIP_ISR                     
1     0005f4c0  _AccessProtectionRegs                 
1     00007400  _AdcaRegs                             
1     00000b00  _AdcaResultRegs                       
1     00007480  _AdcbRegs                             
1     00000b20  _AdcbResultRegs                       
1     00007500  _AdccRegs                             
1     00000b40  _AdccResultRegs                       
1     00007580  _AdcdRegs                             
1     00000b60  _AdcdResultRegs                       
1     0005d180  _AnalogSubsysRegs                     
0     0000843b  _AuxAuxClkSel                         
0     00008425  _AuxIntOsc2Sel                        
0     0000842f  _AuxXtalOscSel                        
0     0000b30c  _CANA0_ISR                            
0     0000b316  _CANA1_ISR                            
0     0000b320  _CANB0_ISR                            
0     0000b32a  _CANB1_ISR                            
0     0000b384  _CLA1_1_ISR                           
0     0000b38e  _CLA1_2_ISR                           
0     0000b398  _CLA1_3_ISR                           
0     0000b3a2  _CLA1_4_ISR                           
0     0000b3ac  _CLA1_5_ISR                           
0     0000b3b6  _CLA1_6_ISR                           
0     0000b3c0  _CLA1_7_ISR                           
0     0000b3ca  _CLA1_8_ISR                           
0     0000b550  _CLA_OVERFLOW_ISR                     
0     0000b55a  _CLA_UNDERFLOW_ISR                    
1     00048000  _CanaRegs                             
1     0004a000  _CanbRegs                             
1     00001400  _Cla1Regs                             
0     00000ce0  _Cla1SoftIntRegs                      
1     0005d200  _ClkCfgRegs                           
1     00005c80  _Cmpss1Regs                           
1     00005ca0  _Cmpss2Regs                           
1     00005cc0  _Cmpss3Regs                           
1     00005ce0  _Cmpss4Regs                           
1     00005d00  _Cmpss5Regs                           
1     00005d20  _Cmpss6Regs                           
1     00005d40  _Cmpss7Regs                           
1     00005d60  _Cmpss8Regs                           
1     0005d300  _CpuSysRegs                           
1     00000c00  _CpuTimer0Regs                        
1     00000c08  _CpuTimer1Regs                        
1     00000c10  _CpuTimer2Regs                        
0     000083e0  _CsmUnlock                            
0     0000b014  _DATALOG_ISR                          
0     0000b258  _DMA_CH1_ISR                          
0     0000b262  _DMA_CH2_ISR                          
0     0000b26c  _DMA_CH3_ISR                          
0     0000b276  _DMA_CH4_ISR                          
0     0000b280  _DMA_CH5_ISR                          
0     0000b28a  _DMA_CH6_ISR                          
1     00005c00  _DacaRegs                             
1     00005c10  _DacbRegs                             
1     00005c20  _DaccRegs                             
1     0005f070  _DcsmCommonRegs                       
1     0005f000  _DcsmZ1Regs                           
1     0005f040  _DcsmZ2Regs                           
1     0005d000  _DevCfgRegs                           
0     000080f4  _DisableDog                           
0     000080b5  _DisablePeripheralClocks              
1     00007980  _DmaClaSrcSelRegs                     
1     00001000  _DmaRegs                              
0     0000b1ae  _ECAP1_ISR                            
0     0000b1b8  _ECAP2_ISR                            
0     0000b1c2  _ECAP3_ISR                            
0     0000b1cc  _ECAP4_ISR                            
0     0000b1d6  _ECAP5_ISR                            
0     0000b1e0  _ECAP6_ISR                            
1     00005000  _ECap1Regs                            
1     00005020  _ECap2Regs                            
1     00005040  _ECap3Regs                            
1     00005060  _ECap4Regs                            
1     00005080  _ECap5Regs                            
1     000050a0  _ECap6Regs                            
0     0000b514  _EMIF_ERROR_ISR                       
0     0000b56e  _EMPTY_ISR                            
0     0000b028  _EMU_ISR                              
0     0000b46a  _EPWM10_ISR                           
0     0000b442  _EPWM10_TZ_ISR                        
0     0000b474  _EPWM11_ISR                           
0     0000b44c  _EPWM11_TZ_ISR                        
0     0000b47e  _EPWM12_ISR                           
0     0000b456  _EPWM12_TZ_ISR                        
0     0000b15e  _EPWM1_ISR                            
0     0000b10e  _EPWM1_TZ_ISR                         
0     0000b168  _EPWM2_ISR                            
0     0000b118  _EPWM2_TZ_ISR                         
0     0000b172  _EPWM3_ISR                            
0     0000b122  _EPWM3_TZ_ISR                         
0     0000b17c  _EPWM4_ISR                            
0     0000b12c  _EPWM4_TZ_ISR                         
0     0000b186  _EPWM5_ISR                            
0     0000b136  _EPWM5_TZ_ISR                         
0     0000b190  _EPWM6_ISR                            
0     0000b140  _EPWM6_TZ_ISR                         
0     0000b19a  _EPWM7_ISR                            
0     0000b14a  _EPWM7_TZ_ISR                         
0     0000b1a4  _EPWM8_ISR                            
0     0000b154  _EPWM8_TZ_ISR                         
0     0000b460  _EPWM9_ISR                            
0     0000b438  _EPWM9_TZ_ISR                         
1     00004900  _EPwm10Regs                           
1     00004a00  _EPwm11Regs                           
1     00004b00  _EPwm12Regs                           
1     00004000  _EPwm1Regs                            
1     00004100  _EPwm2Regs                            
1     00004200  _EPwm3Regs                            
1     00004300  _EPwm4Regs                            
1     00004400  _EPwm5Regs                            
1     00004500  _EPwm6Regs                            
1     00004600  _EPwm7Regs                            
1     00004700  _EPwm8Regs                            
1     00004800  _EPwm9Regs                            
1     00007a00  _EPwmXbarRegs                         
0     0000b1ea  _EQEP1_ISR                            
0     0000b1f4  _EQEP2_ISR                            
0     0000b1fe  _EQEP3_ISR                            
1     00005100  _EQep1Regs                            
1     00005140  _EQep2Regs                            
1     00005180  _EQep3Regs                            
1     0005f480  _Emif1ConfigRegs                      
1     00047000  _Emif1Regs                            
1     0005f4a0  _Emif2ConfigRegs                      
1     00047800  _Emif2Regs                            
1     00000d00  _EmuBMode                             
1     00000d01  _EmuBootPins                          
0     0000a417  _EnableInterrupts                     
0     000001c0  _F28x_usDelay                         
0     0000b528  _FLASH_CORRECTABLE_ERROR_ISR          
0     0000b3fc  _FPU_OVERFLOW_ISR                     
0     0000b406  _FPU_UNDERFLOW_ISR                    
1     0005f800  _Flash0CtrlRegs                       
1     0005fb00  _Flash0EccRegs                        
1     00050024  _FlashPumpSemaphoreRegs               
0     00008dca  _GPIO_EnableUnbondedIOPullups         
0     00008da5  _GPIO_EnableUnbondedIOPullupsFor100Pin
0     00008d8c  _GPIO_EnableUnbondedIOPullupsFor176Pin
0     00008de0  _GPIO_ReadPin                         
0     00008d31  _GPIO_SetupLock                       
0     00008c11  _GPIO_SetupPinMux                     
0     00008c9d  _GPIO_SetupPinOptions                 
0     00008d5a  _GPIO_SetupXINT1Gpio                  
0     00008d64  _GPIO_SetupXINT2Gpio                  
0     00008d6e  _GPIO_SetupXINT3Gpio                  
0     00008d78  _GPIO_SetupXINT4Gpio                  
0     00008d82  _GPIO_SetupXINT5Gpio                  
0     00008df7  _GPIO_WritePin                        
1     00007c00  _GpioCtrlRegs                         
1     00007f00  _GpioDataRegs                         
0     00008459  _HALT                                 
0     00008472  _HIB                                  
0     0000a39a  _HOSTclock                            
0     0000b29e  _I2CA_FIFO_ISR                        
0     0000b294  _I2CA_ISR                             
0     0000b2b2  _I2CB_FIFO_ISR                        
0     0000b2a8  _I2CB_ISR                             
1     00007300  _I2caRegs                             
1     00007340  _I2cbRegs                             
0     00008445  _IDLE                                 
0     0000b03c  _ILLEGAL_ISR                          
0     0000b410  _IPC0_ISR                             
0     0000b41a  _IPC1_ISR                             
0     0000b424  _IPC2_ISR                             
0     0000b42e  _IPC3_ISR                             
0     000082f1  _InitAuxPll                           
0     00008bd1  _InitGpio                             
0     00008031  _InitPeripheralClocks                 
0     0000a3f8  _InitPieCtrl                          
0     0000a420  _InitPieVectTable                     
0     00008000  _InitSysCtrl                          
0     00008102  _InitSysPll                           
1     00007900  _InputXbarRegs                        
1     00050000  _IpcRegs                              
0     000011cd  _LoopCount                            
0     0000b230  _MCBSPA_RX_ISR                        
0     0000b23a  _MCBSPA_TX_ISR                        
0     0000b244  _MCBSPB_RX_ISR                        
0     0000b24e  _MCBSPB_TX_ISR                        
1     00006000  _McbspaRegs                           
1     00006040  _McbspbRegs                           
1     0005f400  _MemCfgRegs                           
1     0005f500  _MemoryErrorRegs                      
0     0000b032  _NMI_ISR                              
0     0000b57b  _NOTUSED_ISR                          
1     00007060  _NmiIntruptRegs                       
1     00007a80  _OutputXbarRegs                       
0     0000b564  _PIE_RESERVED_ISR                     
1     00000ce0  _PieCtrlRegs                          
1     00000d00  _PieVectTable                         
1     0000ac00  _PieVectTableInit                     
0     0000b532  _RAM_ACCESS_VIOLATION_ISR             
0     0000b51e  _RAM_CORRECTABLE_ERROR_ISR            
0     0000b01e  _RTOS_ISR                             
0     000080dc  _ReleaseFlashPump                     
1     0005e608  _RomPrefetchRegs                      
1     0005f540  _RomWaitStateRegs                     
0     0000b2e4  _SCIA_RX_ISR                          
0     0000b2ee  _SCIA_TX_ISR                          
0     0000b2f8  _SCIB_RX_ISR                          
0     0000b302  _SCIB_TX_ISR                          
0     0000b2bc  _SCIC_RX_ISR                          
0     0000b2c6  _SCIC_TX_ISR                          
0     0000b2d0  _SCID_RX_ISR                          
0     0000b2da  _SCID_TX_ISR                          
0     0000b488  _SD1_ISR                              
0     0000b492  _SD2_ISR                              
0     0000b208  _SPIA_RX_ISR                          
0     0000b212  _SPIA_TX_ISR                          
0     0000b21c  _SPIB_RX_ISR                          
0     0000b226  _SPIB_TX_ISR                          
0     0000b49c  _SPIC_RX_ISR                          
0     0000b4a6  _SPIC_TX_ISR                          
0     0000844e  _STANDBY                              
0     0000b53c  _SYS_PLL_SLIP_ISR                     
1     00007200  _SciaRegs                             
1     00007210  _ScibRegs                             
1     00007220  _ScicRegs                             
1     00007230  _ScidRegs                             
1     00005e00  _Sdfm1Regs                            
1     00005e80  _Sdfm2Regs                            
0     000080cd  _SeizeFlashPump                       
0     000080e6  _ServiceDog                           
1     00006100  _SpiaRegs                             
1     00006110  _SpibRegs                             
1     00006120  _SpicRegs                             
1     00007940  _SyncSocRegs                          
0     00008401  _SysIntOsc1Sel                        
0     0000840d  _SysIntOsc2Sel                        
0     00008419  _SysXtalOscSel                        
0     0000b0fa  _TIMER0_ISR                           
0     0000b000  _TIMER1_ISR                           
0     0000b00a  _TIMER2_ISR                           
0     0000b4b0  _UPPA_ISR                             
0     0000b4ba  _USBA_ISR                             
0     0000b0a0  _USER10_ISR                           
0     0000b0aa  _USER11_ISR                           
0     0000b0b4  _USER12_ISR                           
0     0000b046  _USER1_ISR                            
0     0000b050  _USER2_ISR                            
0     0000b05a  _USER3_ISR                            
0     0000b064  _USER4_ISR                            
0     0000b06e  _USER5_ISR                            
0     0000b078  _USER6_ISR                            
0     0000b082  _USER7_ISR                            
0     0000b08c  _USER8_ISR                            
0     0000b096  _USER9_ISR                            
1     00006200  _UppRegs                              
0     0000b3f2  _VCU_ISR                              
0     0000b104  _WAKE_ISR                             
1     00007000  _WdRegs                               
0     0000b0dc  _XINT1_ISR                            
0     0000b0e6  _XINT2_ISR                            
0     0000b3d4  _XINT3_ISR                            
0     0000b3de  _XINT4_ISR                            
0     0000b3e8  _XINT5_ISR                            
1     00007920  _XbarRegs                             
1     00007070  _XintRegs                             
1     00000500  __CIOBUF_                             
1     00000500  __STACK_END                           
abs   00000100  __STACK_SIZE                          
abs   00000400  __SYSMEM_SIZE                         
0     000011ba  ___TI_cleanup_ptr                     
0     000011bc  ___TI_dtors_ptr                       
0     000011b8  ___TI_enable_exit_profile_output      
0     0000b7e9  ___TI_heap_check                      
0     0000b7cc  ___TI_heap_largest_available          
0     0000b7af  ___TI_heap_total_available            
abs   ffffffff  ___TI_pprof_out_hndl                  
abs   ffffffff  ___TI_prof_data_size                  
abs   ffffffff  ___TI_prof_data_start                 
0     0000a0f2  ___TI_readmsg                         
0     0000a09a  ___TI_writemsg                        
abs   ffffffff  ___binit__                            
1     0000adf6  ___c28xabi_CLOCKS_PER_SEC             
abs   ffffffff  ___c_args__                           
0     00000122  ___cinit__                            
abs   ffffffff  ___etext__                            
abs   ffffffff  ___pinit__                            
abs   ffffffff  ___text__                             
0     0000a4c2  __args_main                           
0     000011c4  __lock                                
0     0000a540  __nop                                 
0     0000a53c  __register_lock                       
0     0000a538  __register_unlock                     
1     00000400  __stack                               
1     0000a800  __sys_memory                          
0     000087fd  __system_post_cinit                   
0     0000b7fe  __system_pre_init                     
0     000011c6  __unlock                              
0     00008fd4  _abort                                
0     0000a3d0  _absin                                
0     0000b71a  _aligned_alloc                        
0     00009a8d  _analogIn                             
0     00009cb9  _analogOut                            
0     0000a033  _autoMinus                            
0     0000a000  _autoPlus                             
0     0000a066  _autoSub                              
0     00009f7d  _babyStep                             
0     0000a2b9  _c_int00                              
0     0000b6f3  _calloc                               
0     000011bf  _ch13Bits                             
0     0000a3dd  _clearInFifo                          
0     0000b7fb  _clock                                
0     0000a446  _copy_in                              
0     00000000  _crashProtectionEnabled               
0     00000004  _currentOutputValue                   
0     000011c8  _currentZOffset                       
0     0000b7eb  _debugGet                             
0     0000a4a6  _debugSet                             
0     00008742  _delay                                
0     00000006  _delayCycles                          
0     000088e8  _dep20Setup                           
0     00001049  _depAfterT                            
0     0000104b  _depAvgEvery                          
0     00001056  _depAvgInv                            
0     00001046  _depAvgPts                            
0     00008b54  _depBiasAndI                          
0     00008b92  _depBiasAndI20                        
0     0000104e  _depBiasM                             
0     00001050  _depBiasW                             
0     0000104a  _depChngRatio                         
0     00001048  _depChngT                             
0     00001054  _depDelay                             
0     0000104c  _depFlags                             
0     00001042  _depIM                                
0     00001043  _depIW                                
0     00001047  _depIgnoreInit                        
0     00001045  _depNumPts                            
0     00008800  _depSetup                             
0     00001052  _depWait                              
0     00001044  _depZOffset                           
0     000089e4  _deposition                           
0     00008a9c  _deposition20                         
0     0000119d  _diagLongFinal                        
0     0000119c  _diagLongStart                        
0     000011a4  _diagMoveDelay                        
0     000011a2  _diagRatio                            
0     0000119e  _diagShortStart                       
0     000011a0  _diagStepSize                         
0     000011a1  _diagZRatio                           
0     0000119f  _diagZStart                           
0     00009b59  _dspInput                             
0     00009ccd  _dspOutput                            
0     00008fd6  _exit                                 
0     00001062  _flagZero                             
0     0000b5b0  _free                                 
0     00009000  _giantStep                            
0     00009bae  _highRes                              
0     00009bbe  _highResOutput                        
0     00009c30  _higherRes                            
0     00009c46  _higherResOutput                      
0     00009ca3  _higherResSerialOut                   
0     00008ea2  _hop                                  
0     00001180  _hopAvg                               
0     00001188  _hopCircDelay                         
0     00001186  _hopIStepDelay                        
0     0000118a  _hopPlaneA                            
0     0000118c  _hopPlaneB                            
0     00001181  _hopR                                 
0     00001182  _hopRSqrt                             
0     00008fbc  _hopRead                              
0     00008e15  _hopSetup                             
0     00008f13  _hopSlope                             
0     00001184  _hopStepDelay                         
0     00000002  _inputChannel                         
0     00009ed2  _inputPinInit                         
0     000011be  _lastControlBits                      
0     00001060  _lastLineMax                          
0     00001061  _lastLineMin                          
0     00001068  _lastOutput                           
0     0000848f  _main                                 
0     0000b585  _malloc                               
0     0000b71a  _memalign                             
0     0000a489  _memcpy                               
0     0000a549  _memset                               
0     0000b6ef  _minit                                
0     0000972d  _moveReadComp                         
0     0000a3f7  _nullDelay                            
0     0000905a  _oneGiant                             
0     0000910a  _oneTranslate                         
0     00009c82  _output20BitControlBits               
0     00000001  _outputChannel                        
0     00009b87  _outputControlBits                    
0     00009ebf  _outputPinInit                        
0     0000a30f  _parabola                             
0     000011b0  _parmbuf                              
0     00009e42  _pinInit                              
0     0000923c  _ramp                                 
0     000093dd  _rampDiag                             
0     0000934c  _rampDiagSetup                        
0     000092a0  _rampDir                              
0     0000932f  _rampDone                             
0     000092b6  _rampLoop                             
0     000091ba  _rampRead                             
0     00000003  _rampUp                               
0     00000040  _readData                             
0     00009862  _readSeq                              
0     00001080  _readSeqCommands                      
0     000011cc  _readSeqNum                           
0     00009800  _readSeqSetup                         
0     0000b677  _realloc                              
0     000011ca  _savedHighResBits                     
0     00001063  _scanDeltaZ                           
0     00001064  _scanInterDelay                       
0     00001059  _scanLimit                            
0     00009531  _scanLine                             
0     00001058  _scanProtection                       
0     00001066  _scanReadDelay                        
0     000094cd  _scanSetup                            
0     0000105c  _scanSize                             
0     0000105d  _scanStep                             
0     000084ba  _scia_echoback_init                   
0     000084cc  _scia_fifo_init                       
0     00008ee8  _sendTip                              
0     0000a541  _serialIn                             
0     0000a2a7  _serialOut_array                      
0     0000a242  _serialOut_char                       
0     0000a24e  _serialOut_two                        
0     0000a25e  _serialOut_word                       
0     0000a278  _serialOut_xdso                       
0     000099ae  _spec                                 
0     0000107c  _specHigher                           
0     0000107a  _specLower                            
0     0000107e  _specMoveDelay                        
0     00009947  _specSetup                            
0     00001078  _specStepSize                         
0     0000a35e  _squareWave                           
0     000011cb  _stepNumber                           
0     0000105e  _thisLineMax                          
0     0000105f  _thisLineMin                          
0     00009de5  _tipApproach                          
0     00001198  _tipApproachDelay                     
0     0000119a  _tipBabyMult                          
0     00001192  _tipBabySize                          
0     00001193  _tipMinI                              
0     00001191  _tipNumGiant                          
0     00009d80  _tipSetup                             
0     00009680  _track                                
0     000011a6  _trackAverage                         
0     000011aa  _trackDelay                           
0     000011a7  _trackMin                             
0     000011ac  _trackPlaneA                          
0     000011ae  _trackPlaneB                          
0     000011a8  _trackSampleEvery                     
0     00009625  _trackSetup                           
0     0000902d  _translateSample                      
0     000084d4  _updateSerial                         
0     0000a4db  _version                              
0     00001196  _xOuterParabMult                      
0     0000118f  _xOuterParabSize                      
0     00001190  _xOuterParabZeroCycles                
0     0000105a  _zOffset                              
0     0000105b  _zOffsetChannel                       
0     00001194  _zOuterParabMult                      
0     0000118e  _zOuterParabSize                      
0     000011c9  _zOuterTunnel                         
abs   ffffffff  binit                                 
0     00000122  cinit                                 
0     00000000  code_start                            
abs   ffffffff  etext                                 
abs   ffffffff  pinit                                 


GLOBAL SYMBOLS: SORTED BY Symbol Address 

page  address   name                                  
----  -------   ----                                  
0     00000000  _crashProtectionEnabled               
0     00000000  code_start                            
0     00000001  _outputChannel                        
0     00000002  _inputChannel                         
0     00000003  _rampUp                               
0     00000004  _currentOutputValue                   
0     00000006  _delayCycles                          
0     00000040  _readData                             
0     00000122  ___cinit__                            
0     00000122  cinit                                 
0     000001c0  _F28x_usDelay                         
0     00000ce0  _Cla1SoftIntRegs                      
0     00001042  _depIM                                
0     00001043  _depIW                                
0     00001044  _depZOffset                           
0     00001045  _depNumPts                            
0     00001046  _depAvgPts                            
0     00001047  _depIgnoreInit                        
0     00001048  _depChngT                             
0     00001049  _depAfterT                            
0     0000104a  _depChngRatio                         
0     0000104b  _depAvgEvery                          
0     0000104c  _depFlags                             
0     0000104e  _depBiasM                             
0     00001050  _depBiasW                             
0     00001052  _depWait                              
0     00001054  _depDelay                             
0     00001056  _depAvgInv                            
0     00001058  _scanProtection                       
0     00001059  _scanLimit                            
0     0000105a  _zOffset                              
0     0000105b  _zOffsetChannel                       
0     0000105c  _scanSize                             
0     0000105d  _scanStep                             
0     0000105e  _thisLineMax                          
0     0000105f  _thisLineMin                          
0     00001060  _lastLineMax                          
0     00001061  _lastLineMin                          
0     00001062  _flagZero                             
0     00001063  _scanDeltaZ                           
0     00001064  _scanInterDelay                       
0     00001066  _scanReadDelay                        
0     00001068  _lastOutput                           
0     00001078  _specStepSize                         
0     0000107a  _specLower                            
0     0000107c  _specHigher                           
0     0000107e  _specMoveDelay                        
0     00001080  _readSeqCommands                      
0     00001180  _hopAvg                               
0     00001181  _hopR                                 
0     00001182  _hopRSqrt                             
0     00001184  _hopStepDelay                         
0     00001186  _hopIStepDelay                        
0     00001188  _hopCircDelay                         
0     0000118a  _hopPlaneA                            
0     0000118c  _hopPlaneB                            
0     0000118e  _zOuterParabSize                      
0     0000118f  _xOuterParabSize                      
0     00001190  _xOuterParabZeroCycles                
0     00001191  _tipNumGiant                          
0     00001192  _tipBabySize                          
0     00001193  _tipMinI                              
0     00001194  _zOuterParabMult                      
0     00001196  _xOuterParabMult                      
0     00001198  _tipApproachDelay                     
0     0000119a  _tipBabyMult                          
0     0000119c  _diagLongStart                        
0     0000119d  _diagLongFinal                        
0     0000119e  _diagShortStart                       
0     0000119f  _diagZStart                           
0     000011a0  _diagStepSize                         
0     000011a1  _diagZRatio                           
0     000011a2  _diagRatio                            
0     000011a4  _diagMoveDelay                        
0     000011a6  _trackAverage                         
0     000011a7  _trackMin                             
0     000011a8  _trackSampleEvery                     
0     000011aa  _trackDelay                           
0     000011ac  _trackPlaneA                          
0     000011ae  _trackPlaneB                          
0     000011b0  _parmbuf                              
0     000011b8  ___TI_enable_exit_profile_output      
0     000011ba  ___TI_cleanup_ptr                     
0     000011bc  ___TI_dtors_ptr                       
0     000011be  _lastControlBits                      
[...]
0     00008d78  _GPIO_SetupXINT4Gpio                  
0     00008d82  _GPIO_SetupXINT5Gpio                  
0     00008d8c  _GPIO_EnableUnbondedIOPullupsFor176Pin
0     00008da5  _GPIO_EnableUnbondedIOPullupsFor100Pin
0     00008dca  _GPIO_EnableUnbondedIOPullups         
0     00008de0  _GPIO_ReadPin                         
0     00008df7  _GPIO_WritePin                        
0     00008e15  _hopSetup                             
0     00008ea2  _hop                                  
0     00008ee8  _sendTip                              
0     00008f13  _hopSlope                             
0     00008fbc  _hopRead                              
0     00008fd4  C$$EXIT                               
0     00008fd4  _abort                                
0     00008fd6  _exit                                 
0     00009000  _giantStep                            
0     0000902d  _translateSample                      
0     0000905a  _oneGiant                             
0     0000910a  _oneTranslate                         
0     000091ba  _rampRead                             
0     0000923c  _ramp                                 
0     000092a0  _rampDir                              
0     000092b6  _rampLoop                             
0     0000932f  _rampDone                             
0     0000934c  _rampDiagSetup                        
0     000093dd  _rampDiag                             
0     000094cd  _scanSetup                            
0     00009531  _scanLine                             
0     00009625  _trackSetup                           
0     00009680  _track                                
0     0000972d  _moveReadComp                         
0     0000977c  FD$$MPY                               
0     00009800  _readSeqSetup                         
0     00009862  _readSeq                              
0     00009947  _specSetup                            
0     000099ae  _spec                                 
0     00009a8d  _analogIn                             
0     00009b59  _dspInput                             
0     00009b87  _outputControlBits                    
0     00009bae  _highRes                              
0     00009bbe  _highResOutput                        
0     00009c30  _higherRes                            
0     00009c46  _higherResOutput                      
0     00009c82  _output20BitControlBits               
0     00009ca3  _higherResSerialOut                   
0     00009cb9  _analogOut                            
0     00009ccd  _dspOutput                            
0     00009d80  _tipSetup                             
0     00009de5  _tipApproach                          
0     00009e42  _pinInit                              
0     00009ebf  _outputPinInit                        
0     00009ed2  _inputPinInit                         
0     00009ee1  FD$$ADD                               
0     00009f7d  _babyStep                             
0     0000a000  _autoPlus                             
0     0000a033  _autoMinus                            
0     0000a066  _autoSub                              
0     0000a09a  ___TI_writemsg                        
0     0000a0ed  C$$IO$$                               
0     0000a0f2  ___TI_readmsg                         
0     0000a12f  FD$$DIV                               
0     0000a1ba  FS$$DIV                               
0     0000a242  _serialOut_char                       
0     0000a24e  _serialOut_two                        
0     0000a25e  _serialOut_word                       
0     0000a278  _serialOut_xdso                       
0     0000a2a7  _serialOut_array                      
0     0000a2b9  _c_int00                              
0     0000a30f  _parabola                             
0     0000a35e  _squareWave                           
0     0000a39a  _HOSTclock                            
0     0000a3d0  _absin                                
0     0000a3dd  _clearInFifo                          
0     0000a3f7  _nullDelay                            
0     0000a3f8  _InitPieCtrl                          
0     0000a417  _EnableInterrupts                     
0     0000a420  _InitPieVectTable                     
0     0000a446  _copy_in                              
0     0000a46a  FD$$TOL                               
0     0000a489  _memcpy                               
0     0000a4a6  _debugSet                             
0     0000a4c2  __args_main                           
0     0000a4db  _version                              
0     0000a4f3  LL$$AND                               
0     0000a4fb  LL$$OR                                
0     0000a503  LL$$XOR                               
0     0000a50b  U$$TOFD                               
0     0000a522  UL$$TOFD                              
0     0000a538  __register_unlock                     
0     0000a53c  __register_lock                       
0     0000a540  __nop                                 
0     0000a541  _serialIn                             
0     0000a549  _memset                               
0     0000b000  _TIMER1_ISR                           
0     0000b00a  _TIMER2_ISR                           
0     0000b014  _DATALOG_ISR                          
0     0000b01e  _RTOS_ISR                             
0     0000b028  _EMU_ISR                              
0     0000b032  _NMI_ISR                              
0     0000b03c  _ILLEGAL_ISR                          
0     0000b046  _USER1_ISR                            
0     0000b050  _USER2_ISR                            
0     0000b05a  _USER3_ISR                            
0     0000b064  _USER4_ISR                            
0     0000b06e  _USER5_ISR                            
0     0000b078  _USER6_ISR                            
0     0000b082  _USER7_ISR                            
0     0000b08c  _USER8_ISR                            
0     0000b096  _USER9_ISR                            
0     0000b0a0  _USER10_ISR                           
0     0000b0aa  _USER11_ISR                           
0     0000b0b4  _USER12_ISR                           
0     0000b0be  _ADCA1_ISR                            
0     0000b0c8  _ADCB1_ISR                            
0     0000b0d2  _ADCC1_ISR                            
0     0000b0dc  _XINT1_ISR                            
0     0000b0e6  _XINT2_ISR                            
0     0000b0f0  _ADCD1_ISR                            
0     0000b0fa  _TIMER0_ISR                           
0     0000b104  _WAKE_ISR                             
0     0000b10e  _EPWM1_TZ_ISR                         
0     0000b118  _EPWM2_TZ_ISR                         
0     0000b122  _EPWM3_TZ_ISR                         
0     0000b12c  _EPWM4_TZ_ISR                         
0     0000b136  _EPWM5_TZ_ISR                         
0     0000b140  _EPWM6_TZ_ISR                         
0     0000b14a  _EPWM7_TZ_ISR                         
0     0000b154  _EPWM8_TZ_ISR                         
0     0000b15e  _EPWM1_ISR                            
0     0000b168  _EPWM2_ISR                            
0     0000b172  _EPWM3_ISR                            
0     0000b17c  _EPWM4_ISR                            
0     0000b186  _EPWM5_ISR                            
0     0000b190  _EPWM6_ISR                            
0     0000b19a  _EPWM7_ISR                            
0     0000b1a4  _EPWM8_ISR                            
0     0000b1ae  _ECAP1_ISR                            
0     0000b1b8  _ECAP2_ISR                            
0     0000b1c2  _ECAP3_ISR                            
0     0000b1cc  _ECAP4_ISR                            
0     0000b1d6  _ECAP5_ISR                            
0     0000b1e0  _ECAP6_ISR                            
0     0000b1ea  _EQEP1_ISR                            
0     0000b1f4  _EQEP2_ISR                            
0     0000b1fe  _EQEP3_ISR                            
0     0000b208  _SPIA_RX_ISR                          
0     0000b212  _SPIA_TX_ISR                          
0     0000b21c  _SPIB_RX_ISR                          
0     0000b226  _SPIB_TX_ISR                          
0     0000b230  _MCBSPA_RX_ISR                        
0     0000b23a  _MCBSPA_TX_ISR                        
0     0000b244  _MCBSPB_RX_ISR                        
0     0000b24e  _MCBSPB_TX_ISR                        
0     0000b258  _DMA_CH1_ISR                          
0     0000b262  _DMA_CH2_ISR                          
0     0000b26c  _DMA_CH3_ISR                          
0     0000b276  _DMA_CH4_ISR                          
0     0000b280  _DMA_CH5_ISR                          
0     0000b28a  _DMA_CH6_ISR                          
0     0000b294  _I2CA_ISR                             
0     0000b29e  _I2CA_FIFO_ISR                        
0     0000b2a8  _I2CB_ISR                             
0     0000b2b2  _I2CB_FIFO_ISR                        
0     0000b2bc  _SCIC_RX_ISR                          
0     0000b2c6  _SCIC_TX_ISR                          
0     0000b2d0  _SCID_RX_ISR                          
0     0000b2da  _SCID_TX_ISR                          
0     0000b2e4  _SCIA_RX_ISR                          
0     0000b2ee  _SCIA_TX_ISR                          
0     0000b2f8  _SCIB_RX_ISR                          
0     0000b302  _SCIB_TX_ISR                          
0     0000b30c  _CANA0_ISR                            
0     0000b316  _CANA1_ISR                            
0     0000b320  _CANB0_ISR                            
0     0000b32a  _CANB1_ISR                            
0     0000b334  _ADCA_EVT_ISR                         
0     0000b33e  _ADCA2_ISR                            
0     0000b348  _ADCA3_ISR                            
0     0000b352  _ADCA4_ISR                            
0     0000b35c  _ADCB_EVT_ISR                         
0     0000b366  _ADCB2_ISR                            
0     0000b370  _ADCB3_ISR                            
0     0000b37a  _ADCB4_ISR                            
0     0000b384  _CLA1_1_ISR                           
0     0000b38e  _CLA1_2_ISR                           
0     0000b398  _CLA1_3_ISR                           
0     0000b3a2  _CLA1_4_ISR                           
0     0000b3ac  _CLA1_5_ISR                           
0     0000b3b6  _CLA1_6_ISR                           
0     0000b3c0  _CLA1_7_ISR                           
0     0000b3ca  _CLA1_8_ISR                           
0     0000b3d4  _XINT3_ISR                            
0     0000b3de  _XINT4_ISR                            
0     0000b3e8  _XINT5_ISR                            
0     0000b3f2  _VCU_ISR                              
0     0000b3fc  _FPU_OVERFLOW_ISR                     
0     0000b406  _FPU_UNDERFLOW_ISR                    
0     0000b410  _IPC0_ISR                             
0     0000b41a  _IPC1_ISR                             
0     0000b424  _IPC2_ISR                             
0     0000b42e  _IPC3_ISR                             
0     0000b438  _EPWM9_TZ_ISR                         
0     0000b442  _EPWM10_TZ_ISR                        
0     0000b44c  _EPWM11_TZ_ISR                        
0     0000b456  _EPWM12_TZ_ISR                        
0     0000b460  _EPWM9_ISR                            
0     0000b46a  _EPWM10_ISR                           
0     0000b474  _EPWM11_ISR                           
0     0000b47e  _EPWM12_ISR                           
0     0000b488  _SD1_ISR                              
0     0000b492  _SD2_ISR                              
0     0000b49c  _SPIC_RX_ISR                          
0     0000b4a6  _SPIC_TX_ISR                          
0     0000b4b0  _UPPA_ISR                             
0     0000b4ba  _USBA_ISR                             
0     0000b4c4  _ADCC_EVT_ISR                         
0     0000b4ce  _ADCC2_ISR                            
0     0000b4d8  _ADCC3_ISR                            
0     0000b4e2  _ADCC4_ISR                            
0     0000b4ec  _ADCD_EVT_ISR                         
0     0000b4f6  _ADCD2_ISR                            
0     0000b500  _ADCD3_ISR                            
0     0000b50a  _ADCD4_ISR                            
0     0000b514  _EMIF_ERROR_ISR                       
0     0000b51e  _RAM_CORRECTABLE_ERROR_ISR            
0     0000b528  _FLASH_CORRECTABLE_ERROR_ISR          
0     0000b532  _RAM_ACCESS_VIOLATION_ISR             
0     0000b53c  _SYS_PLL_SLIP_ISR                     
0     0000b546  _AUX_PLL_SLIP_ISR                     
0     0000b550  _CLA_OVERFLOW_ISR                     
0     0000b55a  _CLA_UNDERFLOW_ISR                    
0     0000b564  _PIE_RESERVED_ISR                     
0     0000b56e  _EMPTY_ISR                            
0     0000b57b  _NOTUSED_ISR                          
0     0000b585  _malloc                               
0     0000b5b0  _free                                 
0     0000b677  _realloc                              
0     0000b6ef  _minit                                
0     0000b6f3  _calloc                               
0     0000b71a  _aligned_alloc                        
0     0000b71a  _memalign                             
0     0000b7af  ___TI_heap_total_available            
0     0000b7cc  ___TI_heap_largest_available          
0     0000b7e9  ___TI_heap_check                      
0     0000b7eb  _debugGet                             
0     0000b7fb  _clock                                
0     0000b7fe  __system_pre_init                     
1     00000400  __stack                               
1     00000500  __CIOBUF_                             
1     00000500  __STACK_END                           
1     00000b00  _AdcaResultRegs                       
1     00000b20  _AdcbResultRegs                       
1     00000b40  _AdccResultRegs                       
1     00000b60  _AdcdResultRegs                       
1     00000c00  _CpuTimer0Regs                        
1     00000c08  _CpuTimer1Regs                        
1     00000c10  _CpuTimer2Regs                        
1     00000ce0  _PieCtrlRegs                          
1     00000d00  _EmuBMode                             
1     00000d00  _PieVectTable                         
1     00000d01  _EmuBootPins                          
1     00001000  _DmaRegs                              
1     00001400  _Cla1Regs                             
1     00004000  _EPwm1Regs                            
1     00004100  _EPwm2Regs                            
1     00004200  _EPwm3Regs                            
1     00004300  _EPwm4Regs                            
1     00004400  _EPwm5Regs                            
1     00004500  _EPwm6Regs                            
1     00004600  _EPwm7Regs                            
1     00004700  _EPwm8Regs                            
1     00004800  _EPwm9Regs                            
1     00004900  _EPwm10Regs                           
1     00004a00  _EPwm11Regs                           
1     00004b00  _EPwm12Regs                           
1     00005000  _ECap1Regs                            
1     00005020  _ECap2Regs                            
1     00005040  _ECap3Regs                            
1     00005060  _ECap4Regs                            
1     00005080  _ECap5Regs                            
1     000050a0  _ECap6Regs                            
1     00005100  _EQep1Regs                            
1     00005140  _EQep2Regs                            
1     00005180  _EQep3Regs                            
1     00005c00  _DacaRegs                             
1     00005c10  _DacbRegs                             
1     00005c20  _DaccRegs                             
1     00005c80  _Cmpss1Regs                           
1     00005ca0  _Cmpss2Regs                           
1     00005cc0  _Cmpss3Regs                           
1     00005ce0  _Cmpss4Regs                           
1     00005d00  _Cmpss5Regs                           
1     00005d20  _Cmpss6Regs                           
1     00005d40  _Cmpss7Regs                           
1     00005d60  _Cmpss8Regs                           
1     00005e00  _Sdfm1Regs                            
1     00005e80  _Sdfm2Regs                            
1     00006000  _McbspaRegs                           
1     00006040  _McbspbRegs                           
1     00006100  _SpiaRegs                             
1     00006110  _SpibRegs                             
1     00006120  _SpicRegs                             
1     00006200  _UppRegs                              
1     00007000  _WdRegs                               
1     00007060  _NmiIntruptRegs                       
1     00007070  _XintRegs                             
1     00007200  _SciaRegs                             
1     00007210  _ScibRegs                             
1     00007220  _ScicRegs                             
1     00007230  _ScidRegs                             
1     00007300  _I2caRegs                             
1     00007340  _I2cbRegs                             
1     00007400  _AdcaRegs                             
1     00007480  _AdcbRegs                             
1     00007500  _AdccRegs                             
1     00007580  _AdcdRegs                             
1     00007900  _InputXbarRegs                        
1     00007920  _XbarRegs                             
1     00007940  _SyncSocRegs                          
1     00007980  _DmaClaSrcSelRegs                     
1     00007a00  _EPwmXbarRegs                         
1     00007a80  _OutputXbarRegs                       
1     00007c00  _GpioCtrlRegs                         
1     00007f00  _GpioDataRegs                         
1     0000a800  __sys_memory                          
1     0000ac00  _PieVectTableInit                     
1     0000adf6  ___c28xabi_CLOCKS_PER_SEC             
1     00047000  _Emif1Regs                            
1     00047800  _Emif2Regs                            
1     00048000  _CanaRegs                             
1     0004a000  _CanbRegs                             
1     00050000  _IpcRegs                              
1     00050024  _FlashPumpSemaphoreRegs               
1     0005d000  _DevCfgRegs                           
1     0005d180  _AnalogSubsysRegs                     
1     0005d200  _ClkCfgRegs                           
1     0005d300  _CpuSysRegs                           
1     0005e608  _RomPrefetchRegs                      
1     0005f000  _DcsmZ1Regs                           
1     0005f040  _DcsmZ2Regs                           
1     0005f070  _DcsmCommonRegs                       
1     0005f400  _MemCfgRegs                           
1     0005f480  _Emif1ConfigRegs                      
1     0005f4a0  _Emif2ConfigRegs                      
1     0005f4c0  _AccessProtectionRegs                 
1     0005f500  _MemoryErrorRegs                      
1     0005f540  _RomWaitStateRegs                     
1     0005f800  _Flash0CtrlRegs                       
1     0005fb00  _Flash0EccRegs                        
abs   00000100  __STACK_SIZE                          
abs   00000400  __SYSMEM_SIZE                         
abs   ffffffff  .text                                 
abs   ffffffff  ___TI_pprof_out_hndl                  
abs   ffffffff  ___TI_prof_data_size                  
abs   ffffffff  ___TI_prof_data_start                 
abs   ffffffff  ___binit__                            
abs   ffffffff  ___c_args__                           
abs   ffffffff  ___etext__                            
abs   ffffffff  ___pinit__                            
abs   ffffffff  ___text__                             
abs   ffffffff  binit                                 
abs   ffffffff  etext                                 
abs   ffffffff  pinit                                 

[497 symbols]
